Archive member included because of file (symbol)

c:/winavr-20100110/bin/../lib/gcc/avr/4.3.3/avr5\libgcc.a(_udivmodsi4.o)
                              ./HAL/Us.o (__udivmodsi4)
c:/winavr-20100110/bin/../lib/gcc/avr/4.3.3/avr5\libgcc.a(_exit.o)
                              c:/winavr-20100110/bin/../lib/gcc/avr/4.3.3/../../../../avr/lib/avr5/crtm16.o (exit)
c:/winavr-20100110/bin/../lib/gcc/avr/4.3.3/avr5\libgcc.a(_clear_bss.o)
                              ./MCAL/PWM.o (__do_clear_bss)

Allocating common symbols
Common symbol       size              file

g16_timePeriodPlusHigh
                    0x2               ./HAL/ICU.o
g16_timeHigh        0x2               ./HAL/ICU.o
g8_edgeCount        0x1               ./HAL/ICU.o
g8_SwICU_value      0x1               ./HAL/ICU.o
g8_TCNT0_value_Swpwm_ISR
                    0x1               ./MCAL/PWM.o
g8_state            0x1               ./MCAL/external_interrupts.o
g16_timePeriod      0x2               ./HAL/ICU.o

Memory Configuration

Name             Origin             Length             Attributes
text             0x00000000         0x00020000         xr
data             0x00800060         0x0000ffa0         rw !x
eeprom           0x00810000         0x00010000         rw !x
fuse             0x00820000         0x00000400         rw !x
lock             0x00830000         0x00000400         rw !x
signature        0x00840000         0x00000400         rw !x
*default*        0x00000000         0xffffffff

Linker script and memory map

LOAD c:/winavr-20100110/bin/../lib/gcc/avr/4.3.3/../../../../avr/lib/avr5/crtm16.o
LOAD ./MCAL/DIO.o
LOAD ./MCAL/PWM.o
LOAD ./MCAL/Timer.o
LOAD ./MCAL/external_interrupts.o
LOAD ./HAL/ICU.o
LOAD ./HAL/Us.o
LOAD ./HAL/motor.o
LOAD ./APP/Steering.o
LOAD ./APP/car_sm.o
LOAD ./main.o
LOAD ./softwareDelay.o
LOAD c:/winavr-20100110/bin/../lib/gcc/avr/4.3.3/avr5\libgcc.a
LOAD c:/winavr-20100110/bin/../lib/gcc/avr/4.3.3/../../../../avr/lib/avr5\libc.a
LOAD c:/winavr-20100110/bin/../lib/gcc/avr/4.3.3/avr5\libgcc.a

.hash
 *(.hash)

.dynsym
 *(.dynsym)

.dynstr
 *(.dynstr)

.gnu.version
 *(.gnu.version)

.gnu.version_d
 *(.gnu.version_d)

.gnu.version_r
 *(.gnu.version_r)

.rel.init
 *(.rel.init)

.rela.init
 *(.rela.init)

.rel.text
 *(.rel.text)
 *(.rel.text.*)
 *(.rel.gnu.linkonce.t*)

.rela.text
 *(.rela.text)
 *(.rela.text.*)
 *(.rela.gnu.linkonce.t*)

.rel.fini
 *(.rel.fini)

.rela.fini
 *(.rela.fini)

.rel.rodata
 *(.rel.rodata)
 *(.rel.rodata.*)
 *(.rel.gnu.linkonce.r*)

.rela.rodata
 *(.rela.rodata)
 *(.rela.rodata.*)
 *(.rela.gnu.linkonce.r*)

.rel.data
 *(.rel.data)
 *(.rel.data.*)
 *(.rel.gnu.linkonce.d*)

.rela.data
 *(.rela.data)
 *(.rela.data.*)
 *(.rela.gnu.linkonce.d*)

.rel.ctors
 *(.rel.ctors)

.rela.ctors
 *(.rela.ctors)

.rel.dtors
 *(.rel.dtors)

.rela.dtors
 *(.rela.dtors)

.rel.got
 *(.rel.got)

.rela.got
 *(.rela.got)

.rel.bss
 *(.rel.bss)

.rela.bss
 *(.rela.bss)

.rel.plt
 *(.rel.plt)

.rela.plt
 *(.rela.plt)

.text           0x00000000     0x2928
 *(.vectors)
 .vectors       0x00000000       0x54 c:/winavr-20100110/bin/../lib/gcc/avr/4.3.3/../../../../avr/lib/avr5/crtm16.o
                0x00000000                __vectors
                0x00000000                __vector_default
 *(.vectors)
 *(.progmem.gcc*)
 *(.progmem*)
                0x00000054                . = ALIGN (0x2)
                0x00000054                __trampolines_start = .
 *(.trampolines)
 .trampolines   0x00000054        0x0 linker stubs
 *(.trampolines*)
                0x00000054                __trampolines_end = .
 *(.jumptables)
 *(.jumptables*)
 *(.lowtext)
 *(.lowtext*)
                0x00000054                __ctors_start = .
 *(.ctors)
                0x00000054                __ctors_end = .
                0x00000054                __dtors_start = .
 *(.dtors)
                0x00000054                __dtors_end = .
 SORT(*)(.ctors)
 SORT(*)(.dtors)
 *(.init0)
 .init0         0x00000054        0x0 c:/winavr-20100110/bin/../lib/gcc/avr/4.3.3/../../../../avr/lib/avr5/crtm16.o
                0x00000054                __init
 *(.init0)
 *(.init1)
 *(.init1)
 *(.init2)
 .init2         0x00000054        0xc c:/winavr-20100110/bin/../lib/gcc/avr/4.3.3/../../../../avr/lib/avr5/crtm16.o
 *(.init2)
 *(.init3)
 *(.init3)
 *(.init4)
 .init4         0x00000060       0x10 c:/winavr-20100110/bin/../lib/gcc/avr/4.3.3/avr5\libgcc.a(_clear_bss.o)
                0x00000060                __do_clear_bss
 *(.init4)
 *(.init5)
 *(.init5)
 *(.init6)
 *(.init6)
 *(.init7)
 *(.init7)
 *(.init8)
 *(.init8)
 *(.init9)
 .init9         0x00000070        0x8 c:/winavr-20100110/bin/../lib/gcc/avr/4.3.3/../../../../avr/lib/avr5/crtm16.o
 *(.init9)
 *(.text)
 .text          0x00000078        0x4 c:/winavr-20100110/bin/../lib/gcc/avr/4.3.3/../../../../avr/lib/avr5/crtm16.o
                0x00000078                __vector_1
                0x00000078                __vector_12
                0x00000078                __bad_interrupt
                0x00000078                __vector_6
                0x00000078                __vector_11
                0x00000078                __vector_13
                0x00000078                __vector_17
                0x00000078                __vector_19
                0x00000078                __vector_7
                0x00000078                __vector_5
                0x00000078                __vector_4
                0x00000078                __vector_9
                0x00000078                __vector_2
                0x00000078                __vector_15
                0x00000078                __vector_8
                0x00000078                __vector_14
                0x00000078                __vector_10
                0x00000078                __vector_16
                0x00000078                __vector_18
                0x00000078                __vector_20
 .text          0x0000007c        0x0 ./MCAL/DIO.o
 .text          0x0000007c        0x0 ./MCAL/PWM.o
 .text          0x0000007c        0x0 ./MCAL/Timer.o
 .text          0x0000007c        0x0 ./MCAL/external_interrupts.o
 .text          0x0000007c        0x0 ./HAL/ICU.o
 .text          0x0000007c        0x0 ./HAL/Us.o
 .text          0x0000007c        0x0 ./HAL/motor.o
 .text          0x0000007c        0x0 ./APP/Steering.o
 .text          0x0000007c        0x0 ./APP/car_sm.o
 .text          0x0000007c        0x0 ./main.o
 .text          0x0000007c        0x0 ./softwareDelay.o
 .text          0x0000007c        0x0 c:/winavr-20100110/bin/../lib/gcc/avr/4.3.3/avr5\libgcc.a(_udivmodsi4.o)
 .text          0x0000007c        0x0 c:/winavr-20100110/bin/../lib/gcc/avr/4.3.3/avr5\libgcc.a(_exit.o)
 .text          0x0000007c        0x0 c:/winavr-20100110/bin/../lib/gcc/avr/4.3.3/avr5\libgcc.a(_clear_bss.o)
                0x0000007c                . = ALIGN (0x2)
 *(.text.*)
 .text.DIO_init
                0x0000007c      0x16c ./MCAL/DIO.o
                0x0000007c                DIO_init
 .text.DIO_Write
                0x000001e8      0x11c ./MCAL/DIO.o
                0x000001e8                DIO_Write
 .text.DIO_Read
                0x00000304       0xd4 ./MCAL/DIO.o
                0x00000304                DIO_Read
 .text.DIO_Toggle
                0x000003d8       0xb6 ./MCAL/DIO.o
                0x000003d8                DIO_Toggle
 .text.Pwm_Init
                0x0000048e      0x20e ./MCAL/PWM.o
                0x0000048e                Pwm_Init
 .text.Pwm_Start
                0x0000069c      0x632 ./MCAL/PWM.o
                0x0000069c                Pwm_Start
 .text.Pwm_Update
                0x00000cce      0x506 ./MCAL/PWM.o
                0x00000cce                Pwm_Update
 .text.Pwm_Stop
                0x000011d4       0x94 ./MCAL/PWM.o
                0x000011d4                Pwm_Stop
 .text.Timer_Init
                0x00001268       0xfe ./MCAL/Timer.o
                0x00001268                Timer_Init
 .text.Timer_Start
                0x00001366      0x110 ./MCAL/Timer.o
                0x00001366                Timer_Start
 .text.Timer_Stop
                0x00001476       0x68 ./MCAL/Timer.o
                0x00001476                Timer_Stop
 .text.Timer_GetStatus
                0x000014de       0xc4 ./MCAL/Timer.o
                0x000014de                Timer_GetStatus
 .text.Timer_GetValue
                0x000015a2       0x92 ./MCAL/Timer.o
                0x000015a2                Timer_GetValue
 .text.Timer_Clear
                0x00001634       0x68 ./MCAL/Timer.o
                0x00001634                Timer_Clear
 .text.Timer_DeInit
                0x0000169c       0xa6 ./MCAL/Timer.o
                0x0000169c                Timer_DeInit
 .text.INT0_Init
                0x00001742       0xf4 ./MCAL/external_interrupts.o
                0x00001742                INT0_Init
 .text.INT0_DeInit
                0x00001836       0x32 ./MCAL/external_interrupts.o
                0x00001836                INT0_DeInit
 .text.INT1_Init
                0x00001868       0xf4 ./MCAL/external_interrupts.o
                0x00001868                INT1_Init
 .text.INT1_DeInit
                0x0000195c       0x32 ./MCAL/external_interrupts.o
                0x0000195c                INT1_DeInit
 .text.INT2_Init
                0x0000198e       0xe4 ./MCAL/external_interrupts.o
                0x0000198e                INT2_Init
 .text.INT2_DeInit
                0x00001a72       0x32 ./MCAL/external_interrupts.o
                0x00001a72                INT2_DeInit
 .text.INT2_SetEdge
                0x00001aa4       0x90 ./MCAL/external_interrupts.o
                0x00001aa4                INT2_SetEdge
 .text.__vector_3
                0x00001b34       0x66 ./MCAL/external_interrupts.o
                0x00001b34                __vector_3
 .text.Icu_Init
                0x00001b9a      0x158 ./HAL/ICU.o
                0x00001b9a                Icu_Init
 .text.Icu_ReadTime
                0x00001cf2      0x242 ./HAL/ICU.o
                0x00001cf2                Icu_ReadTime
 .text.Icu_setCallBack
                0x00001f34       0x48 ./HAL/ICU.o
                0x00001f34                Icu_setCallBack
 .text.Rising_EdgeFunc
                0x00001f7c      0x108 ./HAL/ICU.o
                0x00001f7c                Rising_EdgeFunc
 .text.Us_Init  0x00002084       0x5c ./HAL/Us.o
                0x00002084                Us_Init
 .text.Us_Trigger
                0x000020e0       0x42 ./HAL/Us.o
                0x000020e0                Us_Trigger
 .text.Us_GetDistance
                0x00002122       0x62 ./HAL/Us.o
                0x00002122                Us_GetDistance
 .text.Motor_Init
                0x00002184       0xaa ./HAL/motor.o
                0x00002184                Motor_Init
 .text.Motor_Direction
                0x0000222e      0x17e ./HAL/motor.o
                0x0000222e                Motor_Direction
 .text.Motor_Start
                0x000023ac       0xa4 ./HAL/motor.o
                0x000023ac                Motor_Start
 .text.Motor_SpeedUpdate
                0x00002450       0xa4 ./HAL/motor.o
                0x00002450                Motor_SpeedUpdate
 .text.Motor_Stop
                0x000024f4       0x7e ./HAL/motor.o
                0x000024f4                Motor_Stop
 .text.Motor_GetStatus
                0x00002572       0x54 ./HAL/motor.o
                0x00002572                Motor_GetStatus
 .text.Steering_Init
                0x000025c6       0x38 ./APP/Steering.o
                0x000025c6                Steering_Init
 .text.Steering_SteerCar
                0x000025fe       0xf0 ./APP/Steering.o
                0x000025fe                Steering_SteerCar
 .text.Car_SM_Init
                0x000026ee       0x4a ./APP/car_sm.o
                0x000026ee                Car_SM_Init
 .text.Car_SM_Update
                0x00002738       0xf6 ./APP/car_sm.o
                0x00002738                Car_SM_Update
 .text.main     0x0000282e       0x12 ./main.o
                0x0000282e                main
 .text.softwareDelayMs
                0x00002840       0xa0 ./softwareDelay.o
                0x00002840                softwareDelayMs
 .text.libgcc   0x000028e0       0x44 c:/winavr-20100110/bin/../lib/gcc/avr/4.3.3/avr5\libgcc.a(_udivmodsi4.o)
                0x000028e0                __udivmodsi4
 .text.libgcc   0x00002924        0x0 c:/winavr-20100110/bin/../lib/gcc/avr/4.3.3/avr5\libgcc.a(_exit.o)
 .text.libgcc   0x00002924        0x0 c:/winavr-20100110/bin/../lib/gcc/avr/4.3.3/avr5\libgcc.a(_clear_bss.o)
                0x00002924                . = ALIGN (0x2)
 *(.fini9)
 .fini9         0x00002924        0x0 c:/winavr-20100110/bin/../lib/gcc/avr/4.3.3/avr5\libgcc.a(_exit.o)
                0x00002924                exit
                0x00002924                _exit
 *(.fini9)
 *(.fini8)
 *(.fini8)
 *(.fini7)
 *(.fini7)
 *(.fini6)
 *(.fini6)
 *(.fini5)
 *(.fini5)
 *(.fini4)
 *(.fini4)
 *(.fini3)
 *(.fini3)
 *(.fini2)
 *(.fini2)
 *(.fini1)
 *(.fini1)
 *(.fini0)
 .fini0         0x00002924        0x4 c:/winavr-20100110/bin/../lib/gcc/avr/4.3.3/avr5\libgcc.a(_exit.o)
 *(.fini0)
                0x00002928                _etext = .

.data           0x00800060        0x0 load address 0x00002928
                0x00800060                PROVIDE (__data_start, .)
 *(.data)
 .data          0x00800060        0x0 c:/winavr-20100110/bin/../lib/gcc/avr/4.3.3/../../../../avr/lib/avr5/crtm16.o
 .data          0x00800060        0x0 ./MCAL/DIO.o
 .data          0x00800060        0x0 ./MCAL/PWM.o
 .data          0x00800060        0x0 ./MCAL/Timer.o
 .data          0x00800060        0x0 ./MCAL/external_interrupts.o
 .data          0x00800060        0x0 ./HAL/ICU.o
 .data          0x00800060        0x0 ./HAL/Us.o
 .data          0x00800060        0x0 ./HAL/motor.o
 .data          0x00800060        0x0 ./APP/Steering.o
 .data          0x00800060        0x0 ./APP/car_sm.o
 .data          0x00800060        0x0 ./main.o
 .data          0x00800060        0x0 ./softwareDelay.o
 .data          0x00800060        0x0 c:/winavr-20100110/bin/../lib/gcc/avr/4.3.3/avr5\libgcc.a(_udivmodsi4.o)
 .data          0x00800060        0x0 c:/winavr-20100110/bin/../lib/gcc/avr/4.3.3/avr5\libgcc.a(_exit.o)
 .data          0x00800060        0x0 c:/winavr-20100110/bin/../lib/gcc/avr/4.3.3/avr5\libgcc.a(_clear_bss.o)
 *(.data*)
 *(.rodata)
 *(.rodata*)
 *(.gnu.linkonce.d*)
                0x00800060                . = ALIGN (0x2)
                0x00800060                _edata = .
                0x00800060                PROVIDE (__data_end, .)

.bss            0x00800060       0x1a
                0x00800060                PROVIDE (__bss_start, .)
 *(.bss)
 .bss           0x00800060        0x0 c:/winavr-20100110/bin/../lib/gcc/avr/4.3.3/../../../../avr/lib/avr5/crtm16.o
 .bss           0x00800060        0x0 ./MCAL/DIO.o
 .bss           0x00800060        0x0 ./MCAL/PWM.o
 .bss           0x00800060        0x0 ./MCAL/Timer.o
 .bss           0x00800060        0x0 ./MCAL/external_interrupts.o
 .bss           0x00800060        0x0 ./HAL/ICU.o
 .bss           0x00800060        0x0 ./HAL/Us.o
 .bss           0x00800060        0x0 ./HAL/motor.o
 .bss           0x00800060        0x0 ./APP/Steering.o
 .bss           0x00800060        0x0 ./APP/car_sm.o
 .bss           0x00800060        0x0 ./main.o
 .bss           0x00800060        0x0 ./softwareDelay.o
 .bss           0x00800060        0x0 c:/winavr-20100110/bin/../lib/gcc/avr/4.3.3/avr5\libgcc.a(_udivmodsi4.o)
 .bss           0x00800060        0x0 c:/winavr-20100110/bin/../lib/gcc/avr/4.3.3/avr5\libgcc.a(_exit.o)
 .bss           0x00800060        0x0 c:/winavr-20100110/bin/../lib/gcc/avr/4.3.3/avr5\libgcc.a(_clear_bss.o)
 *(.bss*)
 .bss.T0_PrescallerValue
                0x00800060        0x2 ./MCAL/PWM.o
 .bss.T1_PrescallerValue
                0x00800062        0x2 ./MCAL/PWM.o
 .bss.T2_PrescallerValue
                0x00800064        0x2 ./MCAL/PWM.o
 .bss.T0_PrescallerValue
                0x00800066        0x2 ./MCAL/Timer.o
 .bss.T1_PrescallerValue
                0x00800068        0x2 ./MCAL/Timer.o
 .bss.T2_PrescallerValue
                0x0080006a        0x2 ./MCAL/Timer.o
 .bss.g8_interrupt_zero_flag
                0x0080006c        0x1 ./MCAL/external_interrupts.o
                0x0080006c                g8_interrupt_zero_flag
 .bss.g8_echo_flag
                0x0080006d        0x1 ./MCAL/external_interrupts.o
                0x0080006d                g8_echo_flag
 .bss.g_callBackPtr
                0x0080006e        0x2 ./HAL/ICU.o
                0x0080006e                g_callBackPtr
 *(COMMON)
 COMMON         0x00800070        0x1 ./MCAL/PWM.o
                0x00800070                g8_TCNT0_value_Swpwm_ISR
 COMMON         0x00800071        0x1 ./MCAL/external_interrupts.o
                0x00800071                g8_state
 COMMON         0x00800072        0x8 ./HAL/ICU.o
                0x00800072                g16_timePeriodPlusHigh
                0x00800074                g16_timeHigh
                0x00800076                g8_edgeCount
                0x00800077                g8_SwICU_value
                0x00800078                g16_timePeriod
                0x0080007a                PROVIDE (__bss_end, .)
                0x00002928                __data_load_start = LOADADDR (.data)
                0x00002928                __data_load_end = (__data_load_start + SIZEOF (.data))

.noinit         0x0080007a        0x0
                0x0080007a                PROVIDE (__noinit_start, .)
 *(.noinit*)
                0x0080007a                PROVIDE (__noinit_end, .)
                0x0080007a                _end = .
                0x0080007a                PROVIDE (__heap_start, .)

.eeprom         0x00810000        0x0
 *(.eeprom*)
                0x00810000                __eeprom_end = .

.fuse
 *(.fuse)
 *(.lfuse)
 *(.hfuse)
 *(.efuse)

.lock
 *(.lock*)

.signature
 *(.signature*)

.stab           0x00000000     0x41d0
 *(.stab)
 .stab          0x00000000      0x648 ./MCAL/DIO.o
 .stab          0x00000648      0xdd4 ./MCAL/PWM.o
                                0xea0 (size before relaxing)
 .stab          0x0000141c      0x81c ./MCAL/Timer.o
                                0x8c4 (size before relaxing)
 .stab          0x00001c38      0x75c ./MCAL/external_interrupts.o
                                0x834 (size before relaxing)
 .stab          0x00002394      0x774 ./HAL/ICU.o
                                0x780 (size before relaxing)
 .stab          0x00002b08      0x39c ./HAL/Us.o
                                0x438 (size before relaxing)
 .stab          0x00002ea4      0x7bc ./HAL/motor.o
                                0x888 (size before relaxing)
 .stab          0x00003660      0x414 ./APP/Steering.o
                                0x420 (size before relaxing)
 .stab          0x00003a74      0x3b4 ./APP/car_sm.o
                                0x4c8 (size before relaxing)
 .stab          0x00003e28      0x18c ./main.o
                                0x324 (size before relaxing)
 .stab          0x00003fb4      0x21c ./softwareDelay.o
                                0x228 (size before relaxing)

.stabstr        0x00000000     0x17f8
 *(.stabstr)
 .stabstr       0x00000000     0x17f8 ./MCAL/DIO.o

.stab.excl
 *(.stab.excl)

.stab.exclstr
 *(.stab.exclstr)

.stab.index
 *(.stab.index)

.stab.indexstr
 *(.stab.indexstr)

.comment
 *(.comment)

.debug
 *(.debug)

.line
 *(.line)

.debug_srcinfo
 *(.debug_srcinfo)

.debug_sfnames
 *(.debug_sfnames)

.debug_aranges
 *(.debug_aranges)

.debug_pubnames
 *(.debug_pubnames)

.debug_info
 *(.debug_info)
 *(.gnu.linkonce.wi.*)

.debug_abbrev
 *(.debug_abbrev)

.debug_line
 *(.debug_line)

.debug_frame
 *(.debug_frame)

.debug_str
 *(.debug_str)

.debug_loc
 *(.debug_loc)

.debug_macinfo
 *(.debug_macinfo)
OUTPUT(Static_DesignChallenge.elf elf32-avr)
LOAD linker stubs
