Archive member included to satisfy reference by file (symbol)

c:/program files (x86)/atmel/studio/7.0/toolchain/avr8/avr8-gnu-toolchain/bin/../lib/gcc/avr/5.4.0/avr5\libgcc.a(_exit.o)
                              C:/Program Files (x86)/Atmel/Studio/7.0/Packs/atmel/ATmega_DFP/1.2.150/gcc/dev/atmega32/avr5/crtatmega32.o (exit)
c:/program files (x86)/atmel/studio/7.0/toolchain/avr8/avr8-gnu-toolchain/bin/../lib/gcc/avr/5.4.0/avr5\libgcc.a(_copy_data.o)
                              APP/User_Story2.o (__do_copy_data)
c:/program files (x86)/atmel/studio/7.0/toolchain/avr8/avr8-gnu-toolchain/bin/../lib/gcc/avr/5.4.0/avr5\libgcc.a(_clear_bss.o)
                              APP/User_Story2.o (__do_clear_bss)
c:/program files (x86)/atmel/studio/7.0/toolchain/avr8/avr8-gnu-toolchain/bin/../lib/gcc/avr/5.4.0/../../../../avr/lib/avr5\libc.a(memcpy.o)
                              FreeRtos/queue.o (memcpy)

Allocating common symbols
Common symbol       size              file

gu8_String_CompleteFlag
                    0x1               Hall/LCD.o
gu8_SendChar_CompleteFlag
                    0x1               Hall/LCD.o
gu8_LCDInit_CompleteFlag
                    0x1               Hall/LCD.o
gu8_SendCommand_CompleteFlag
                    0x1               Hall/LCD.o

Discarded input sections

 .data          0x00000000        0x0 C:/Program Files (x86)/Atmel/Studio/7.0/Packs/atmel/ATmega_DFP/1.2.150/gcc/dev/atmega32/avr5/crtatmega32.o
 .bss           0x00000000        0x0 C:/Program Files (x86)/Atmel/Studio/7.0/Packs/atmel/ATmega_DFP/1.2.150/gcc/dev/atmega32/avr5/crtatmega32.o
 .group         0x00000000        0x8 APP/User_Story2.o
 .group         0x00000000        0x8 APP/User_Story2.o
 .group         0x00000000        0x8 APP/User_Story2.o
 .group         0x00000000        0x8 APP/User_Story2.o
 .group         0x00000000        0x8 APP/User_Story2.o
 .group         0x00000000        0x8 APP/User_Story2.o
 .group         0x00000000        0x8 APP/User_Story2.o
 .group         0x00000000        0x8 APP/User_Story2.o
 .group         0x00000000        0x8 APP/User_Story2.o
 .group         0x00000000        0x8 APP/User_Story2.o
 .group         0x00000000        0x8 APP/User_Story2.o
 .group         0x00000000        0x8 APP/User_Story2.o
 .group         0x00000000        0x8 APP/User_Story2.o
 .group         0x00000000        0x8 APP/User_Story2.o
 .group         0x00000000        0x8 APP/User_Story2.o
 .group         0x00000000        0x8 APP/User_Story2.o
 .group         0x00000000        0x8 APP/User_Story2.o
 .group         0x00000000        0x8 APP/User_Story2.o
 .group         0x00000000        0x8 APP/User_Story2.o
 .group         0x00000000        0x8 APP/User_Story2.o
 .group         0x00000000        0x8 APP/User_Story2.o
 .group         0x00000000        0x8 APP/User_Story2.o
 .group         0x00000000        0x8 APP/User_Story2.o
 .group         0x00000000        0x8 APP/User_Story2.o
 .group         0x00000000        0x8 APP/User_Story2.o
 .group         0x00000000        0x8 APP/User_Story2.o
 .text          0x00000000        0x0 APP/User_Story2.o
 .data          0x00000000        0x0 APP/User_Story2.o
 .bss           0x00000000        0x0 APP/User_Story2.o
 .group         0x00000000        0x8 Common/softwaredelay.o
 .group         0x00000000        0x8 Common/softwaredelay.o
 .text          0x00000000        0x0 Common/softwaredelay.o
 .data          0x00000000        0x0 Common/softwaredelay.o
 .bss           0x00000000        0x0 Common/softwaredelay.o
 .text.softwareDelayMs
                0x00000000       0x34 Common/softwaredelay.o
 .debug_macro   0x00000000      0xa4e Common/softwaredelay.o
 .debug_macro   0x00000000       0x3a Common/softwaredelay.o
 .group         0x00000000        0x8 FreeRtos/croutine.o
 .group         0x00000000        0x8 FreeRtos/croutine.o
 .group         0x00000000        0x8 FreeRtos/croutine.o
 .group         0x00000000        0x8 FreeRtos/croutine.o
 .group         0x00000000        0x8 FreeRtos/croutine.o
 .group         0x00000000        0x8 FreeRtos/croutine.o
 .group         0x00000000        0x8 FreeRtos/croutine.o
 .group         0x00000000        0x8 FreeRtos/croutine.o
 .group         0x00000000        0x8 FreeRtos/croutine.o
 .group         0x00000000        0x8 FreeRtos/croutine.o
 .group         0x00000000        0x8 FreeRtos/croutine.o
 .group         0x00000000        0x8 FreeRtos/croutine.o
 .group         0x00000000        0x8 FreeRtos/croutine.o
 .group         0x00000000        0x8 FreeRtos/croutine.o
 .group         0x00000000        0x8 FreeRtos/croutine.o
 .group         0x00000000        0x8 FreeRtos/croutine.o
 .group         0x00000000        0x8 FreeRtos/croutine.o
 .group         0x00000000        0x8 FreeRtos/croutine.o
 .group         0x00000000        0x8 FreeRtos/croutine.o
 .group         0x00000000        0x8 FreeRtos/croutine.o
 .group         0x00000000        0x8 FreeRtos/croutine.o
 .text          0x00000000        0x0 FreeRtos/croutine.o
 .data          0x00000000        0x0 FreeRtos/croutine.o
 .bss           0x00000000        0x0 FreeRtos/croutine.o
 .debug_info    0x00000000       0x68 FreeRtos/croutine.o
 .debug_abbrev  0x00000000       0x29 FreeRtos/croutine.o
 .debug_aranges
                0x00000000       0x18 FreeRtos/croutine.o
 .debug_macro   0x00000000      0x107 FreeRtos/croutine.o
 .debug_macro   0x00000000      0xa4e FreeRtos/croutine.o
 .debug_macro   0x00000000      0x16d FreeRtos/croutine.o
 .debug_macro   0x00000000      0x1c9 FreeRtos/croutine.o
 .debug_macro   0x00000000       0x10 FreeRtos/croutine.o
 .debug_macro   0x00000000      0x302 FreeRtos/croutine.o
 .debug_macro   0x00000000       0x9e FreeRtos/croutine.o
 .debug_macro   0x00000000      0xc24 FreeRtos/croutine.o
 .debug_macro   0x00000000      0x170 FreeRtos/croutine.o
 .debug_macro   0x00000000       0xbd FreeRtos/croutine.o
 .debug_macro   0x00000000       0x34 FreeRtos/croutine.o
 .debug_macro   0x00000000       0x18 FreeRtos/croutine.o
 .debug_macro   0x00000000       0x6c FreeRtos/croutine.o
 .debug_macro   0x00000000       0x94 FreeRtos/croutine.o
 .debug_macro   0x00000000      0x15a FreeRtos/croutine.o
 .debug_macro   0x00000000       0x7c FreeRtos/croutine.o
 .debug_macro   0x00000000       0x10 FreeRtos/croutine.o
 .debug_macro   0x00000000       0x26 FreeRtos/croutine.o
 .debug_macro   0x00000000      0x543 FreeRtos/croutine.o
 .debug_macro   0x00000000       0xb5 FreeRtos/croutine.o
 .debug_macro   0x00000000       0xaa FreeRtos/croutine.o
 .debug_macro   0x00000000       0x43 FreeRtos/croutine.o
 .debug_line    0x00000000      0x2c6 FreeRtos/croutine.o
 .debug_str     0x00000000     0x9d8e FreeRtos/croutine.o
 .comment       0x00000000       0x31 FreeRtos/croutine.o
 .group         0x00000000        0x8 FreeRtos/event_groups.o
 .group         0x00000000        0x8 FreeRtos/event_groups.o
 .group         0x00000000        0x8 FreeRtos/event_groups.o
 .group         0x00000000        0x8 FreeRtos/event_groups.o
 .group         0x00000000        0x8 FreeRtos/event_groups.o
 .group         0x00000000        0x8 FreeRtos/event_groups.o
 .group         0x00000000        0x8 FreeRtos/event_groups.o
 .group         0x00000000        0x8 FreeRtos/event_groups.o
 .group         0x00000000        0x8 FreeRtos/event_groups.o
 .group         0x00000000        0x8 FreeRtos/event_groups.o
 .group         0x00000000        0x8 FreeRtos/event_groups.o
 .group         0x00000000        0x8 FreeRtos/event_groups.o
 .group         0x00000000        0x8 FreeRtos/event_groups.o
 .group         0x00000000        0x8 FreeRtos/event_groups.o
 .group         0x00000000        0x8 FreeRtos/event_groups.o
 .group         0x00000000        0x8 FreeRtos/event_groups.o
 .group         0x00000000        0x8 FreeRtos/event_groups.o
 .group         0x00000000        0x8 FreeRtos/event_groups.o
 .group         0x00000000        0x8 FreeRtos/event_groups.o
 .group         0x00000000        0x8 FreeRtos/event_groups.o
 .group         0x00000000        0x8 FreeRtos/event_groups.o
 .group         0x00000000        0x8 FreeRtos/event_groups.o
 .group         0x00000000        0x8 FreeRtos/event_groups.o
 .group         0x00000000        0x8 FreeRtos/event_groups.o
 .group         0x00000000        0x8 FreeRtos/event_groups.o
 .text          0x00000000        0x0 FreeRtos/event_groups.o
 .data          0x00000000        0x0 FreeRtos/event_groups.o
 .bss           0x00000000        0x0 FreeRtos/event_groups.o
 .text.xEventGroupCreate
                0x00000000       0x26 FreeRtos/event_groups.o
 .text.xEventGroupWaitBits
                0x00000000      0x110 FreeRtos/event_groups.o
 .text.xEventGroupClearBits
                0x00000000       0x1e FreeRtos/event_groups.o
 .text.xEventGroupGetBitsFromISR
                0x00000000        0x8 FreeRtos/event_groups.o
 .text.xEventGroupSetBits
                0x00000000       0xdc FreeRtos/event_groups.o
 .text.xEventGroupSync
                0x00000000       0xd2 FreeRtos/event_groups.o
 .text.vEventGroupDelete
                0x00000000       0x32 FreeRtos/event_groups.o
 .text.vEventGroupSetBitsCallback
                0x00000000        0x8 FreeRtos/event_groups.o
 .text.vEventGroupClearBitsCallback
                0x00000000        0x8 FreeRtos/event_groups.o
 .debug_info    0x00000000      0x90f FreeRtos/event_groups.o
 .debug_abbrev  0x00000000      0x20f FreeRtos/event_groups.o
 .debug_loc     0x00000000      0xb78 FreeRtos/event_groups.o
 .debug_aranges
                0x00000000       0x60 FreeRtos/event_groups.o
 .debug_ranges  0x00000000       0x68 FreeRtos/event_groups.o
 .debug_macro   0x00000000      0x141 FreeRtos/event_groups.o
 .debug_macro   0x00000000      0xa4e FreeRtos/event_groups.o
 .debug_macro   0x00000000       0x1c FreeRtos/event_groups.o
 .debug_macro   0x00000000      0x10e FreeRtos/event_groups.o
 .debug_macro   0x00000000       0x66 FreeRtos/event_groups.o
 .debug_macro   0x00000000       0x86 FreeRtos/event_groups.o
 .debug_macro   0x00000000      0x1c9 FreeRtos/event_groups.o
 .debug_macro   0x00000000       0x10 FreeRtos/event_groups.o
 .debug_macro   0x00000000      0x302 FreeRtos/event_groups.o
 .debug_macro   0x00000000       0x9e FreeRtos/event_groups.o
 .debug_macro   0x00000000      0xc24 FreeRtos/event_groups.o
 .debug_macro   0x00000000      0x170 FreeRtos/event_groups.o
 .debug_macro   0x00000000       0xbd FreeRtos/event_groups.o
 .debug_macro   0x00000000       0x34 FreeRtos/event_groups.o
 .debug_macro   0x00000000       0x18 FreeRtos/event_groups.o
 .debug_macro   0x00000000       0x6c FreeRtos/event_groups.o
 .debug_macro   0x00000000       0x94 FreeRtos/event_groups.o
 .debug_macro   0x00000000      0x15a FreeRtos/event_groups.o
 .debug_macro   0x00000000       0x7c FreeRtos/event_groups.o
 .debug_macro   0x00000000       0x10 FreeRtos/event_groups.o
 .debug_macro   0x00000000       0x26 FreeRtos/event_groups.o
 .debug_macro   0x00000000      0x543 FreeRtos/event_groups.o
 .debug_macro   0x00000000       0xb5 FreeRtos/event_groups.o
 .debug_macro   0x00000000       0xaa FreeRtos/event_groups.o
 .debug_macro   0x00000000       0x97 FreeRtos/event_groups.o
 .debug_macro   0x00000000       0x1f FreeRtos/event_groups.o
 .debug_line    0x00000000      0x5a6 FreeRtos/event_groups.o
 .debug_str     0x00000000     0xa80c FreeRtos/event_groups.o
 .comment       0x00000000       0x31 FreeRtos/event_groups.o
 .debug_frame   0x00000000      0x158 FreeRtos/event_groups.o
 .group         0x00000000        0x8 FreeRtos/heap_1.o
 .group         0x00000000        0x8 FreeRtos/heap_1.o
 .group         0x00000000        0x8 FreeRtos/heap_1.o
 .group         0x00000000        0x8 FreeRtos/heap_1.o
 .group         0x00000000        0x8 FreeRtos/heap_1.o
 .group         0x00000000        0x8 FreeRtos/heap_1.o
 .group         0x00000000        0x8 FreeRtos/heap_1.o
 .group         0x00000000        0x8 FreeRtos/heap_1.o
 .group         0x00000000        0x8 FreeRtos/heap_1.o
 .group         0x00000000        0x8 FreeRtos/heap_1.o
 .group         0x00000000        0x8 FreeRtos/heap_1.o
 .group         0x00000000        0x8 FreeRtos/heap_1.o
 .group         0x00000000        0x8 FreeRtos/heap_1.o
 .group         0x00000000        0x8 FreeRtos/heap_1.o
 .group         0x00000000        0x8 FreeRtos/heap_1.o
 .group         0x00000000        0x8 FreeRtos/heap_1.o
 .group         0x00000000        0x8 FreeRtos/heap_1.o
 .group         0x00000000        0x8 FreeRtos/heap_1.o
 .group         0x00000000        0x8 FreeRtos/heap_1.o
 .group         0x00000000        0x8 FreeRtos/heap_1.o
 .group         0x00000000        0x8 FreeRtos/heap_1.o
 .group         0x00000000        0x8 FreeRtos/heap_1.o
 .group         0x00000000        0x8 FreeRtos/heap_1.o
 .text          0x00000000        0x0 FreeRtos/heap_1.o
 .data          0x00000000        0x0 FreeRtos/heap_1.o
 .bss           0x00000000        0x0 FreeRtos/heap_1.o
 .text.vPortInitialiseBlocks
                0x00000000        0xa FreeRtos/heap_1.o
 .text.xPortGetFreeHeapSize
                0x00000000       0x12 FreeRtos/heap_1.o
 .debug_macro   0x00000000      0xa4e FreeRtos/heap_1.o
 .debug_macro   0x00000000       0x1c FreeRtos/heap_1.o
 .debug_macro   0x00000000      0x10e FreeRtos/heap_1.o
 .debug_macro   0x00000000       0x66 FreeRtos/heap_1.o
 .debug_macro   0x00000000       0x86 FreeRtos/heap_1.o
 .debug_macro   0x00000000      0x1c9 FreeRtos/heap_1.o
 .debug_macro   0x00000000       0x10 FreeRtos/heap_1.o
 .debug_macro   0x00000000      0x302 FreeRtos/heap_1.o
 .debug_macro   0x00000000       0x9e FreeRtos/heap_1.o
 .debug_macro   0x00000000      0xc24 FreeRtos/heap_1.o
 .debug_macro   0x00000000      0x170 FreeRtos/heap_1.o
 .debug_macro   0x00000000       0xbd FreeRtos/heap_1.o
 .debug_macro   0x00000000       0x34 FreeRtos/heap_1.o
 .debug_macro   0x00000000       0x18 FreeRtos/heap_1.o
 .debug_macro   0x00000000       0x6c FreeRtos/heap_1.o
 .debug_macro   0x00000000       0x94 FreeRtos/heap_1.o
 .debug_macro   0x00000000      0x15a FreeRtos/heap_1.o
 .debug_macro   0x00000000       0x7c FreeRtos/heap_1.o
 .debug_macro   0x00000000       0x10 FreeRtos/heap_1.o
 .debug_macro   0x00000000       0x26 FreeRtos/heap_1.o
 .debug_macro   0x00000000      0x543 FreeRtos/heap_1.o
 .debug_macro   0x00000000       0xb5 FreeRtos/heap_1.o
 .debug_macro   0x00000000       0xaa FreeRtos/heap_1.o
 .group         0x00000000        0x8 FreeRtos/list.o
 .group         0x00000000        0x8 FreeRtos/list.o
 .group         0x00000000        0x8 FreeRtos/list.o
 .group         0x00000000        0x8 FreeRtos/list.o
 .group         0x00000000        0x8 FreeRtos/list.o
 .group         0x00000000        0x8 FreeRtos/list.o
 .group         0x00000000        0x8 FreeRtos/list.o
 .group         0x00000000        0x8 FreeRtos/list.o
 .group         0x00000000        0x8 FreeRtos/list.o
 .group         0x00000000        0x8 FreeRtos/list.o
 .group         0x00000000        0x8 FreeRtos/list.o
 .group         0x00000000        0x8 FreeRtos/list.o
 .group         0x00000000        0x8 FreeRtos/list.o
 .group         0x00000000        0x8 FreeRtos/list.o
 .group         0x00000000        0x8 FreeRtos/list.o
 .group         0x00000000        0x8 FreeRtos/list.o
 .group         0x00000000        0x8 FreeRtos/list.o
 .group         0x00000000        0x8 FreeRtos/list.o
 .group         0x00000000        0x8 FreeRtos/list.o
 .group         0x00000000        0x8 FreeRtos/list.o
 .group         0x00000000        0x8 FreeRtos/list.o
 .group         0x00000000        0x8 FreeRtos/list.o
 .text          0x00000000        0x0 FreeRtos/list.o
 .data          0x00000000        0x0 FreeRtos/list.o
 .bss           0x00000000        0x0 FreeRtos/list.o
 .debug_macro   0x00000000      0xa4e FreeRtos/list.o
 .debug_macro   0x00000000       0x1c FreeRtos/list.o
 .debug_macro   0x00000000      0x10e FreeRtos/list.o
 .debug_macro   0x00000000       0x66 FreeRtos/list.o
 .debug_macro   0x00000000       0x86 FreeRtos/list.o
 .debug_macro   0x00000000      0x1c9 FreeRtos/list.o
 .debug_macro   0x00000000       0x10 FreeRtos/list.o
 .debug_macro   0x00000000      0x302 FreeRtos/list.o
 .debug_macro   0x00000000       0x9e FreeRtos/list.o
 .debug_macro   0x00000000      0xc24 FreeRtos/list.o
 .debug_macro   0x00000000      0x170 FreeRtos/list.o
 .debug_macro   0x00000000       0xbd FreeRtos/list.o
 .debug_macro   0x00000000       0x34 FreeRtos/list.o
 .debug_macro   0x00000000       0x18 FreeRtos/list.o
 .debug_macro   0x00000000       0x6c FreeRtos/list.o
 .debug_macro   0x00000000       0x94 FreeRtos/list.o
 .debug_macro   0x00000000      0x15a FreeRtos/list.o
 .debug_macro   0x00000000       0x7c FreeRtos/list.o
 .debug_macro   0x00000000       0x10 FreeRtos/list.o
 .debug_macro   0x00000000       0x26 FreeRtos/list.o
 .debug_macro   0x00000000      0x543 FreeRtos/list.o
 .debug_macro   0x00000000       0xb5 FreeRtos/list.o
 .group         0x00000000        0x8 FreeRtos/port.o
 .group         0x00000000        0x8 FreeRtos/port.o
 .group         0x00000000        0x8 FreeRtos/port.o
 .group         0x00000000        0x8 FreeRtos/port.o
 .group         0x00000000        0x8 FreeRtos/port.o
 .group         0x00000000        0x8 FreeRtos/port.o
 .group         0x00000000        0x8 FreeRtos/port.o
 .group         0x00000000        0x8 FreeRtos/port.o
 .group         0x00000000        0x8 FreeRtos/port.o
 .group         0x00000000        0x8 FreeRtos/port.o
 .group         0x00000000        0x8 FreeRtos/port.o
 .group         0x00000000        0x8 FreeRtos/port.o
 .group         0x00000000        0x8 FreeRtos/port.o
 .group         0x00000000        0x8 FreeRtos/port.o
 .group         0x00000000        0x8 FreeRtos/port.o
 .group         0x00000000        0x8 FreeRtos/port.o
 .group         0x00000000        0x8 FreeRtos/port.o
 .group         0x00000000        0x8 FreeRtos/port.o
 .group         0x00000000        0x8 FreeRtos/port.o
 .group         0x00000000        0x8 FreeRtos/port.o
 .group         0x00000000        0x8 FreeRtos/port.o
 .group         0x00000000        0x8 FreeRtos/port.o
 .group         0x00000000        0x8 FreeRtos/port.o
 .group         0x00000000        0x8 FreeRtos/port.o
 .text          0x00000000        0x0 FreeRtos/port.o
 .data          0x00000000        0x0 FreeRtos/port.o
 .bss           0x00000000        0x0 FreeRtos/port.o
 .text.vPortEndScheduler
                0x00000000        0x2 FreeRtos/port.o
 .text.vPortYieldFromTick
                0x00000000       0xb8 FreeRtos/port.o
 .debug_macro   0x00000000      0xa4e FreeRtos/port.o
 .debug_macro   0x00000000       0x1c FreeRtos/port.o
 .debug_macro   0x00000000      0x10e FreeRtos/port.o
 .debug_macro   0x00000000       0x66 FreeRtos/port.o
 .debug_macro   0x00000000       0x10 FreeRtos/port.o
 .debug_macro   0x00000000      0x1c9 FreeRtos/port.o
 .debug_macro   0x00000000       0x9e FreeRtos/port.o
 .debug_macro   0x00000000      0xc24 FreeRtos/port.o
 .debug_macro   0x00000000      0x170 FreeRtos/port.o
 .debug_macro   0x00000000       0xbd FreeRtos/port.o
 .debug_macro   0x00000000       0x34 FreeRtos/port.o
 .debug_macro   0x00000000       0x18 FreeRtos/port.o
 .debug_macro   0x00000000       0x6c FreeRtos/port.o
 .debug_macro   0x00000000       0x86 FreeRtos/port.o
 .debug_macro   0x00000000      0x15a FreeRtos/port.o
 .debug_macro   0x00000000       0x7c FreeRtos/port.o
 .debug_macro   0x00000000       0x10 FreeRtos/port.o
 .debug_macro   0x00000000       0x26 FreeRtos/port.o
 .debug_macro   0x00000000      0x543 FreeRtos/port.o
 .debug_macro   0x00000000       0xb5 FreeRtos/port.o
 .debug_macro   0x00000000       0xaa FreeRtos/port.o
 .group         0x00000000        0x8 FreeRtos/queue.o
 .group         0x00000000        0x8 FreeRtos/queue.o
 .group         0x00000000        0x8 FreeRtos/queue.o
 .group         0x00000000        0x8 FreeRtos/queue.o
 .group         0x00000000        0x8 FreeRtos/queue.o
 .group         0x00000000        0x8 FreeRtos/queue.o
 .group         0x00000000        0x8 FreeRtos/queue.o
 .group         0x00000000        0x8 FreeRtos/queue.o
 .group         0x00000000        0x8 FreeRtos/queue.o
 .group         0x00000000        0x8 FreeRtos/queue.o
 .group         0x00000000        0x8 FreeRtos/queue.o
 .group         0x00000000        0x8 FreeRtos/queue.o
 .group         0x00000000        0x8 FreeRtos/queue.o
 .group         0x00000000        0x8 FreeRtos/queue.o
 .group         0x00000000        0x8 FreeRtos/queue.o
 .group         0x00000000        0x8 FreeRtos/queue.o
 .group         0x00000000        0x8 FreeRtos/queue.o
 .group         0x00000000        0x8 FreeRtos/queue.o
 .group         0x00000000        0x8 FreeRtos/queue.o
 .group         0x00000000        0x8 FreeRtos/queue.o
 .group         0x00000000        0x8 FreeRtos/queue.o
 .group         0x00000000        0x8 FreeRtos/queue.o
 .group         0x00000000        0x8 FreeRtos/queue.o
 .group         0x00000000        0x8 FreeRtos/queue.o
 .group         0x00000000        0x8 FreeRtos/queue.o
 .group         0x00000000        0x8 FreeRtos/queue.o
 .text          0x00000000        0x0 FreeRtos/queue.o
 .data          0x00000000        0x0 FreeRtos/queue.o
 .bss           0x00000000        0x0 FreeRtos/queue.o
 .text.prvIsQueueEmpty
                0x00000000       0x16 FreeRtos/queue.o
 .text.prvCopyDataToQueue
                0x00000000       0x92 FreeRtos/queue.o
 .text.prvCopyDataFromQueue
                0x00000000       0x34 FreeRtos/queue.o
 .text.prvUnlockQueue
                0x00000000       0x9a FreeRtos/queue.o
 .text.xQueueGenericReset
                0x00000000       0x84 FreeRtos/queue.o
 .text.xQueueGenericCreate
                0x00000000       0x5a FreeRtos/queue.o
 .text.xQueueGenericSend
                0x00000000      0x132 FreeRtos/queue.o
 .text.xQueueGenericSendFromISR
                0x00000000       0x74 FreeRtos/queue.o
 .text.xQueueGiveFromISR
                0x00000000       0x52 FreeRtos/queue.o
 .text.xQueueReceive
                0x00000000      0x12c FreeRtos/queue.o
 .text.xQueueSemaphoreTake
                0x00000000      0x114 FreeRtos/queue.o
 .text.xQueuePeek
                0x00000000      0x12c FreeRtos/queue.o
 .text.xQueueReceiveFromISR
                0x00000000       0x6e FreeRtos/queue.o
 .text.xQueuePeekFromISR
                0x00000000       0x2e FreeRtos/queue.o
 .text.uxQueueMessagesWaiting
                0x00000000       0x10 FreeRtos/queue.o
 .text.uxQueueSpacesAvailable
                0x00000000       0x14 FreeRtos/queue.o
 .text.uxQueueMessagesWaitingFromISR
                0x00000000        0x6 FreeRtos/queue.o
 .text.vQueueDelete
                0x00000000        0x6 FreeRtos/queue.o
 .text.xQueueIsQueueEmptyFromISR
                0x00000000        0xc FreeRtos/queue.o
 .text.xQueueIsQueueFullFromISR
                0x00000000        0xe FreeRtos/queue.o
 .debug_info    0x00000000     0x142f FreeRtos/queue.o
 .debug_abbrev  0x00000000      0x2b2 FreeRtos/queue.o
 .debug_loc     0x00000000     0x187d FreeRtos/queue.o
 .debug_aranges
                0x00000000       0xb8 FreeRtos/queue.o
 .debug_ranges  0x00000000      0x138 FreeRtos/queue.o
 .debug_macro   0x00000000      0x169 FreeRtos/queue.o
 .debug_macro   0x00000000      0xa4e FreeRtos/queue.o
 .debug_macro   0x00000000       0x1c FreeRtos/queue.o
 .debug_macro   0x00000000      0x10e FreeRtos/queue.o
 .debug_macro   0x00000000       0x66 FreeRtos/queue.o
 .debug_macro   0x00000000       0x16 FreeRtos/queue.o
 .debug_macro   0x00000000       0x20 FreeRtos/queue.o
 .debug_macro   0x00000000       0x86 FreeRtos/queue.o
 .debug_macro   0x00000000      0x1c9 FreeRtos/queue.o
 .debug_macro   0x00000000       0x10 FreeRtos/queue.o
 .debug_macro   0x00000000      0x302 FreeRtos/queue.o
 .debug_macro   0x00000000       0x9e FreeRtos/queue.o
 .debug_macro   0x00000000      0xc24 FreeRtos/queue.o
 .debug_macro   0x00000000      0x170 FreeRtos/queue.o
 .debug_macro   0x00000000       0xbd FreeRtos/queue.o
 .debug_macro   0x00000000       0x34 FreeRtos/queue.o
 .debug_macro   0x00000000       0x18 FreeRtos/queue.o
 .debug_macro   0x00000000       0x6c FreeRtos/queue.o
 .debug_macro   0x00000000       0x94 FreeRtos/queue.o
 .debug_macro   0x00000000      0x15a FreeRtos/queue.o
 .debug_macro   0x00000000       0x7c FreeRtos/queue.o
 .debug_macro   0x00000000       0x10 FreeRtos/queue.o
 .debug_macro   0x00000000       0x26 FreeRtos/queue.o
 .debug_macro   0x00000000      0x543 FreeRtos/queue.o
 .debug_macro   0x00000000       0xb5 FreeRtos/queue.o
 .debug_macro   0x00000000       0xaa FreeRtos/queue.o
 .debug_macro   0x00000000       0x86 FreeRtos/queue.o
 .debug_line    0x00000000      0xb6e FreeRtos/queue.o
 .debug_str     0x00000000     0xaa5b FreeRtos/queue.o
 .comment       0x00000000       0x31 FreeRtos/queue.o
 .debug_frame   0x00000000      0x2ec FreeRtos/queue.o
 .group         0x00000000        0x8 FreeRtos/stream_buffer.o
 .group         0x00000000        0x8 FreeRtos/stream_buffer.o
 .group         0x00000000        0x8 FreeRtos/stream_buffer.o
 .group         0x00000000        0x8 FreeRtos/stream_buffer.o
 .group         0x00000000        0x8 FreeRtos/stream_buffer.o
 .group         0x00000000        0x8 FreeRtos/stream_buffer.o
 .group         0x00000000        0x8 FreeRtos/stream_buffer.o
 .group         0x00000000        0x8 FreeRtos/stream_buffer.o
 .group         0x00000000        0x8 FreeRtos/stream_buffer.o
 .group         0x00000000        0x8 FreeRtos/stream_buffer.o
 .group         0x00000000        0x8 FreeRtos/stream_buffer.o
 .group         0x00000000        0x8 FreeRtos/stream_buffer.o
 .group         0x00000000        0x8 FreeRtos/stream_buffer.o
 .group         0x00000000        0x8 FreeRtos/stream_buffer.o
 .group         0x00000000        0x8 FreeRtos/stream_buffer.o
 .group         0x00000000        0x8 FreeRtos/stream_buffer.o
 .group         0x00000000        0x8 FreeRtos/stream_buffer.o
 .group         0x00000000        0x8 FreeRtos/stream_buffer.o
 .group         0x00000000        0x8 FreeRtos/stream_buffer.o
 .group         0x00000000        0x8 FreeRtos/stream_buffer.o
 .group         0x00000000        0x8 FreeRtos/stream_buffer.o
 .group         0x00000000        0x8 FreeRtos/stream_buffer.o
 .group         0x00000000        0x8 FreeRtos/stream_buffer.o
 .group         0x00000000        0x8 FreeRtos/stream_buffer.o
 .text          0x00000000        0x0 FreeRtos/stream_buffer.o
 .data          0x00000000        0x0 FreeRtos/stream_buffer.o
 .bss           0x00000000        0x0 FreeRtos/stream_buffer.o
 .text.prvBytesInBuffer
                0x00000000       0x26 FreeRtos/stream_buffer.o
 .text.prvWriteBytesToBuffer
                0x00000000       0x92 FreeRtos/stream_buffer.o
 .text.prvWriteMessageToBuffer
                0x00000000       0x82 FreeRtos/stream_buffer.o
 .text.prvReadBytesFromBuffer
                0x00000000       0x9e FreeRtos/stream_buffer.o
 .text.xStreamBufferGenericCreate
                0x00000000       0x5a FreeRtos/stream_buffer.o
 .text.vStreamBufferDelete
                0x00000000       0x1a FreeRtos/stream_buffer.o
 .text.xStreamBufferReset
                0x00000000       0x74 FreeRtos/stream_buffer.o
 .text.xStreamBufferSetTriggerLevel
                0x00000000       0x22 FreeRtos/stream_buffer.o
 .text.xStreamBufferSpacesAvailable
                0x00000000       0x24 FreeRtos/stream_buffer.o
 .text.xStreamBufferBytesAvailable
                0x00000000        0x6 FreeRtos/stream_buffer.o
 .text.xStreamBufferSend
                0x00000000      0x146 FreeRtos/stream_buffer.o
 .text.xStreamBufferSendFromISR
                0x00000000       0x8c FreeRtos/stream_buffer.o
 .text.xStreamBufferReceive
                0x00000000      0x148 FreeRtos/stream_buffer.o
 .text.xStreamBufferNextMessageLengthBytes
                0x00000000       0x66 FreeRtos/stream_buffer.o
 .text.xStreamBufferReceiveFromISR
                0x00000000       0xe6 FreeRtos/stream_buffer.o
 .text.xStreamBufferIsEmpty
                0x00000000       0x16 FreeRtos/stream_buffer.o
 .text.xStreamBufferIsFull
                0x00000000       0x2c FreeRtos/stream_buffer.o
 .text.xStreamBufferSendCompletedFromISR
                0x00000000       0x46 FreeRtos/stream_buffer.o
 .text.xStreamBufferReceiveCompletedFromISR
                0x00000000       0x46 FreeRtos/stream_buffer.o
 .debug_info    0x00000000     0x1382 FreeRtos/stream_buffer.o
 .debug_abbrev  0x00000000      0x29e FreeRtos/stream_buffer.o
 .debug_loc     0x00000000     0x1cde FreeRtos/stream_buffer.o
 .debug_aranges
                0x00000000       0xb0 FreeRtos/stream_buffer.o
 .debug_ranges  0x00000000       0xa0 FreeRtos/stream_buffer.o
 .debug_macro   0x00000000      0x14d FreeRtos/stream_buffer.o
 .debug_macro   0x00000000      0xa4e FreeRtos/stream_buffer.o
 .debug_macro   0x00000000      0x1c9 FreeRtos/stream_buffer.o
 .debug_macro   0x00000000       0x16 FreeRtos/stream_buffer.o
 .debug_macro   0x00000000       0x97 FreeRtos/stream_buffer.o
 .debug_macro   0x00000000       0x16 FreeRtos/stream_buffer.o
 .debug_macro   0x00000000       0xf6 FreeRtos/stream_buffer.o
 .debug_macro   0x00000000       0x10 FreeRtos/stream_buffer.o
 .debug_macro   0x00000000      0x302 FreeRtos/stream_buffer.o
 .debug_macro   0x00000000       0x9e FreeRtos/stream_buffer.o
 .debug_macro   0x00000000      0xc24 FreeRtos/stream_buffer.o
 .debug_macro   0x00000000      0x170 FreeRtos/stream_buffer.o
 .debug_macro   0x00000000       0xbd FreeRtos/stream_buffer.o
 .debug_macro   0x00000000       0x34 FreeRtos/stream_buffer.o
 .debug_macro   0x00000000       0x18 FreeRtos/stream_buffer.o
 .debug_macro   0x00000000       0x6c FreeRtos/stream_buffer.o
 .debug_macro   0x00000000       0x94 FreeRtos/stream_buffer.o
 .debug_macro   0x00000000      0x15a FreeRtos/stream_buffer.o
 .debug_macro   0x00000000       0x7c FreeRtos/stream_buffer.o
 .debug_macro   0x00000000       0x10 FreeRtos/stream_buffer.o
 .debug_macro   0x00000000       0x26 FreeRtos/stream_buffer.o
 .debug_macro   0x00000000      0x543 FreeRtos/stream_buffer.o
 .debug_macro   0x00000000       0xb5 FreeRtos/stream_buffer.o
 .debug_macro   0x00000000       0xaa FreeRtos/stream_buffer.o
 .debug_macro   0x00000000       0x18 FreeRtos/stream_buffer.o
 .debug_line    0x00000000      0x8e0 FreeRtos/stream_buffer.o
 .debug_str     0x00000000     0xa83f FreeRtos/stream_buffer.o
 .comment       0x00000000       0x31 FreeRtos/stream_buffer.o
 .debug_frame   0x00000000      0x38c FreeRtos/stream_buffer.o
 .group         0x00000000        0x8 FreeRtos/tasks.o
 .group         0x00000000        0x8 FreeRtos/tasks.o
 .group         0x00000000        0x8 FreeRtos/tasks.o
 .group         0x00000000        0x8 FreeRtos/tasks.o
 .group         0x00000000        0x8 FreeRtos/tasks.o
 .group         0x00000000        0x8 FreeRtos/tasks.o
 .group         0x00000000        0x8 FreeRtos/tasks.o
 .group         0x00000000        0x8 FreeRtos/tasks.o
 .group         0x00000000        0x8 FreeRtos/tasks.o
 .group         0x00000000        0x8 FreeRtos/tasks.o
 .group         0x00000000        0x8 FreeRtos/tasks.o
 .group         0x00000000        0x8 FreeRtos/tasks.o
 .group         0x00000000        0x8 FreeRtos/tasks.o
 .group         0x00000000        0x8 FreeRtos/tasks.o
 .group         0x00000000        0x8 FreeRtos/tasks.o
 .group         0x00000000        0x8 FreeRtos/tasks.o
 .group         0x00000000        0x8 FreeRtos/tasks.o
 .group         0x00000000        0x8 FreeRtos/tasks.o
 .group         0x00000000        0x8 FreeRtos/tasks.o
 .group         0x00000000        0x8 FreeRtos/tasks.o
 .group         0x00000000        0x8 FreeRtos/tasks.o
 .group         0x00000000        0x8 FreeRtos/tasks.o
 .group         0x00000000        0x8 FreeRtos/tasks.o
 .group         0x00000000        0x8 FreeRtos/tasks.o
 .group         0x00000000        0x8 FreeRtos/tasks.o
 .group         0x00000000        0x8 FreeRtos/tasks.o
 .group         0x00000000        0x8 FreeRtos/tasks.o
 .text          0x00000000        0x0 FreeRtos/tasks.o
 .data          0x00000000        0x0 FreeRtos/tasks.o
 .bss           0x00000000        0x0 FreeRtos/tasks.o
 .text.vTaskResume
                0x00000000       0x8e FreeRtos/tasks.o
 .text.xTaskResumeFromISR
                0x00000000       0xae FreeRtos/tasks.o
 .text.vTaskEndScheduler
                0x00000000        0xc FreeRtos/tasks.o
 .text.xTaskGetTickCountFromISR
                0x00000000        0xa FreeRtos/tasks.o
 .text.uxTaskGetNumberOfTasks
                0x00000000        0x6 FreeRtos/tasks.o
 .text.pcTaskGetName
                0x00000000       0x10 FreeRtos/tasks.o
 .text.vTaskDelay
                0x00000000       0x28 FreeRtos/tasks.o
 .text.vTaskSuspend
                0x00000000       0xa4 FreeRtos/tasks.o
 .text.vTaskPlaceOnEventList
                0x00000000       0x24 FreeRtos/tasks.o
 .text.vTaskPlaceOnUnorderedEventList
                0x00000000       0x32 FreeRtos/tasks.o
 .text.xTaskRemoveFromEventList
                0x00000000       0x90 FreeRtos/tasks.o
 .text.vTaskRemoveFromUnorderedEventList
                0x00000000       0x70 FreeRtos/tasks.o
 .text.vTaskSetTimeOutState
                0x00000000       0x20 FreeRtos/tasks.o
 .text.vTaskInternalSetTimeOutState
                0x00000000       0x16 FreeRtos/tasks.o
 .text.xTaskCheckForTimeOut
                0x00000000       0x6c FreeRtos/tasks.o
 .text.vTaskMissedYield
                0x00000000        0x8 FreeRtos/tasks.o
 .text.uxTaskResetEventItemValue
                0x00000000       0x2e FreeRtos/tasks.o
 .text.ulTaskNotifyTake
                0x00000000       0xae FreeRtos/tasks.o
 .text.xTaskNotifyWait
                0x00000000      0x108 FreeRtos/tasks.o
 .text.xTaskGenericNotify
                0x00000000       0xec FreeRtos/tasks.o
 .text.xTaskGenericNotifyFromISR
                0x00000000      0x120 FreeRtos/tasks.o
 .text.vTaskNotifyGiveFromISR
                0x00000000       0xb4 FreeRtos/tasks.o
 .text.xTaskNotifyStateClear
                0x00000000       0x28 FreeRtos/tasks.o
 .debug_macro   0x00000000      0xa4e FreeRtos/tasks.o
 .debug_macro   0x00000000       0x1c FreeRtos/tasks.o
 .debug_macro   0x00000000      0x10e FreeRtos/tasks.o
 .debug_macro   0x00000000       0x66 FreeRtos/tasks.o
 .debug_macro   0x00000000       0x16 FreeRtos/tasks.o
 .debug_macro   0x00000000       0x20 FreeRtos/tasks.o
 .debug_macro   0x00000000       0x86 FreeRtos/tasks.o
 .debug_macro   0x00000000      0x1c9 FreeRtos/tasks.o
 .debug_macro   0x00000000       0x10 FreeRtos/tasks.o
 .debug_macro   0x00000000      0x302 FreeRtos/tasks.o
 .debug_macro   0x00000000       0x9e FreeRtos/tasks.o
 .debug_macro   0x00000000      0xc24 FreeRtos/tasks.o
 .debug_macro   0x00000000      0x170 FreeRtos/tasks.o
 .debug_macro   0x00000000       0xbd FreeRtos/tasks.o
 .debug_macro   0x00000000       0x34 FreeRtos/tasks.o
 .debug_macro   0x00000000       0x18 FreeRtos/tasks.o
 .debug_macro   0x00000000       0x6c FreeRtos/tasks.o
 .debug_macro   0x00000000       0x94 FreeRtos/tasks.o
 .debug_macro   0x00000000      0x15a FreeRtos/tasks.o
 .debug_macro   0x00000000       0x7c FreeRtos/tasks.o
 .debug_macro   0x00000000       0x10 FreeRtos/tasks.o
 .debug_macro   0x00000000       0x26 FreeRtos/tasks.o
 .debug_macro   0x00000000      0x543 FreeRtos/tasks.o
 .debug_macro   0x00000000       0xb5 FreeRtos/tasks.o
 .debug_macro   0x00000000       0xaa FreeRtos/tasks.o
 .debug_macro   0x00000000       0x97 FreeRtos/tasks.o
 .group         0x00000000        0x8 FreeRtos/timers.o
 .group         0x00000000        0x8 FreeRtos/timers.o
 .group         0x00000000        0x8 FreeRtos/timers.o
 .group         0x00000000        0x8 FreeRtos/timers.o
 .group         0x00000000        0x8 FreeRtos/timers.o
 .group         0x00000000        0x8 FreeRtos/timers.o
 .group         0x00000000        0x8 FreeRtos/timers.o
 .group         0x00000000        0x8 FreeRtos/timers.o
 .group         0x00000000        0x8 FreeRtos/timers.o
 .group         0x00000000        0x8 FreeRtos/timers.o
 .group         0x00000000        0x8 FreeRtos/timers.o
 .group         0x00000000        0x8 FreeRtos/timers.o
 .group         0x00000000        0x8 FreeRtos/timers.o
 .group         0x00000000        0x8 FreeRtos/timers.o
 .group         0x00000000        0x8 FreeRtos/timers.o
 .group         0x00000000        0x8 FreeRtos/timers.o
 .group         0x00000000        0x8 FreeRtos/timers.o
 .group         0x00000000        0x8 FreeRtos/timers.o
 .group         0x00000000        0x8 FreeRtos/timers.o
 .group         0x00000000        0x8 FreeRtos/timers.o
 .group         0x00000000        0x8 FreeRtos/timers.o
 .group         0x00000000        0x8 FreeRtos/timers.o
 .group         0x00000000        0x8 FreeRtos/timers.o
 .group         0x00000000        0x8 FreeRtos/timers.o
 .group         0x00000000        0x8 FreeRtos/timers.o
 .text          0x00000000        0x0 FreeRtos/timers.o
 .data          0x00000000        0x0 FreeRtos/timers.o
 .bss           0x00000000        0x0 FreeRtos/timers.o
 .debug_info    0x00000000       0x68 FreeRtos/timers.o
 .debug_abbrev  0x00000000       0x29 FreeRtos/timers.o
 .debug_aranges
                0x00000000       0x18 FreeRtos/timers.o
 .debug_macro   0x00000000      0x129 FreeRtos/timers.o
 .debug_macro   0x00000000      0xa4e FreeRtos/timers.o
 .debug_macro   0x00000000       0x1c FreeRtos/timers.o
 .debug_macro   0x00000000      0x10e FreeRtos/timers.o
 .debug_macro   0x00000000       0x66 FreeRtos/timers.o
 .debug_macro   0x00000000       0x86 FreeRtos/timers.o
 .debug_macro   0x00000000      0x1c9 FreeRtos/timers.o
 .debug_macro   0x00000000       0x10 FreeRtos/timers.o
 .debug_macro   0x00000000      0x302 FreeRtos/timers.o
 .debug_macro   0x00000000       0x9e FreeRtos/timers.o
 .debug_macro   0x00000000      0xc24 FreeRtos/timers.o
 .debug_macro   0x00000000      0x170 FreeRtos/timers.o
 .debug_macro   0x00000000       0xbd FreeRtos/timers.o
 .debug_macro   0x00000000       0x34 FreeRtos/timers.o
 .debug_macro   0x00000000       0x18 FreeRtos/timers.o
 .debug_macro   0x00000000       0x6c FreeRtos/timers.o
 .debug_macro   0x00000000       0x94 FreeRtos/timers.o
 .debug_macro   0x00000000      0x15a FreeRtos/timers.o
 .debug_macro   0x00000000       0x7c FreeRtos/timers.o
 .debug_macro   0x00000000       0x10 FreeRtos/timers.o
 .debug_macro   0x00000000       0x26 FreeRtos/timers.o
 .debug_macro   0x00000000      0x543 FreeRtos/timers.o
 .debug_macro   0x00000000       0xb5 FreeRtos/timers.o
 .debug_macro   0x00000000       0xaa FreeRtos/timers.o
 .debug_macro   0x00000000       0x86 FreeRtos/timers.o
 .debug_macro   0x00000000       0x97 FreeRtos/timers.o
 .debug_line    0x00000000      0x2d9 FreeRtos/timers.o
 .debug_str     0x00000000     0xa8a2 FreeRtos/timers.o
 .comment       0x00000000       0x31 FreeRtos/timers.o
 .group         0x00000000        0x8 Hall/Keypad.o
 .group         0x00000000        0x8 Hall/Keypad.o
 .group         0x00000000        0x8 Hall/Keypad.o
 .group         0x00000000        0x8 Hall/Keypad.o
 .group         0x00000000        0x8 Hall/Keypad.o
 .group         0x00000000        0x8 Hall/Keypad.o
 .text          0x00000000        0x0 Hall/Keypad.o
 .data          0x00000000        0x0 Hall/Keypad.o
 .bss           0x00000000        0x0 Hall/Keypad.o
 .debug_macro   0x00000000      0xa4e Hall/Keypad.o
 .debug_macro   0x00000000       0x3a Hall/Keypad.o
 .debug_macro   0x00000000       0x7c Hall/Keypad.o
 .debug_macro   0x00000000       0x2e Hall/Keypad.o
 .debug_macro   0x00000000       0x6a Hall/Keypad.o
 .group         0x00000000        0x8 Hall/LCD.o
 .group         0x00000000        0x8 Hall/LCD.o
 .group         0x00000000        0x8 Hall/LCD.o
 .group         0x00000000        0x8 Hall/LCD.o
 .group         0x00000000        0x8 Hall/LCD.o
 .group         0x00000000        0x8 Hall/LCD.o
 .text          0x00000000        0x0 Hall/LCD.o
 .data          0x00000000        0x0 Hall/LCD.o
 .bss           0x00000000        0x0 Hall/LCD.o
 .text.LCD_goToRowColumn
                0x00000000       0x2e Hall/LCD.o
 .text.LCD_displayStringRowColumn
                0x00000000       0x16 Hall/LCD.o
 .debug_macro   0x00000000      0xa4e Hall/LCD.o
 .debug_macro   0x00000000       0x3a Hall/LCD.o
 .debug_macro   0x00000000       0x7c Hall/LCD.o
 .debug_macro   0x00000000       0x2e Hall/LCD.o
 .debug_macro   0x00000000       0x6a Hall/LCD.o
 .debug_macro   0x00000000       0x64 Hall/LCD.o
 .group         0x00000000        0x8 main.o
 .group         0x00000000        0x8 main.o
 .group         0x00000000        0x8 main.o
 .group         0x00000000        0x8 main.o
 .group         0x00000000        0x8 main.o
 .group         0x00000000        0x8 main.o
 .group         0x00000000        0x8 main.o
 .group         0x00000000        0x8 main.o
 .group         0x00000000        0x8 main.o
 .group         0x00000000        0x8 main.o
 .group         0x00000000        0x8 main.o
 .group         0x00000000        0x8 main.o
 .group         0x00000000        0x8 main.o
 .group         0x00000000        0x8 main.o
 .group         0x00000000        0x8 main.o
 .group         0x00000000        0x8 main.o
 .group         0x00000000        0x8 main.o
 .group         0x00000000        0x8 main.o
 .group         0x00000000        0x8 main.o
 .group         0x00000000        0x8 main.o
 .group         0x00000000        0x8 main.o
 .group         0x00000000        0x8 main.o
 .group         0x00000000        0x8 main.o
 .group         0x00000000        0x8 main.o
 .group         0x00000000        0x8 main.o
 .group         0x00000000        0x8 main.o
 .text          0x00000000        0x0 main.o
 .data          0x00000000        0x0 main.o
 .bss           0x00000000        0x0 main.o
 .debug_macro   0x00000000      0xa4e main.o
 .debug_macro   0x00000000      0x16d main.o
 .debug_macro   0x00000000      0x1c9 main.o
 .debug_macro   0x00000000       0x10 main.o
 .debug_macro   0x00000000      0x302 main.o
 .debug_macro   0x00000000       0x9e main.o
 .debug_macro   0x00000000      0xc24 main.o
 .debug_macro   0x00000000      0x170 main.o
 .debug_macro   0x00000000       0xbd main.o
 .debug_macro   0x00000000       0x34 main.o
 .debug_macro   0x00000000       0x18 main.o
 .debug_macro   0x00000000       0x6c main.o
 .debug_macro   0x00000000       0x94 main.o
 .debug_macro   0x00000000      0x15a main.o
 .debug_macro   0x00000000       0x7c main.o
 .debug_macro   0x00000000       0x10 main.o
 .debug_macro   0x00000000       0x26 main.o
 .debug_macro   0x00000000      0x543 main.o
 .debug_macro   0x00000000       0xb5 main.o
 .debug_macro   0x00000000       0xaa main.o
 .debug_macro   0x00000000       0x3a main.o
 .debug_macro   0x00000000       0x7c main.o
 .debug_macro   0x00000000       0x2e main.o
 .debug_macro   0x00000000       0x6a main.o
 .debug_macro   0x00000000       0x64 main.o
 .debug_macro   0x00000000       0x2e main.o
 .group         0x00000000        0x8 MCAL/DIO.o
 .group         0x00000000        0x8 MCAL/DIO.o
 .group         0x00000000        0x8 MCAL/DIO.o
 .group         0x00000000        0x8 MCAL/DIO.o
 .group         0x00000000        0x8 MCAL/DIO.o
 .text          0x00000000        0x0 MCAL/DIO.o
 .data          0x00000000        0x0 MCAL/DIO.o
 .bss           0x00000000        0x0 MCAL/DIO.o
 .text.DIO_init
                0x00000000       0xc2 MCAL/DIO.o
 .text.DIO_Write
                0x00000000       0x9c MCAL/DIO.o
 .text.DIO_Read
                0x00000000       0x7c MCAL/DIO.o
 .text.DIO_Toggle
                0x00000000       0x3c MCAL/DIO.o
 .debug_info    0x00000000      0x214 MCAL/DIO.o
 .debug_abbrev  0x00000000       0xe3 MCAL/DIO.o
 .debug_loc     0x00000000      0x4a5 MCAL/DIO.o
 .debug_aranges
                0x00000000       0x38 MCAL/DIO.o
 .debug_ranges  0x00000000       0x28 MCAL/DIO.o
 .debug_macro   0x00000000       0x4f MCAL/DIO.o
 .debug_macro   0x00000000      0xa4e MCAL/DIO.o
 .debug_macro   0x00000000       0x3a MCAL/DIO.o
 .debug_macro   0x00000000       0x7c MCAL/DIO.o
 .debug_macro   0x00000000       0x2e MCAL/DIO.o
 .debug_macro   0x00000000       0x6a MCAL/DIO.o
 .debug_line    0x00000000      0x31e MCAL/DIO.o
 .debug_str     0x00000000     0x303f MCAL/DIO.o
 .comment       0x00000000       0x31 MCAL/DIO.o
 .debug_frame   0x00000000       0x54 MCAL/DIO.o
 .group         0x00000000        0x8 src/ASF/mega/boards/stk600/rcx_x/init.o
 .group         0x00000000        0x8 src/ASF/mega/boards/stk600/rcx_x/init.o
 .group         0x00000000        0x8 src/ASF/mega/boards/stk600/rcx_x/init.o
 .group         0x00000000        0x8 src/ASF/mega/boards/stk600/rcx_x/init.o
 .group         0x00000000        0x8 src/ASF/mega/boards/stk600/rcx_x/init.o
 .group         0x00000000        0x8 src/ASF/mega/boards/stk600/rcx_x/init.o
 .group         0x00000000        0x8 src/ASF/mega/boards/stk600/rcx_x/init.o
 .group         0x00000000        0x8 src/ASF/mega/boards/stk600/rcx_x/init.o
 .group         0x00000000        0x8 src/ASF/mega/boards/stk600/rcx_x/init.o
 .group         0x00000000        0x8 src/ASF/mega/boards/stk600/rcx_x/init.o
 .group         0x00000000        0x8 src/ASF/mega/boards/stk600/rcx_x/init.o
 .group         0x00000000        0x8 src/ASF/mega/boards/stk600/rcx_x/init.o
 .group         0x00000000        0x8 src/ASF/mega/boards/stk600/rcx_x/init.o
 .group         0x00000000        0x8 src/ASF/mega/boards/stk600/rcx_x/init.o
 .group         0x00000000        0x8 src/ASF/mega/boards/stk600/rcx_x/init.o
 .group         0x00000000        0x8 src/ASF/mega/boards/stk600/rcx_x/init.o
 .group         0x00000000        0x8 src/ASF/mega/boards/stk600/rcx_x/init.o
 .group         0x00000000        0x8 src/ASF/mega/boards/stk600/rcx_x/init.o
 .group         0x00000000        0x8 src/ASF/mega/boards/stk600/rcx_x/init.o
 .group         0x00000000        0x8 src/ASF/mega/boards/stk600/rcx_x/init.o
 .group         0x00000000        0x8 src/ASF/mega/boards/stk600/rcx_x/init.o
 .group         0x00000000        0x8 src/ASF/mega/boards/stk600/rcx_x/init.o
 .group         0x00000000        0x8 src/ASF/mega/boards/stk600/rcx_x/init.o
 .group         0x00000000        0x8 src/ASF/mega/boards/stk600/rcx_x/init.o
 .group         0x00000000        0x8 src/ASF/mega/boards/stk600/rcx_x/init.o
 .text          0x00000000        0x0 src/ASF/mega/boards/stk600/rcx_x/init.o
 .data          0x00000000        0x0 src/ASF/mega/boards/stk600/rcx_x/init.o
 .bss           0x00000000        0x0 src/ASF/mega/boards/stk600/rcx_x/init.o
 .text.board_init
                0x00000000        0x2 src/ASF/mega/boards/stk600/rcx_x/init.o
 .debug_info    0x00000000       0x7c src/ASF/mega/boards/stk600/rcx_x/init.o
 .debug_abbrev  0x00000000       0x47 src/ASF/mega/boards/stk600/rcx_x/init.o
 .debug_aranges
                0x00000000       0x20 src/ASF/mega/boards/stk600/rcx_x/init.o
 .debug_ranges  0x00000000       0x10 src/ASF/mega/boards/stk600/rcx_x/init.o
 .debug_macro   0x00000000      0x134 src/ASF/mega/boards/stk600/rcx_x/init.o
 .debug_macro   0x00000000      0xa4e src/ASF/mega/boards/stk600/rcx_x/init.o
 .debug_macro   0x00000000       0x10 src/ASF/mega/boards/stk600/rcx_x/init.o
 .debug_macro   0x00000000      0x1c9 src/ASF/mega/boards/stk600/rcx_x/init.o
 .debug_macro   0x00000000      0x2fc src/ASF/mega/boards/stk600/rcx_x/init.o
 .debug_macro   0x00000000       0x9e src/ASF/mega/boards/stk600/rcx_x/init.o
 .debug_macro   0x00000000      0xc24 src/ASF/mega/boards/stk600/rcx_x/init.o
 .debug_macro   0x00000000      0x170 src/ASF/mega/boards/stk600/rcx_x/init.o
 .debug_macro   0x00000000       0xbd src/ASF/mega/boards/stk600/rcx_x/init.o
 .debug_macro   0x00000000       0x34 src/ASF/mega/boards/stk600/rcx_x/init.o
 .debug_macro   0x00000000       0x18 src/ASF/mega/boards/stk600/rcx_x/init.o
 .debug_macro   0x00000000       0x6c src/ASF/mega/boards/stk600/rcx_x/init.o
 .debug_macro   0x00000000       0x22 src/ASF/mega/boards/stk600/rcx_x/init.o
 .debug_macro   0x00000000      0x16d src/ASF/mega/boards/stk600/rcx_x/init.o
 .debug_macro   0x00000000       0x1c src/ASF/mega/boards/stk600/rcx_x/init.o
 .debug_macro   0x00000000       0x35 src/ASF/mega/boards/stk600/rcx_x/init.o
 .debug_macro   0x00000000       0x66 src/ASF/mega/boards/stk600/rcx_x/init.o
 .debug_macro   0x00000000      0x64b src/ASF/mega/boards/stk600/rcx_x/init.o
 .debug_macro   0x00000000       0x44 src/ASF/mega/boards/stk600/rcx_x/init.o
 .debug_macro   0x00000000       0x69 src/ASF/mega/boards/stk600/rcx_x/init.o
 .debug_macro   0x00000000       0x2c src/ASF/mega/boards/stk600/rcx_x/init.o
 .debug_macro   0x00000000       0x10 src/ASF/mega/boards/stk600/rcx_x/init.o
 .debug_macro   0x00000000       0xe2 src/ASF/mega/boards/stk600/rcx_x/init.o
 .debug_macro   0x00000000       0x40 src/ASF/mega/boards/stk600/rcx_x/init.o
 .debug_macro   0x00000000      0x100 src/ASF/mega/boards/stk600/rcx_x/init.o
 .debug_macro   0x00000000      0x2c0 src/ASF/mega/boards/stk600/rcx_x/init.o
 .debug_line    0x00000000      0x35e src/ASF/mega/boards/stk600/rcx_x/init.o
 .debug_str     0x00000000     0xe7de src/ASF/mega/boards/stk600/rcx_x/init.o
 .comment       0x00000000       0x31 src/ASF/mega/boards/stk600/rcx_x/init.o
 .debug_frame   0x00000000       0x24 src/ASF/mega/boards/stk600/rcx_x/init.o
 .text          0x00000000        0x0 c:/program files (x86)/atmel/studio/7.0/toolchain/avr8/avr8-gnu-toolchain/bin/../lib/gcc/avr/5.4.0/avr5\libgcc.a(_exit.o)
 .data          0x00000000        0x0 c:/program files (x86)/atmel/studio/7.0/toolchain/avr8/avr8-gnu-toolchain/bin/../lib/gcc/avr/5.4.0/avr5\libgcc.a(_exit.o)
 .bss           0x00000000        0x0 c:/program files (x86)/atmel/studio/7.0/toolchain/avr8/avr8-gnu-toolchain/bin/../lib/gcc/avr/5.4.0/avr5\libgcc.a(_exit.o)
 .text.libgcc.mul
                0x00000000        0x0 c:/program files (x86)/atmel/studio/7.0/toolchain/avr8/avr8-gnu-toolchain/bin/../lib/gcc/avr/5.4.0/avr5\libgcc.a(_exit.o)
 .text.libgcc.div
                0x00000000        0x0 c:/program files (x86)/atmel/studio/7.0/toolchain/avr8/avr8-gnu-toolchain/bin/../lib/gcc/avr/5.4.0/avr5\libgcc.a(_exit.o)
 .text.libgcc   0x00000000        0x0 c:/program files (x86)/atmel/studio/7.0/toolchain/avr8/avr8-gnu-toolchain/bin/../lib/gcc/avr/5.4.0/avr5\libgcc.a(_exit.o)
 .text.libgcc.prologue
                0x00000000        0x0 c:/program files (x86)/atmel/studio/7.0/toolchain/avr8/avr8-gnu-toolchain/bin/../lib/gcc/avr/5.4.0/avr5\libgcc.a(_exit.o)
 .text.libgcc.builtins
                0x00000000        0x0 c:/program files (x86)/atmel/studio/7.0/toolchain/avr8/avr8-gnu-toolchain/bin/../lib/gcc/avr/5.4.0/avr5\libgcc.a(_exit.o)
 .text.libgcc.fmul
                0x00000000        0x0 c:/program files (x86)/atmel/studio/7.0/toolchain/avr8/avr8-gnu-toolchain/bin/../lib/gcc/avr/5.4.0/avr5\libgcc.a(_exit.o)
 .text.libgcc.fixed
                0x00000000        0x0 c:/program files (x86)/atmel/studio/7.0/toolchain/avr8/avr8-gnu-toolchain/bin/../lib/gcc/avr/5.4.0/avr5\libgcc.a(_exit.o)
 .text          0x00000000        0x0 c:/program files (x86)/atmel/studio/7.0/toolchain/avr8/avr8-gnu-toolchain/bin/../lib/gcc/avr/5.4.0/avr5\libgcc.a(_copy_data.o)
 .data          0x00000000        0x0 c:/program files (x86)/atmel/studio/7.0/toolchain/avr8/avr8-gnu-toolchain/bin/../lib/gcc/avr/5.4.0/avr5\libgcc.a(_copy_data.o)
 .bss           0x00000000        0x0 c:/program files (x86)/atmel/studio/7.0/toolchain/avr8/avr8-gnu-toolchain/bin/../lib/gcc/avr/5.4.0/avr5\libgcc.a(_copy_data.o)
 .text.libgcc.mul
                0x00000000        0x0 c:/program files (x86)/atmel/studio/7.0/toolchain/avr8/avr8-gnu-toolchain/bin/../lib/gcc/avr/5.4.0/avr5\libgcc.a(_copy_data.o)
 .text.libgcc.div
                0x00000000        0x0 c:/program files (x86)/atmel/studio/7.0/toolchain/avr8/avr8-gnu-toolchain/bin/../lib/gcc/avr/5.4.0/avr5\libgcc.a(_copy_data.o)
 .text.libgcc   0x00000000        0x0 c:/program files (x86)/atmel/studio/7.0/toolchain/avr8/avr8-gnu-toolchain/bin/../lib/gcc/avr/5.4.0/avr5\libgcc.a(_copy_data.o)
 .text.libgcc.prologue
                0x00000000        0x0 c:/program files (x86)/atmel/studio/7.0/toolchain/avr8/avr8-gnu-toolchain/bin/../lib/gcc/avr/5.4.0/avr5\libgcc.a(_copy_data.o)
 .text.libgcc.builtins
                0x00000000        0x0 c:/program files (x86)/atmel/studio/7.0/toolchain/avr8/avr8-gnu-toolchain/bin/../lib/gcc/avr/5.4.0/avr5\libgcc.a(_copy_data.o)
 .text.libgcc.fmul
                0x00000000        0x0 c:/program files (x86)/atmel/studio/7.0/toolchain/avr8/avr8-gnu-toolchain/bin/../lib/gcc/avr/5.4.0/avr5\libgcc.a(_copy_data.o)
 .text.libgcc.fixed
                0x00000000        0x0 c:/program files (x86)/atmel/studio/7.0/toolchain/avr8/avr8-gnu-toolchain/bin/../lib/gcc/avr/5.4.0/avr5\libgcc.a(_copy_data.o)
 .text          0x00000000        0x0 c:/program files (x86)/atmel/studio/7.0/toolchain/avr8/avr8-gnu-toolchain/bin/../lib/gcc/avr/5.4.0/avr5\libgcc.a(_clear_bss.o)
 .data          0x00000000        0x0 c:/program files (x86)/atmel/studio/7.0/toolchain/avr8/avr8-gnu-toolchain/bin/../lib/gcc/avr/5.4.0/avr5\libgcc.a(_clear_bss.o)
 .bss           0x00000000        0x0 c:/program files (x86)/atmel/studio/7.0/toolchain/avr8/avr8-gnu-toolchain/bin/../lib/gcc/avr/5.4.0/avr5\libgcc.a(_clear_bss.o)
 .text.libgcc.mul
                0x00000000        0x0 c:/program files (x86)/atmel/studio/7.0/toolchain/avr8/avr8-gnu-toolchain/bin/../lib/gcc/avr/5.4.0/avr5\libgcc.a(_clear_bss.o)
 .text.libgcc.div
                0x00000000        0x0 c:/program files (x86)/atmel/studio/7.0/toolchain/avr8/avr8-gnu-toolchain/bin/../lib/gcc/avr/5.4.0/avr5\libgcc.a(_clear_bss.o)
 .text.libgcc   0x00000000        0x0 c:/program files (x86)/atmel/studio/7.0/toolchain/avr8/avr8-gnu-toolchain/bin/../lib/gcc/avr/5.4.0/avr5\libgcc.a(_clear_bss.o)
 .text.libgcc.prologue
                0x00000000        0x0 c:/program files (x86)/atmel/studio/7.0/toolchain/avr8/avr8-gnu-toolchain/bin/../lib/gcc/avr/5.4.0/avr5\libgcc.a(_clear_bss.o)
 .text.libgcc.builtins
                0x00000000        0x0 c:/program files (x86)/atmel/studio/7.0/toolchain/avr8/avr8-gnu-toolchain/bin/../lib/gcc/avr/5.4.0/avr5\libgcc.a(_clear_bss.o)
 .text.libgcc.fmul
                0x00000000        0x0 c:/program files (x86)/atmel/studio/7.0/toolchain/avr8/avr8-gnu-toolchain/bin/../lib/gcc/avr/5.4.0/avr5\libgcc.a(_clear_bss.o)
 .text.libgcc.fixed
                0x00000000        0x0 c:/program files (x86)/atmel/studio/7.0/toolchain/avr8/avr8-gnu-toolchain/bin/../lib/gcc/avr/5.4.0/avr5\libgcc.a(_clear_bss.o)
 .text          0x00000000        0x0 c:/program files (x86)/atmel/studio/7.0/toolchain/avr8/avr8-gnu-toolchain/bin/../lib/gcc/avr/5.4.0/../../../../avr/lib/avr5\libc.a(memcpy.o)
 .data          0x00000000        0x0 c:/program files (x86)/atmel/studio/7.0/toolchain/avr8/avr8-gnu-toolchain/bin/../lib/gcc/avr/5.4.0/../../../../avr/lib/avr5\libc.a(memcpy.o)
 .bss           0x00000000        0x0 c:/program files (x86)/atmel/studio/7.0/toolchain/avr8/avr8-gnu-toolchain/bin/../lib/gcc/avr/5.4.0/../../../../avr/lib/avr5\libc.a(memcpy.o)
 .text.avr-libc
                0x00000000       0x12 c:/program files (x86)/atmel/studio/7.0/toolchain/avr8/avr8-gnu-toolchain/bin/../lib/gcc/avr/5.4.0/../../../../avr/lib/avr5\libc.a(memcpy.o)

Memory Configuration

Name             Origin             Length             Attributes
text             0x00000000         0x00020000         xr
data             0x00800060         0x0000ffa0         rw !x
eeprom           0x00810000         0x00010000         rw !x
fuse             0x00820000         0x00000002         rw !x
lock             0x00830000         0x00000400         rw !x
signature        0x00840000         0x00000400         rw !x
user_signatures  0x00850000         0x00000400         rw !x
*default*        0x00000000         0xffffffff

Linker script and memory map

LOAD C:/Program Files (x86)/Atmel/Studio/7.0/Packs/atmel/ATmega_DFP/1.2.150/gcc/dev/atmega32/avr5/crtatmega32.o
LOAD APP/User_Story2.o
LOAD Common/softwaredelay.o
LOAD FreeRtos/croutine.o
LOAD FreeRtos/event_groups.o
LOAD FreeRtos/heap_1.o
LOAD FreeRtos/list.o
LOAD FreeRtos/port.o
LOAD FreeRtos/queue.o
LOAD FreeRtos/stream_buffer.o
LOAD FreeRtos/tasks.o
LOAD FreeRtos/timers.o
LOAD Hall/Keypad.o
LOAD Hall/LCD.o
LOAD main.o
LOAD MCAL/DIO.o
LOAD src/ASF/mega/boards/stk600/rcx_x/init.o
START GROUP
LOAD c:/program files (x86)/atmel/studio/7.0/toolchain/avr8/avr8-gnu-toolchain/bin/../lib/gcc/avr/5.4.0/../../../../avr/lib/avr5\libm.a
END GROUP
START GROUP
LOAD c:/program files (x86)/atmel/studio/7.0/toolchain/avr8/avr8-gnu-toolchain/bin/../lib/gcc/avr/5.4.0/avr5\libgcc.a
LOAD c:/program files (x86)/atmel/studio/7.0/toolchain/avr8/avr8-gnu-toolchain/bin/../lib/gcc/avr/5.4.0/../../../../avr/lib/avr5\libm.a
LOAD c:/program files (x86)/atmel/studio/7.0/toolchain/avr8/avr8-gnu-toolchain/bin/../lib/gcc/avr/5.4.0/../../../../avr/lib/avr5\libc.a
LOAD C:/Program Files (x86)/Atmel/Studio/7.0/Packs/atmel/ATmega_DFP/1.2.150/gcc/dev/atmega32/avr5\libatmega32.a
END GROUP
                0x00020000                __TEXT_REGION_LENGTH__ = DEFINED (__TEXT_REGION_LENGTH__)?__TEXT_REGION_LENGTH__:0x20000
                0x0000ffa0                __DATA_REGION_LENGTH__ = DEFINED (__DATA_REGION_LENGTH__)?__DATA_REGION_LENGTH__:0xffa0
                0x00010000                __EEPROM_REGION_LENGTH__ = DEFINED (__EEPROM_REGION_LENGTH__)?__EEPROM_REGION_LENGTH__:0x10000
                [0x00000002]                __FUSE_REGION_LENGTH__ = DEFINED (__FUSE_REGION_LENGTH__)?__FUSE_REGION_LENGTH__:0x400
                0x00000400                __LOCK_REGION_LENGTH__ = DEFINED (__LOCK_REGION_LENGTH__)?__LOCK_REGION_LENGTH__:0x400
                0x00000400                __SIGNATURE_REGION_LENGTH__ = DEFINED (__SIGNATURE_REGION_LENGTH__)?__SIGNATURE_REGION_LENGTH__:0x400
                0x00000400                __USER_SIGNATURE_REGION_LENGTH__ = DEFINED (__USER_SIGNATURE_REGION_LENGTH__)?__USER_SIGNATURE_REGION_LENGTH__:0x400

.hash
 *(.hash)

.dynsym
 *(.dynsym)

.dynstr
 *(.dynstr)

.gnu.version
 *(.gnu.version)

.gnu.version_d
 *(.gnu.version_d)

.gnu.version_r
 *(.gnu.version_r)

.rel.init
 *(.rel.init)

.rela.init
 *(.rela.init)

.rel.text
 *(.rel.text)
 *(.rel.text.*)
 *(.rel.gnu.linkonce.t*)

.rela.text
 *(.rela.text)
 *(.rela.text.*)
 *(.rela.gnu.linkonce.t*)

.rel.fini
 *(.rel.fini)

.rela.fini
 *(.rela.fini)

.rel.rodata
 *(.rel.rodata)
 *(.rel.rodata.*)
 *(.rel.gnu.linkonce.r*)

.rela.rodata
 *(.rela.rodata)
 *(.rela.rodata.*)
 *(.rela.gnu.linkonce.r*)

.rel.data
 *(.rel.data)
 *(.rel.data.*)
 *(.rel.gnu.linkonce.d*)

.rela.data
 *(.rela.data)
 *(.rela.data.*)
 *(.rela.gnu.linkonce.d*)

.rel.ctors
 *(.rel.ctors)

.rela.ctors
 *(.rela.ctors)

.rel.dtors
 *(.rel.dtors)

.rela.dtors
 *(.rela.dtors)

.rel.got
 *(.rel.got)

.rela.got
 *(.rela.got)

.rel.bss
 *(.rel.bss)

.rela.bss
 *(.rela.bss)

.rel.plt
 *(.rel.plt)

.rela.plt
 *(.rela.plt)

.text           0x00000000      0xf20
 *(.vectors)
 .vectors       0x00000000       0x54 C:/Program Files (x86)/Atmel/Studio/7.0/Packs/atmel/ATmega_DFP/1.2.150/gcc/dev/atmega32/avr5/crtatmega32.o
                0x00000000                __vector_default
                0x00000000                __vectors
 *(.vectors)
 *(.progmem.gcc*)
                0x00000054                . = ALIGN (0x2)
                0x00000054                __trampolines_start = .
 *(.trampolines)
 .trampolines   0x00000054        0x0 linker stubs
 *(.trampolines*)
                0x00000054                __trampolines_end = .
 *libprintf_flt.a:*(.progmem.data)
 *libc.a:*(.progmem.data)
 *(.progmem*)
                0x00000054                . = ALIGN (0x2)
 *(.jumptables)
 *(.jumptables*)
 *(.lowtext)
 *(.lowtext*)
                0x00000054                __ctors_start = .
 *(.ctors)
                0x00000054                __ctors_end = .
                0x00000054                __dtors_start = .
 *(.dtors)
                0x00000054                __dtors_end = .
 SORT(*)(.ctors)
 SORT(*)(.dtors)
 *(.init0)
 .init0         0x00000054        0x0 C:/Program Files (x86)/Atmel/Studio/7.0/Packs/atmel/ATmega_DFP/1.2.150/gcc/dev/atmega32/avr5/crtatmega32.o
                0x00000054                __init
 *(.init0)
 *(.init1)
 *(.init1)
 *(.init2)
 .init2         0x00000054        0xc C:/Program Files (x86)/Atmel/Studio/7.0/Packs/atmel/ATmega_DFP/1.2.150/gcc/dev/atmega32/avr5/crtatmega32.o
 *(.init2)
 *(.init3)
 *(.init3)
 *(.init4)
 .init4         0x00000060       0x16 c:/program files (x86)/atmel/studio/7.0/toolchain/avr8/avr8-gnu-toolchain/bin/../lib/gcc/avr/5.4.0/avr5\libgcc.a(_copy_data.o)
                0x00000060                __do_copy_data
 .init4         0x00000076       0x10 c:/program files (x86)/atmel/studio/7.0/toolchain/avr8/avr8-gnu-toolchain/bin/../lib/gcc/avr/5.4.0/avr5\libgcc.a(_clear_bss.o)
                0x00000076                __do_clear_bss
 *(.init4)
 *(.init5)
 *(.init5)
 *(.init6)
 *(.init6)
 *(.init7)
 *(.init7)
 *(.init8)
 *(.init8)
 *(.init9)
 .init9         0x00000086        0x4 C:/Program Files (x86)/Atmel/Studio/7.0/Packs/atmel/ATmega_DFP/1.2.150/gcc/dev/atmega32/avr5/crtatmega32.o
 *(.init9)
 *(.text)
 .text          0x0000008a        0x2 C:/Program Files (x86)/Atmel/Studio/7.0/Packs/atmel/ATmega_DFP/1.2.150/gcc/dev/atmega32/avr5/crtatmega32.o
                0x0000008a                __vector_1
                0x0000008a                __vector_12
                0x0000008a                __bad_interrupt
                0x0000008a                __vector_6
                0x0000008a                __vector_3
                0x0000008a                __vector_11
                0x0000008a                __vector_13
                0x0000008a                __vector_17
                0x0000008a                __vector_19
                0x0000008a                __vector_5
                0x0000008a                __vector_4
                0x0000008a                __vector_9
                0x0000008a                __vector_2
                0x0000008a                __vector_15
                0x0000008a                __vector_8
                0x0000008a                __vector_14
                0x0000008a                __vector_10
                0x0000008a                __vector_16
                0x0000008a                __vector_18
                0x0000008a                __vector_20
                0x0000008c                . = ALIGN (0x2)
 *(.text.*)
 .text.UserStoryTwoInit
                0x0000008c        0x8 APP/User_Story2.o
                0x0000008c                UserStoryTwoInit
 .text.UserStoryTwo
                0x00000094       0xc2 APP/User_Story2.o
                0x00000094                UserStoryTwo
 .text.softwareDelayUS
                0x00000156       0x34 Common/softwaredelay.o
                0x00000156                softwareDelayUS
 .text.pvPortMalloc
                0x0000018a       0x66 FreeRtos/heap_1.o
                0x0000018a                pvPortMalloc
 .text.vPortFree
                0x000001f0        0x2 FreeRtos/heap_1.o
                0x000001f0                vPortFree
 .text.vListInitialise
                0x000001f2       0x1c FreeRtos/list.o
                0x000001f2                vListInitialise
 .text.vListInitialiseItem
                0x0000020e        0x8 FreeRtos/list.o
                0x0000020e                vListInitialiseItem
 .text.vListInsertEnd
                0x00000216       0x42 FreeRtos/list.o
                0x00000216                vListInsertEnd
 .text.vListInsert
                0x00000258       0x62 FreeRtos/list.o
                0x00000258                vListInsert
 .text.uxListRemove
                0x000002ba       0x4e FreeRtos/list.o
                0x000002ba                uxListRemove
 .text.pxPortInitialiseStack
                0x00000308       0xd8 FreeRtos/port.o
                0x00000308                pxPortInitialiseStack
 .text.xPortStartScheduler
                0x000003e0       0x6a FreeRtos/port.o
                0x000003e0                xPortStartScheduler
 .text.vPortYield
                0x0000044a       0xb0 FreeRtos/port.o
                0x0000044a                vPortYield
 .text.__vector_7
                0x000004fa       0x46 FreeRtos/port.o
                0x000004fa                __vector_7
 .text.prvResetNextTaskUnblockTime
                0x00000540       0x3e FreeRtos/tasks.o
 .text.prvIdleTask
                0x0000057e       0x54 FreeRtos/tasks.o
 .text.prvAddCurrentTaskToDelayedList
                0x000005d2       0xa8 FreeRtos/tasks.o
 .text.xTaskCreate
                0x0000067a      0x1f4 FreeRtos/tasks.o
                0x0000067a                xTaskCreate
 .text.vTaskDelete
                0x0000086e       0x9c FreeRtos/tasks.o
                0x0000086e                vTaskDelete
 .text.vTaskStartScheduler
                0x0000090a       0x50 FreeRtos/tasks.o
                0x0000090a                vTaskStartScheduler
 .text.vTaskSuspendAll
                0x0000095a        0xc FreeRtos/tasks.o
                0x0000095a                vTaskSuspendAll
 .text.xTaskGetTickCount
                0x00000966       0x14 FreeRtos/tasks.o
                0x00000966                xTaskGetTickCount
 .text.xTaskIncrementTick
                0x0000097a      0x138 FreeRtos/tasks.o
                0x0000097a                xTaskIncrementTick
 .text.xTaskResumeAll
                0x00000ab2       0xe4 FreeRtos/tasks.o
                0x00000ab2                xTaskResumeAll
 .text.vTaskDelayUntil
                0x00000b96       0x74 FreeRtos/tasks.o
                0x00000b96                vTaskDelayUntil
 .text.vTaskSwitchContext
                0x00000c0a       0xcc FreeRtos/tasks.o
                0x00000c0a                vTaskSwitchContext
 .text.xTaskGetCurrentTaskHandle
                0x00000cd6        0xa FreeRtos/tasks.o
                0x00000cd6                xTaskGetCurrentTaskHandle
 .text.KeyPad_getPressedKey
                0x00000ce0       0x9a Hall/Keypad.o
                0x00000ce0                KeyPad_getPressedKey
 .text.LCD_sendCommand
                0x00000d7a       0x60 Hall/LCD.o
                0x00000d7a                LCD_sendCommand
 .text.LCD_init
                0x00000dda       0x2e Hall/LCD.o
                0x00000dda                LCD_init
 .text.LCD_displayCharacter
                0x00000e08       0x8e Hall/LCD.o
                0x00000e08                LCD_displayCharacter
 .text.LCD_displayString
                0x00000e96       0x2a Hall/LCD.o
                0x00000e96                LCD_displayString
 .text.LCD_clearScreen
                0x00000ec0        0x6 Hall/LCD.o
                0x00000ec0                LCD_clearScreen
 .text.vOtherFunction
                0x00000ec6       0x50 main.o
                0x00000ec6                vOtherFunction
 .text.main     0x00000f16        0x6 main.o
                0x00000f16                main
                0x00000f1c                . = ALIGN (0x2)
 *(.fini9)
 .fini9         0x00000f1c        0x0 c:/program files (x86)/atmel/studio/7.0/toolchain/avr8/avr8-gnu-toolchain/bin/../lib/gcc/avr/5.4.0/avr5\libgcc.a(_exit.o)
                0x00000f1c                _exit
                0x00000f1c                exit
 *(.fini9)
 *(.fini8)
 *(.fini8)
 *(.fini7)
 *(.fini7)
 *(.fini6)
 *(.fini6)
 *(.fini5)
 *(.fini5)
 *(.fini4)
 *(.fini4)
 *(.fini3)
 *(.fini3)
 *(.fini2)
 *(.fini2)
 *(.fini1)
 *(.fini1)
 *(.fini0)
 .fini0         0x00000f1c        0x4 c:/program files (x86)/atmel/studio/7.0/toolchain/avr8/avr8-gnu-toolchain/bin/../lib/gcc/avr/5.4.0/avr5\libgcc.a(_exit.o)
 *(.fini0)
                0x00000f20                _etext = .

.data           0x00800060       0x2a load address 0x00000f20
                0x00800060                PROVIDE (__data_start, .)
 *(.data)
 *(.data*)
 *(.gnu.linkonce.d*)
 *(.rodata)
 *(.rodata*)
 .rodata.str1.1
                0x00800060       0x11 APP/User_Story2.o
 .rodata.arr_passcode
                0x00800071        0x6 APP/User_Story2.o
 .rodata.str1.1
                0x00800077        0x5 FreeRtos/tasks.o
 .rodata.str1.1
                0x0080007c        0xe main.o
 *(.gnu.linkonce.r*)
                0x0080008a                . = ALIGN (0x2)
                0x0080008a                _edata = .
                0x0080008a                PROVIDE (__data_end, .)

.bss            0x0080008a      0x64e
                0x0080008a                PROVIDE (__bss_start, .)
 *(.bss)
 *(.bss*)
 .bss.u8_pass_match_flag.1996
                0x0080008a        0x1 APP/User_Story2.o
 .bss.u8_counter.1997
                0x0080008b        0x1 APP/User_Story2.o
 .bss.u8_entry_counter.1994
                0x0080008c        0x1 APP/User_Story2.o
 .bss.u8_waiting_flag.1995
                0x0080008d        0x1 APP/User_Story2.o
 .bss.pucAlignedHeap.2084
                0x0080008e        0x2 FreeRtos/heap_1.o
 .bss.xNextFreeByte
                0x00800090        0x2 FreeRtos/heap_1.o
 .bss.ucHeap    0x00800092      0x5dc FreeRtos/heap_1.o
 .bss.uxSchedulerSuspended
                0x0080066e        0x1 FreeRtos/tasks.o
 .bss.xIdleTaskHandle
                0x0080066f        0x2 FreeRtos/tasks.o
 .bss.xNextTaskUnblockTime
                0x00800671        0x2 FreeRtos/tasks.o
 .bss.uxTaskNumber
                0x00800673        0x1 FreeRtos/tasks.o
 .bss.xNumOfOverflows
                0x00800674        0x1 FreeRtos/tasks.o
 .bss.xYieldPending
                0x00800675        0x1 FreeRtos/tasks.o
 .bss.uxPendedTicks
                0x00800676        0x1 FreeRtos/tasks.o
 .bss.xSchedulerRunning
                0x00800677        0x1 FreeRtos/tasks.o
 .bss.uxTopReadyPriority
                0x00800678        0x1 FreeRtos/tasks.o
 .bss.xTickCount
                0x00800679        0x2 FreeRtos/tasks.o
 .bss.uxCurrentNumberOfTasks
                0x0080067b        0x1 FreeRtos/tasks.o
 .bss.xSuspendedTaskList
                0x0080067c        0x9 FreeRtos/tasks.o
 .bss.uxDeletedTasksWaitingCleanUp
                0x00800685        0x1 FreeRtos/tasks.o
 .bss.xTasksWaitingTermination
                0x00800686        0x9 FreeRtos/tasks.o
 .bss.xPendingReadyList
                0x0080068f        0x9 FreeRtos/tasks.o
 .bss.pxOverflowDelayedTaskList
                0x00800698        0x2 FreeRtos/tasks.o
 .bss.pxDelayedTaskList
                0x0080069a        0x2 FreeRtos/tasks.o
 .bss.xDelayedTaskList2
                0x0080069c        0x9 FreeRtos/tasks.o
 .bss.xDelayedTaskList1
                0x008006a5        0x9 FreeRtos/tasks.o
 .bss.pxReadyTasksLists
                0x008006ae       0x24 FreeRtos/tasks.o
 .bss.pxCurrentTCB
                0x008006d2        0x2 FreeRtos/tasks.o
                0x008006d2                pxCurrentTCB
 *(COMMON)
 COMMON         0x008006d4        0x4 Hall/LCD.o
                0x008006d4                gu8_String_CompleteFlag
                0x008006d5                gu8_SendChar_CompleteFlag
                0x008006d6                gu8_LCDInit_CompleteFlag
                0x008006d7                gu8_SendCommand_CompleteFlag
                0x008006d8                PROVIDE (__bss_end, .)
                0x00000f20                __data_load_start = LOADADDR (.data)
                0x00000f4a                __data_load_end = (__data_load_start + SIZEOF (.data))

.noinit         0x008006d8        0x0
                [!provide]                PROVIDE (__noinit_start, .)
 *(.noinit*)
                [!provide]                PROVIDE (__noinit_end, .)
                0x008006d8                _end = .
                [!provide]                PROVIDE (__heap_start, .)

.eeprom         0x00810000        0x0
 *(.eeprom*)
                0x00810000                __eeprom_end = .

.fuse
 *(.fuse)
 *(.lfuse)
 *(.hfuse)
 *(.efuse)

.lock
 *(.lock*)

.signature
 *(.signature*)

.user_signatures
 *(.user_signatures*)

.stab
 *(.stab)

.stabstr
 *(.stabstr)

.stab.excl
 *(.stab.excl)

.stab.exclstr
 *(.stab.exclstr)

.stab.index
 *(.stab.index)

.stab.indexstr
 *(.stab.indexstr)

.comment        0x00000000       0x30
 *(.comment)
 .comment       0x00000000       0x30 APP/User_Story2.o
                                 0x31 (size before relaxing)
 .comment       0x00000030       0x31 Common/softwaredelay.o
 .comment       0x00000030       0x31 FreeRtos/heap_1.o
 .comment       0x00000030       0x31 FreeRtos/list.o
 .comment       0x00000030       0x31 FreeRtos/port.o
 .comment       0x00000030       0x31 FreeRtos/tasks.o
 .comment       0x00000030       0x31 Hall/Keypad.o
 .comment       0x00000030       0x31 Hall/LCD.o
 .comment       0x00000030       0x31 main.o

.note.gnu.avr.deviceinfo
                0x00000000       0x3c
 .note.gnu.avr.deviceinfo
                0x00000000       0x3c C:/Program Files (x86)/Atmel/Studio/7.0/Packs/atmel/ATmega_DFP/1.2.150/gcc/dev/atmega32/avr5/crtatmega32.o

.note.gnu.build-id
 *(.note.gnu.build-id)

.debug
 *(.debug)

.line
 *(.line)

.debug_srcinfo
 *(.debug_srcinfo)

.debug_sfnames
 *(.debug_sfnames)

.debug_aranges  0x00000000      0x2e0
 *(.debug_aranges)
 .debug_aranges
                0x00000000       0x28 APP/User_Story2.o
 .debug_aranges
                0x00000028       0x28 Common/softwaredelay.o
 .debug_aranges
                0x00000050       0x38 FreeRtos/heap_1.o
 .debug_aranges
                0x00000088       0x40 FreeRtos/list.o
 .debug_aranges
                0x000000c8       0x48 FreeRtos/port.o
 .debug_aranges
                0x00000110      0x138 FreeRtos/tasks.o
 .debug_aranges
                0x00000248       0x20 Hall/Keypad.o
 .debug_aranges
                0x00000268       0x50 Hall/LCD.o
 .debug_aranges
                0x000002b8       0x28 main.o

.debug_pubnames
 *(.debug_pubnames)

.debug_info     0x00000000     0x31bd
 *(.debug_info .gnu.linkonce.wi.*)
 .debug_info    0x00000000      0x4e6 C:/Program Files (x86)/Atmel/Studio/7.0/Packs/atmel/ATmega_DFP/1.2.150/gcc/dev/atmega32/avr5/crtatmega32.o
 .debug_info    0x000004e6      0x2ab APP/User_Story2.o
 .debug_info    0x00000791      0x142 Common/softwaredelay.o
 .debug_info    0x000008d3      0x1a8 FreeRtos/heap_1.o
 .debug_info    0x00000a7b      0x2dc FreeRtos/list.o
 .debug_info    0x00000d57      0x267 FreeRtos/port.o
 .debug_info    0x00000fbe     0x1b27 FreeRtos/tasks.o
 .debug_info    0x00002ae5      0x10a Hall/Keypad.o
 .debug_info    0x00002bef      0x441 Hall/LCD.o
 .debug_info    0x00003030      0x18d main.o

.debug_abbrev   0x00000000      0xfa9
 *(.debug_abbrev)
 .debug_abbrev  0x00000000      0x4a3 C:/Program Files (x86)/Atmel/Studio/7.0/Packs/atmel/ATmega_DFP/1.2.150/gcc/dev/atmega32/avr5/crtatmega32.o
 .debug_abbrev  0x000004a3      0x121 APP/User_Story2.o
 .debug_abbrev  0x000005c4       0x95 Common/softwaredelay.o
 .debug_abbrev  0x00000659      0x11f FreeRtos/heap_1.o
 .debug_abbrev  0x00000778      0x102 FreeRtos/list.o
 .debug_abbrev  0x0000087a      0x172 FreeRtos/port.o
 .debug_abbrev  0x000009ec      0x31d FreeRtos/tasks.o
 .debug_abbrev  0x00000d09       0xb4 Hall/Keypad.o
 .debug_abbrev  0x00000dbd      0x115 Hall/LCD.o
 .debug_abbrev  0x00000ed2       0xd7 main.o

.debug_line     0x00000000     0x2b30
 *(.debug_line .debug_line.* .debug_line_end)
 .debug_line    0x00000000      0x115 C:/Program Files (x86)/Atmel/Studio/7.0/Packs/atmel/ATmega_DFP/1.2.150/gcc/dev/atmega32/avr5/crtatmega32.o
 .debug_line    0x00000115      0x4cf APP/User_Story2.o
 .debug_line    0x000005e4       0xd1 Common/softwaredelay.o
 .debug_line    0x000006b5      0x35a FreeRtos/heap_1.o
 .debug_line    0x00000a0f      0x3e1 FreeRtos/list.o
 .debug_line    0x00000df0      0x4a6 FreeRtos/port.o
 .debug_line    0x00001296     0x1010 FreeRtos/tasks.o
 .debug_line    0x000022a6      0x15d Hall/Keypad.o
 .debug_line    0x00002403      0x2cb Hall/LCD.o
 .debug_line    0x000026ce      0x462 main.o

.debug_frame    0x00000000      0x7c8
 *(.debug_frame)
 .debug_frame   0x00000000       0x44 APP/User_Story2.o
 .debug_frame   0x00000044       0x34 Common/softwaredelay.o
 .debug_frame   0x00000078       0x60 FreeRtos/heap_1.o
 .debug_frame   0x000000d8       0x88 FreeRtos/list.o
 .debug_frame   0x00000160       0xbc FreeRtos/port.o
 .debug_frame   0x0000021c      0x474 FreeRtos/tasks.o
 .debug_frame   0x00000690       0x34 Hall/Keypad.o
 .debug_frame   0x000006c4       0xb0 Hall/LCD.o
 .debug_frame   0x00000774       0x54 main.o

.debug_str      0x00000000     0xcb5b
 *(.debug_str)
 .debug_str     0x00000000      0x196 C:/Program Files (x86)/Atmel/Studio/7.0/Packs/atmel/ATmega_DFP/1.2.150/gcc/dev/atmega32/avr5/crtatmega32.o
 .debug_str     0x00000196     0x9e96 APP/User_Story2.o
                               0x9fdb (size before relaxing)
 .debug_str     0x0000a02c       0x6a Common/softwaredelay.o
                               0x2c6d (size before relaxing)
 .debug_str     0x0000a096      0x35e FreeRtos/heap_1.o
                               0x9ad6 (size before relaxing)
 .debug_str     0x0000a3f4      0x129 FreeRtos/list.o
                               0x9456 (size before relaxing)
 .debug_str     0x0000a51d      0xc73 FreeRtos/port.o
                               0xa630 (size before relaxing)
 .debug_str     0x0000b190     0x1839 FreeRtos/tasks.o
                               0xb4c0 (size before relaxing)
 .debug_str     0x0000c9c9       0x6d Hall/Keypad.o
                               0x30e1 (size before relaxing)
 .debug_str     0x0000ca36       0xf6 Hall/LCD.o
                               0x32ad (size before relaxing)
 .debug_str     0x0000cb2c       0x2f main.o
                               0x9e1d (size before relaxing)

.debug_loc      0x00000000     0x27ae
 *(.debug_loc)
 .debug_loc     0x00000000       0xac APP/User_Story2.o
 .debug_loc     0x000000ac       0xea Common/softwaredelay.o
 .debug_loc     0x00000196       0xf1 FreeRtos/heap_1.o
 .debug_loc     0x00000287      0x145 FreeRtos/list.o
 .debug_loc     0x000003cc      0x36b FreeRtos/port.o
 .debug_loc     0x00000737     0x1ccf FreeRtos/tasks.o
 .debug_loc     0x00002406       0xea Hall/Keypad.o
 .debug_loc     0x000024f0      0x24f Hall/LCD.o
 .debug_loc     0x0000273f       0x6f main.o

.debug_macinfo
 *(.debug_macinfo)

.debug_weaknames
 *(.debug_weaknames)

.debug_funcnames
 *(.debug_funcnames)

.debug_typenames
 *(.debug_typenames)

.debug_varnames
 *(.debug_varnames)

.debug_pubtypes
 *(.debug_pubtypes)

.debug_ranges   0x00000000      0x2b0
 *(.debug_ranges)
 .debug_ranges  0x00000000       0x18 APP/User_Story2.o
 .debug_ranges  0x00000018       0x18 Common/softwaredelay.o
 .debug_ranges  0x00000030       0x28 FreeRtos/heap_1.o
 .debug_ranges  0x00000058       0x30 FreeRtos/list.o
 .debug_ranges  0x00000088       0x38 FreeRtos/port.o
 .debug_ranges  0x000000c0      0x170 FreeRtos/tasks.o
 .debug_ranges  0x00000230       0x28 Hall/Keypad.o
 .debug_ranges  0x00000258       0x40 Hall/LCD.o
 .debug_ranges  0x00000298       0x18 main.o

.debug_macro    0x00000000     0x3924
 *(.debug_macro)
 .debug_macro   0x00000000      0x1c0 APP/User_Story2.o
 .debug_macro   0x000001c0      0xa4e APP/User_Story2.o
 .debug_macro   0x00000c0e      0x16d APP/User_Story2.o
 .debug_macro   0x00000d7b      0x1c9 APP/User_Story2.o
 .debug_macro   0x00000f44       0x10 APP/User_Story2.o
 .debug_macro   0x00000f54      0x302 APP/User_Story2.o
 .debug_macro   0x00001256       0x9e APP/User_Story2.o
 .debug_macro   0x000012f4      0xc24 APP/User_Story2.o
 .debug_macro   0x00001f18      0x170 APP/User_Story2.o
 .debug_macro   0x00002088       0xbd APP/User_Story2.o
 .debug_macro   0x00002145       0x34 APP/User_Story2.o
 .debug_macro   0x00002179       0x18 APP/User_Story2.o
 .debug_macro   0x00002191       0x6c APP/User_Story2.o
 .debug_macro   0x000021fd       0x94 APP/User_Story2.o
 .debug_macro   0x00002291      0x15a APP/User_Story2.o
 .debug_macro   0x000023eb       0x7c APP/User_Story2.o
 .debug_macro   0x00002467       0x10 APP/User_Story2.o
 .debug_macro   0x00002477       0x26 APP/User_Story2.o
 .debug_macro   0x0000249d      0x543 APP/User_Story2.o
 .debug_macro   0x000029e0       0xb5 APP/User_Story2.o
 .debug_macro   0x00002a95       0xaa APP/User_Story2.o
 .debug_macro   0x00002b3f       0x3a APP/User_Story2.o
 .debug_macro   0x00002b79       0x7c APP/User_Story2.o
 .debug_macro   0x00002bf5       0x2e APP/User_Story2.o
 .debug_macro   0x00002c23       0x6a APP/User_Story2.o
 .debug_macro   0x00002c8d       0x64 APP/User_Story2.o
 .debug_macro   0x00002cf1       0x2e APP/User_Story2.o
 .debug_macro   0x00002d1f       0x24 Common/softwaredelay.o
 .debug_macro   0x00002d43      0x11d FreeRtos/heap_1.o
 .debug_macro   0x00002e60       0xfc FreeRtos/list.o
 .debug_macro   0x00002f5c      0x145 FreeRtos/port.o
 .debug_macro   0x000030a1      0x2fc FreeRtos/port.o
 .debug_macro   0x0000339d       0x63 FreeRtos/port.o
 .debug_macro   0x00003400       0x9a FreeRtos/port.o
 .debug_macro   0x0000349a      0x1d2 FreeRtos/tasks.o
 .debug_macro   0x0000366c       0x10 FreeRtos/tasks.o
 .debug_macro   0x0000367c       0x78 Hall/Keypad.o
 .debug_macro   0x000036f4       0x28 Hall/Keypad.o
 .debug_macro   0x0000371c       0x94 Hall/LCD.o
 .debug_macro   0x000037b0      0x174 main.o
OUTPUT(story1.elf elf32-avr)
LOAD linker stubs
