Archive member included to satisfy reference by file (symbol)

c:/program files (x86)/atmel/studio/7.0/toolchain/avr8/avr8-gnu-toolchain/bin/../lib/gcc/avr/5.4.0/avr5\libgcc.a(_exit.o)
                              C:/Program Files (x86)/Atmel/Studio/7.0/Packs/atmel/ATmega_DFP/1.2.150/gcc/dev/atmega32/avr5/crtatmega32.o (exit)
c:/program files (x86)/atmel/studio/7.0/toolchain/avr8/avr8-gnu-toolchain/bin/../lib/gcc/avr/5.4.0/avr5\libgcc.a(_tablejump2.o)
                              mcal/Timer.o (__tablejump2__)
c:/program files (x86)/atmel/studio/7.0/toolchain/avr8/avr8-gnu-toolchain/bin/../lib/gcc/avr/5.4.0/avr5\libgcc.a(_copy_data.o)
                              ECUAL/LCDpb.o (__do_copy_data)
c:/program files (x86)/atmel/studio/7.0/toolchain/avr8/avr8-gnu-toolchain/bin/../lib/gcc/avr/5.4.0/avr5\libgcc.a(_clear_bss.o)
                              mcal/Timer.o (__do_clear_bss)

Allocating common symbols
Common symbol       size              file

gu_timer_count3     0x4               mcal/Timer.o
gu_timer_count2     0x4               mcal/Timer.o

Discarded input sections

 .data          0x00000000        0x0 C:/Program Files (x86)/Atmel/Studio/7.0/Packs/atmel/ATmega_DFP/1.2.150/gcc/dev/atmega32/avr5/crtatmega32.o
 .bss           0x00000000        0x0 C:/Program Files (x86)/Atmel/Studio/7.0/Packs/atmel/ATmega_DFP/1.2.150/gcc/dev/atmega32/avr5/crtatmega32.o
 .group         0x00000000        0x8 common/softwaredelay.o
 .group         0x00000000        0x8 common/softwaredelay.o
 .text          0x00000000        0x0 common/softwaredelay.o
 .data          0x00000000        0x0 common/softwaredelay.o
 .bss           0x00000000        0x0 common/softwaredelay.o
 .text.softwareDelayUS
                0x00000000       0x34 common/softwaredelay.o
 .group         0x00000000        0x8 ECUAL/LCD.o
 .group         0x00000000        0x8 ECUAL/LCD.o
 .group         0x00000000        0x8 ECUAL/LCD.o
 .group         0x00000000        0x8 ECUAL/LCD.o
 .group         0x00000000        0x8 ECUAL/LCD.o
 .group         0x00000000        0x8 ECUAL/LCD.o
 .text          0x00000000        0x0 ECUAL/LCD.o
 .data          0x00000000        0x0 ECUAL/LCD.o
 .bss           0x00000000        0x0 ECUAL/LCD.o
 .debug_macro   0x00000000      0xa4e ECUAL/LCD.o
 .debug_macro   0x00000000       0x3a ECUAL/LCD.o
 .group         0x00000000        0x8 ECUAL/LCDpb.o
 .group         0x00000000        0x8 ECUAL/LCDpb.o
 .group         0x00000000        0x8 ECUAL/LCDpb.o
 .group         0x00000000        0x8 ECUAL/LCDpb.o
 .group         0x00000000        0x8 ECUAL/LCDpb.o
 .group         0x00000000        0x8 ECUAL/LCDpb.o
 .text          0x00000000        0x0 ECUAL/LCDpb.o
 .data          0x00000000        0x0 ECUAL/LCDpb.o
 .bss           0x00000000        0x0 ECUAL/LCDpb.o
 .debug_macro   0x00000000      0xa4e ECUAL/LCDpb.o
 .debug_macro   0x00000000       0x3a ECUAL/LCDpb.o
 .debug_macro   0x00000000      0x220 ECUAL/LCDpb.o
 .debug_macro   0x00000000       0x2e ECUAL/LCDpb.o
 .debug_macro   0x00000000       0x9a ECUAL/LCDpb.o
 .debug_macro   0x00000000       0xb2 ECUAL/LCDpb.o
 .group         0x00000000        0x8 mcal/DIO.o
 .group         0x00000000        0x8 mcal/DIO.o
 .group         0x00000000        0x8 mcal/DIO.o
 .group         0x00000000        0x8 mcal/DIO.o
 .group         0x00000000        0x8 mcal/DIO.o
 .text          0x00000000        0x0 mcal/DIO.o
 .data          0x00000000        0x0 mcal/DIO.o
 .bss           0x00000000        0x0 mcal/DIO.o
 .text.DIO_Read
                0x00000000       0x7c mcal/DIO.o
 .text.DIO_Toggle
                0x00000000       0x3c mcal/DIO.o
 .debug_macro   0x00000000      0xa4e mcal/DIO.o
 .debug_macro   0x00000000       0x3a mcal/DIO.o
 .debug_macro   0x00000000      0x220 mcal/DIO.o
 .debug_macro   0x00000000       0x2e mcal/DIO.o
 .debug_macro   0x00000000       0x9a mcal/DIO.o
 .group         0x00000000        0x8 mcal/Timer.o
 .group         0x00000000        0x8 mcal/Timer.o
 .group         0x00000000        0x8 mcal/Timer.o
 .group         0x00000000        0x8 mcal/Timer.o
 .group         0x00000000        0x8 mcal/Timer.o
 .group         0x00000000        0x8 mcal/Timer.o
 .text          0x00000000        0x0 mcal/Timer.o
 .data          0x00000000        0x0 mcal/Timer.o
 .bss           0x00000000        0x0 mcal/Timer.o
 .text.Timer_Init
                0x00000000       0xcc mcal/Timer.o
 .text.Timer_Start
                0x00000000      0x2d0 mcal/Timer.o
 .progmem.gcc_sw_table.Timer_Start
                0x00000000        0xe mcal/Timer.o
 .text.Timer_Stop
                0x00000000       0x76 mcal/Timer.o
 .text.Timer_GetStatus
                0x00000000       0x5c mcal/Timer.o
 .text.Timer_GetValue
                0x00000000       0x52 mcal/Timer.o
 .text.Timer_SetValue
                0x00000000       0x32 mcal/Timer.o
 .text.Timer_Setcallback
                0x00000000       0x14 mcal/Timer.o
 .bss.gsau8_initState
                0x00000000        0x3 mcal/Timer.o
 .bss.gsau8_preScaler
                0x00000000        0x3 mcal/Timer.o
 .bss.gsau8_mode
                0x00000000        0x3 mcal/Timer.o
 .debug_macro   0x00000000      0xa4e mcal/Timer.o
 .debug_macro   0x00000000       0x3a mcal/Timer.o
 .debug_macro   0x00000000      0x220 mcal/Timer.o
 .debug_macro   0x00000000       0x2e mcal/Timer.o
 COMMON         0x00000000        0x8 mcal/Timer.o
 .group         0x00000000        0x8 servicelayer/SOS.o
 .group         0x00000000        0x8 servicelayer/SOS.o
 .group         0x00000000        0x8 servicelayer/SOS.o
 .group         0x00000000        0x8 servicelayer/SOS.o
 .group         0x00000000        0x8 servicelayer/SOS.o
 .group         0x00000000        0x8 servicelayer/SOS.o
 .group         0x00000000        0x8 servicelayer/SOS.o
 .group         0x00000000        0x8 servicelayer/SOS.o
 .group         0x00000000        0x8 servicelayer/SOS.o
 .text          0x00000000        0x0 servicelayer/SOS.o
 .data          0x00000000        0x0 servicelayer/SOS.o
 .bss           0x00000000        0x0 servicelayer/SOS.o
 .text.SOS_taskbublesort
                0x00000000       0x64 servicelayer/SOS.o
 .text.SOS_schedulertime
                0x00000000       0x28 servicelayer/SOS.o
 .text.SOS_Init
                0x00000000       0x90 servicelayer/SOS.o
 .text.SOS_Start_Timer
                0x00000000       0x8c servicelayer/SOS.o
 .text.SOS_Stop_Timer
                0x00000000      0x10e servicelayer/SOS.o
 .text.SOS_Dispatch
                0x00000000      0x11c servicelayer/SOS.o
 .text.SOS_DeInit
                0x00000000       0x44 servicelayer/SOS.o
 .bss.gu32_ostick
                0x00000000        0x4 servicelayer/SOS.o
 .bss.gastr_SOSbuffer
                0x00000000       0x18 servicelayer/SOS.o
 .bss.gu8_SOSinitflag
                0x00000000        0x1 servicelayer/SOS.o
 .bss.gu8_SOStasks
                0x00000000        0x1 servicelayer/SOS.o
 .debug_info    0x00000000      0x58e servicelayer/SOS.o
 .debug_abbrev  0x00000000      0x1bd servicelayer/SOS.o
 .debug_loc     0x00000000      0x624 servicelayer/SOS.o
 .debug_aranges
                0x00000000       0x50 servicelayer/SOS.o
 .debug_ranges  0x00000000       0x80 servicelayer/SOS.o
 .debug_macro   0x00000000       0x89 servicelayer/SOS.o
 .debug_macro   0x00000000      0xa4e servicelayer/SOS.o
 .debug_macro   0x00000000       0x3a servicelayer/SOS.o
 .debug_macro   0x00000000       0x16 servicelayer/SOS.o
 .debug_macro   0x00000000       0x3a servicelayer/SOS.o
 .debug_macro   0x00000000      0x220 servicelayer/SOS.o
 .debug_macro   0x00000000       0x2e servicelayer/SOS.o
 .debug_macro   0x00000000       0x8e servicelayer/SOS.o
 .debug_macro   0x00000000       0x70 servicelayer/SOS.o
 .debug_macro   0x00000000       0x52 servicelayer/SOS.o
 .debug_line    0x00000000      0x4f9 servicelayer/SOS.o
 .debug_str     0x00000000     0x3cfa servicelayer/SOS.o
 .comment       0x00000000       0x31 servicelayer/SOS.o
 .debug_frame   0x00000000       0xf4 servicelayer/SOS.o
 .group         0x00000000        0x8 servicelayer/SOS_postconfg.o
 .group         0x00000000        0x8 servicelayer/SOS_postconfg.o
 .group         0x00000000        0x8 servicelayer/SOS_postconfg.o
 .group         0x00000000        0x8 servicelayer/SOS_postconfg.o
 .group         0x00000000        0x8 servicelayer/SOS_postconfg.o
 .group         0x00000000        0x8 servicelayer/SOS_postconfg.o
 .group         0x00000000        0x8 servicelayer/SOS_postconfg.o
 .group         0x00000000        0x8 servicelayer/SOS_postconfg.o
 .group         0x00000000        0x8 servicelayer/SOS_postconfg.o
 .text          0x00000000        0x0 servicelayer/SOS_postconfg.o
 .data          0x00000000        0x0 servicelayer/SOS_postconfg.o
 .bss           0x00000000        0x0 servicelayer/SOS_postconfg.o
 .data.gstr_OSCONFIG
                0x00000000        0x2 servicelayer/SOS_postconfg.o
 .debug_info    0x00000000       0xab servicelayer/SOS_postconfg.o
 .debug_abbrev  0x00000000       0x65 servicelayer/SOS_postconfg.o
 .debug_aranges
                0x00000000       0x18 servicelayer/SOS_postconfg.o
 .debug_macro   0x00000000       0x89 servicelayer/SOS_postconfg.o
 .debug_macro   0x00000000      0xa4e servicelayer/SOS_postconfg.o
 .debug_macro   0x00000000       0x3a servicelayer/SOS_postconfg.o
 .debug_macro   0x00000000       0x16 servicelayer/SOS_postconfg.o
 .debug_macro   0x00000000       0x3a servicelayer/SOS_postconfg.o
 .debug_macro   0x00000000      0x220 servicelayer/SOS_postconfg.o
 .debug_macro   0x00000000       0x2e servicelayer/SOS_postconfg.o
 .debug_macro   0x00000000       0x8e servicelayer/SOS_postconfg.o
 .debug_macro   0x00000000       0x70 servicelayer/SOS_postconfg.o
 .debug_macro   0x00000000       0x52 servicelayer/SOS_postconfg.o
 .debug_line    0x00000000      0x15e servicelayer/SOS_postconfg.o
 .debug_str     0x00000000     0x39e5 servicelayer/SOS_postconfg.o
 .comment       0x00000000       0x31 servicelayer/SOS_postconfg.o
 .group         0x00000000        0x8 src/ASF/mega/boards/stk600/rcx_x/init.o
 .group         0x00000000        0x8 src/ASF/mega/boards/stk600/rcx_x/init.o
 .group         0x00000000        0x8 src/ASF/mega/boards/stk600/rcx_x/init.o
 .group         0x00000000        0x8 src/ASF/mega/boards/stk600/rcx_x/init.o
 .group         0x00000000        0x8 src/ASF/mega/boards/stk600/rcx_x/init.o
 .group         0x00000000        0x8 src/ASF/mega/boards/stk600/rcx_x/init.o
 .group         0x00000000        0x8 src/ASF/mega/boards/stk600/rcx_x/init.o
 .group         0x00000000        0x8 src/ASF/mega/boards/stk600/rcx_x/init.o
 .group         0x00000000        0x8 src/ASF/mega/boards/stk600/rcx_x/init.o
 .group         0x00000000        0x8 src/ASF/mega/boards/stk600/rcx_x/init.o
 .group         0x00000000        0x8 src/ASF/mega/boards/stk600/rcx_x/init.o
 .group         0x00000000        0x8 src/ASF/mega/boards/stk600/rcx_x/init.o
 .group         0x00000000        0x8 src/ASF/mega/boards/stk600/rcx_x/init.o
 .group         0x00000000        0x8 src/ASF/mega/boards/stk600/rcx_x/init.o
 .group         0x00000000        0x8 src/ASF/mega/boards/stk600/rcx_x/init.o
 .group         0x00000000        0x8 src/ASF/mega/boards/stk600/rcx_x/init.o
 .group         0x00000000        0x8 src/ASF/mega/boards/stk600/rcx_x/init.o
 .group         0x00000000        0x8 src/ASF/mega/boards/stk600/rcx_x/init.o
 .group         0x00000000        0x8 src/ASF/mega/boards/stk600/rcx_x/init.o
 .group         0x00000000        0x8 src/ASF/mega/boards/stk600/rcx_x/init.o
 .group         0x00000000        0x8 src/ASF/mega/boards/stk600/rcx_x/init.o
 .group         0x00000000        0x8 src/ASF/mega/boards/stk600/rcx_x/init.o
 .group         0x00000000        0x8 src/ASF/mega/boards/stk600/rcx_x/init.o
 .group         0x00000000        0x8 src/ASF/mega/boards/stk600/rcx_x/init.o
 .group         0x00000000        0x8 src/ASF/mega/boards/stk600/rcx_x/init.o
 .text          0x00000000        0x0 src/ASF/mega/boards/stk600/rcx_x/init.o
 .data          0x00000000        0x0 src/ASF/mega/boards/stk600/rcx_x/init.o
 .bss           0x00000000        0x0 src/ASF/mega/boards/stk600/rcx_x/init.o
 .text.board_init
                0x00000000        0x2 src/ASF/mega/boards/stk600/rcx_x/init.o
 .debug_info    0x00000000       0x7c src/ASF/mega/boards/stk600/rcx_x/init.o
 .debug_abbrev  0x00000000       0x47 src/ASF/mega/boards/stk600/rcx_x/init.o
 .debug_aranges
                0x00000000       0x20 src/ASF/mega/boards/stk600/rcx_x/init.o
 .debug_ranges  0x00000000       0x10 src/ASF/mega/boards/stk600/rcx_x/init.o
 .debug_macro   0x00000000      0x134 src/ASF/mega/boards/stk600/rcx_x/init.o
 .debug_macro   0x00000000      0xa4e src/ASF/mega/boards/stk600/rcx_x/init.o
 .debug_macro   0x00000000       0x10 src/ASF/mega/boards/stk600/rcx_x/init.o
 .debug_macro   0x00000000      0x1c9 src/ASF/mega/boards/stk600/rcx_x/init.o
 .debug_macro   0x00000000      0x2fc src/ASF/mega/boards/stk600/rcx_x/init.o
 .debug_macro   0x00000000       0x9e src/ASF/mega/boards/stk600/rcx_x/init.o
 .debug_macro   0x00000000      0xc24 src/ASF/mega/boards/stk600/rcx_x/init.o
 .debug_macro   0x00000000      0x170 src/ASF/mega/boards/stk600/rcx_x/init.o
 .debug_macro   0x00000000       0xbd src/ASF/mega/boards/stk600/rcx_x/init.o
 .debug_macro   0x00000000       0x34 src/ASF/mega/boards/stk600/rcx_x/init.o
 .debug_macro   0x00000000       0x18 src/ASF/mega/boards/stk600/rcx_x/init.o
 .debug_macro   0x00000000       0x6c src/ASF/mega/boards/stk600/rcx_x/init.o
 .debug_macro   0x00000000       0x22 src/ASF/mega/boards/stk600/rcx_x/init.o
 .debug_macro   0x00000000      0x16d src/ASF/mega/boards/stk600/rcx_x/init.o
 .debug_macro   0x00000000       0x1c src/ASF/mega/boards/stk600/rcx_x/init.o
 .debug_macro   0x00000000       0x35 src/ASF/mega/boards/stk600/rcx_x/init.o
 .debug_macro   0x00000000       0x66 src/ASF/mega/boards/stk600/rcx_x/init.o
 .debug_macro   0x00000000      0x64b src/ASF/mega/boards/stk600/rcx_x/init.o
 .debug_macro   0x00000000       0x44 src/ASF/mega/boards/stk600/rcx_x/init.o
 .debug_macro   0x00000000       0x69 src/ASF/mega/boards/stk600/rcx_x/init.o
 .debug_macro   0x00000000       0x2c src/ASF/mega/boards/stk600/rcx_x/init.o
 .debug_macro   0x00000000       0x10 src/ASF/mega/boards/stk600/rcx_x/init.o
 .debug_macro   0x00000000       0xe2 src/ASF/mega/boards/stk600/rcx_x/init.o
 .debug_macro   0x00000000       0x40 src/ASF/mega/boards/stk600/rcx_x/init.o
 .debug_macro   0x00000000      0x100 src/ASF/mega/boards/stk600/rcx_x/init.o
 .debug_macro   0x00000000      0x2c0 src/ASF/mega/boards/stk600/rcx_x/init.o
 .debug_line    0x00000000      0x35e src/ASF/mega/boards/stk600/rcx_x/init.o
 .debug_str     0x00000000     0xe7d2 src/ASF/mega/boards/stk600/rcx_x/init.o
 .comment       0x00000000       0x31 src/ASF/mega/boards/stk600/rcx_x/init.o
 .debug_frame   0x00000000       0x24 src/ASF/mega/boards/stk600/rcx_x/init.o
 .group         0x00000000        0x8 src/main.o
 .group         0x00000000        0x8 src/main.o
 .group         0x00000000        0x8 src/main.o
 .group         0x00000000        0x8 src/main.o
 .group         0x00000000        0x8 src/main.o
 .group         0x00000000        0x8 src/main.o
 .group         0x00000000        0x8 src/main.o
 .group         0x00000000        0x8 src/main.o
 .group         0x00000000        0x8 src/main.o
 .group         0x00000000        0x8 src/main.o
 .group         0x00000000        0x8 src/main.o
 .text          0x00000000        0x0 src/main.o
 .data          0x00000000        0x0 src/main.o
 .bss           0x00000000        0x0 src/main.o
 .text.FUN_CALL
                0x00000000       0x18 src/main.o
 .text.FUN_CALL2
                0x00000000       0x18 src/main.o
 .text.FUN_CALL3
                0x00000000       0x18 src/main.o
 .debug_macro   0x00000000      0xa4e src/main.o
 .debug_macro   0x00000000       0x3a src/main.o
 .debug_macro   0x00000000       0x16 src/main.o
 .debug_macro   0x00000000       0x3a src/main.o
 .debug_macro   0x00000000      0x220 src/main.o
 .debug_macro   0x00000000       0x2e src/main.o
 .debug_macro   0x00000000       0x8e src/main.o
 .debug_macro   0x00000000       0x70 src/main.o
 .debug_macro   0x00000000       0x52 src/main.o
 .debug_macro   0x00000000       0x9a src/main.o
 .debug_macro   0x00000000       0xb2 src/main.o
 .text          0x00000000        0x0 c:/program files (x86)/atmel/studio/7.0/toolchain/avr8/avr8-gnu-toolchain/bin/../lib/gcc/avr/5.4.0/avr5\libgcc.a(_exit.o)
 .data          0x00000000        0x0 c:/program files (x86)/atmel/studio/7.0/toolchain/avr8/avr8-gnu-toolchain/bin/../lib/gcc/avr/5.4.0/avr5\libgcc.a(_exit.o)
 .bss           0x00000000        0x0 c:/program files (x86)/atmel/studio/7.0/toolchain/avr8/avr8-gnu-toolchain/bin/../lib/gcc/avr/5.4.0/avr5\libgcc.a(_exit.o)
 .text.libgcc.mul
                0x00000000        0x0 c:/program files (x86)/atmel/studio/7.0/toolchain/avr8/avr8-gnu-toolchain/bin/../lib/gcc/avr/5.4.0/avr5\libgcc.a(_exit.o)
 .text.libgcc.div
                0x00000000        0x0 c:/program files (x86)/atmel/studio/7.0/toolchain/avr8/avr8-gnu-toolchain/bin/../lib/gcc/avr/5.4.0/avr5\libgcc.a(_exit.o)
 .text.libgcc   0x00000000        0x0 c:/program files (x86)/atmel/studio/7.0/toolchain/avr8/avr8-gnu-toolchain/bin/../lib/gcc/avr/5.4.0/avr5\libgcc.a(_exit.o)
 .text.libgcc.prologue
                0x00000000        0x0 c:/program files (x86)/atmel/studio/7.0/toolchain/avr8/avr8-gnu-toolchain/bin/../lib/gcc/avr/5.4.0/avr5\libgcc.a(_exit.o)
 .text.libgcc.builtins
                0x00000000        0x0 c:/program files (x86)/atmel/studio/7.0/toolchain/avr8/avr8-gnu-toolchain/bin/../lib/gcc/avr/5.4.0/avr5\libgcc.a(_exit.o)
 .text.libgcc.fmul
                0x00000000        0x0 c:/program files (x86)/atmel/studio/7.0/toolchain/avr8/avr8-gnu-toolchain/bin/../lib/gcc/avr/5.4.0/avr5\libgcc.a(_exit.o)
 .text.libgcc.fixed
                0x00000000        0x0 c:/program files (x86)/atmel/studio/7.0/toolchain/avr8/avr8-gnu-toolchain/bin/../lib/gcc/avr/5.4.0/avr5\libgcc.a(_exit.o)
 .text          0x00000000        0x0 c:/program files (x86)/atmel/studio/7.0/toolchain/avr8/avr8-gnu-toolchain/bin/../lib/gcc/avr/5.4.0/avr5\libgcc.a(_tablejump2.o)
 .data          0x00000000        0x0 c:/program files (x86)/atmel/studio/7.0/toolchain/avr8/avr8-gnu-toolchain/bin/../lib/gcc/avr/5.4.0/avr5\libgcc.a(_tablejump2.o)
 .bss           0x00000000        0x0 c:/program files (x86)/atmel/studio/7.0/toolchain/avr8/avr8-gnu-toolchain/bin/../lib/gcc/avr/5.4.0/avr5\libgcc.a(_tablejump2.o)
 .text.libgcc.mul
                0x00000000        0x0 c:/program files (x86)/atmel/studio/7.0/toolchain/avr8/avr8-gnu-toolchain/bin/../lib/gcc/avr/5.4.0/avr5\libgcc.a(_tablejump2.o)
 .text.libgcc.div
                0x00000000        0x0 c:/program files (x86)/atmel/studio/7.0/toolchain/avr8/avr8-gnu-toolchain/bin/../lib/gcc/avr/5.4.0/avr5\libgcc.a(_tablejump2.o)
 .text.libgcc   0x00000000        0xc c:/program files (x86)/atmel/studio/7.0/toolchain/avr8/avr8-gnu-toolchain/bin/../lib/gcc/avr/5.4.0/avr5\libgcc.a(_tablejump2.o)
 .text.libgcc.prologue
                0x00000000        0x0 c:/program files (x86)/atmel/studio/7.0/toolchain/avr8/avr8-gnu-toolchain/bin/../lib/gcc/avr/5.4.0/avr5\libgcc.a(_tablejump2.o)
 .text.libgcc.builtins
                0x00000000        0x0 c:/program files (x86)/atmel/studio/7.0/toolchain/avr8/avr8-gnu-toolchain/bin/../lib/gcc/avr/5.4.0/avr5\libgcc.a(_tablejump2.o)
 .text.libgcc.fmul
                0x00000000        0x0 c:/program files (x86)/atmel/studio/7.0/toolchain/avr8/avr8-gnu-toolchain/bin/../lib/gcc/avr/5.4.0/avr5\libgcc.a(_tablejump2.o)
 .text.libgcc.fixed
                0x00000000        0x0 c:/program files (x86)/atmel/studio/7.0/toolchain/avr8/avr8-gnu-toolchain/bin/../lib/gcc/avr/5.4.0/avr5\libgcc.a(_tablejump2.o)
 .text          0x00000000        0x0 c:/program files (x86)/atmel/studio/7.0/toolchain/avr8/avr8-gnu-toolchain/bin/../lib/gcc/avr/5.4.0/avr5\libgcc.a(_copy_data.o)
 .data          0x00000000        0x0 c:/program files (x86)/atmel/studio/7.0/toolchain/avr8/avr8-gnu-toolchain/bin/../lib/gcc/avr/5.4.0/avr5\libgcc.a(_copy_data.o)
 .bss           0x00000000        0x0 c:/program files (x86)/atmel/studio/7.0/toolchain/avr8/avr8-gnu-toolchain/bin/../lib/gcc/avr/5.4.0/avr5\libgcc.a(_copy_data.o)
 .text.libgcc.mul
                0x00000000        0x0 c:/program files (x86)/atmel/studio/7.0/toolchain/avr8/avr8-gnu-toolchain/bin/../lib/gcc/avr/5.4.0/avr5\libgcc.a(_copy_data.o)
 .text.libgcc.div
                0x00000000        0x0 c:/program files (x86)/atmel/studio/7.0/toolchain/avr8/avr8-gnu-toolchain/bin/../lib/gcc/avr/5.4.0/avr5\libgcc.a(_copy_data.o)
 .text.libgcc   0x00000000        0x0 c:/program files (x86)/atmel/studio/7.0/toolchain/avr8/avr8-gnu-toolchain/bin/../lib/gcc/avr/5.4.0/avr5\libgcc.a(_copy_data.o)
 .text.libgcc.prologue
                0x00000000        0x0 c:/program files (x86)/atmel/studio/7.0/toolchain/avr8/avr8-gnu-toolchain/bin/../lib/gcc/avr/5.4.0/avr5\libgcc.a(_copy_data.o)
 .text.libgcc.builtins
                0x00000000        0x0 c:/program files (x86)/atmel/studio/7.0/toolchain/avr8/avr8-gnu-toolchain/bin/../lib/gcc/avr/5.4.0/avr5\libgcc.a(_copy_data.o)
 .text.libgcc.fmul
                0x00000000        0x0 c:/program files (x86)/atmel/studio/7.0/toolchain/avr8/avr8-gnu-toolchain/bin/../lib/gcc/avr/5.4.0/avr5\libgcc.a(_copy_data.o)
 .text.libgcc.fixed
                0x00000000        0x0 c:/program files (x86)/atmel/studio/7.0/toolchain/avr8/avr8-gnu-toolchain/bin/../lib/gcc/avr/5.4.0/avr5\libgcc.a(_copy_data.o)
 .text          0x00000000        0x0 c:/program files (x86)/atmel/studio/7.0/toolchain/avr8/avr8-gnu-toolchain/bin/../lib/gcc/avr/5.4.0/avr5\libgcc.a(_clear_bss.o)
 .data          0x00000000        0x0 c:/program files (x86)/atmel/studio/7.0/toolchain/avr8/avr8-gnu-toolchain/bin/../lib/gcc/avr/5.4.0/avr5\libgcc.a(_clear_bss.o)
 .bss           0x00000000        0x0 c:/program files (x86)/atmel/studio/7.0/toolchain/avr8/avr8-gnu-toolchain/bin/../lib/gcc/avr/5.4.0/avr5\libgcc.a(_clear_bss.o)
 .text.libgcc.mul
                0x00000000        0x0 c:/program files (x86)/atmel/studio/7.0/toolchain/avr8/avr8-gnu-toolchain/bin/../lib/gcc/avr/5.4.0/avr5\libgcc.a(_clear_bss.o)
 .text.libgcc.div
                0x00000000        0x0 c:/program files (x86)/atmel/studio/7.0/toolchain/avr8/avr8-gnu-toolchain/bin/../lib/gcc/avr/5.4.0/avr5\libgcc.a(_clear_bss.o)
 .text.libgcc   0x00000000        0x0 c:/program files (x86)/atmel/studio/7.0/toolchain/avr8/avr8-gnu-toolchain/bin/../lib/gcc/avr/5.4.0/avr5\libgcc.a(_clear_bss.o)
 .text.libgcc.prologue
                0x00000000        0x0 c:/program files (x86)/atmel/studio/7.0/toolchain/avr8/avr8-gnu-toolchain/bin/../lib/gcc/avr/5.4.0/avr5\libgcc.a(_clear_bss.o)
 .text.libgcc.builtins
                0x00000000        0x0 c:/program files (x86)/atmel/studio/7.0/toolchain/avr8/avr8-gnu-toolchain/bin/../lib/gcc/avr/5.4.0/avr5\libgcc.a(_clear_bss.o)
 .text.libgcc.fmul
                0x00000000        0x0 c:/program files (x86)/atmel/studio/7.0/toolchain/avr8/avr8-gnu-toolchain/bin/../lib/gcc/avr/5.4.0/avr5\libgcc.a(_clear_bss.o)
 .text.libgcc.fixed
                0x00000000        0x0 c:/program files (x86)/atmel/studio/7.0/toolchain/avr8/avr8-gnu-toolchain/bin/../lib/gcc/avr/5.4.0/avr5\libgcc.a(_clear_bss.o)

Memory Configuration

Name             Origin             Length             Attributes
text             0x00000000         0x00020000         xr
data             0x00800060         0x0000ffa0         rw !x
eeprom           0x00810000         0x00010000         rw !x
fuse             0x00820000         0x00000002         rw !x
lock             0x00830000         0x00000400         rw !x
signature        0x00840000         0x00000400         rw !x
user_signatures  0x00850000         0x00000400         rw !x
*default*        0x00000000         0xffffffff

Linker script and memory map

LOAD C:/Program Files (x86)/Atmel/Studio/7.0/Packs/atmel/ATmega_DFP/1.2.150/gcc/dev/atmega32/avr5/crtatmega32.o
LOAD common/softwaredelay.o
LOAD ECUAL/LCD.o
LOAD ECUAL/LCDpb.o
LOAD mcal/DIO.o
LOAD mcal/Timer.o
LOAD servicelayer/SOS.o
LOAD servicelayer/SOS_postconfg.o
LOAD src/ASF/mega/boards/stk600/rcx_x/init.o
LOAD src/main.o
START GROUP
LOAD c:/program files (x86)/atmel/studio/7.0/toolchain/avr8/avr8-gnu-toolchain/bin/../lib/gcc/avr/5.4.0/../../../../avr/lib/avr5\libm.a
END GROUP
START GROUP
LOAD c:/program files (x86)/atmel/studio/7.0/toolchain/avr8/avr8-gnu-toolchain/bin/../lib/gcc/avr/5.4.0/avr5\libgcc.a
LOAD c:/program files (x86)/atmel/studio/7.0/toolchain/avr8/avr8-gnu-toolchain/bin/../lib/gcc/avr/5.4.0/../../../../avr/lib/avr5\libm.a
LOAD c:/program files (x86)/atmel/studio/7.0/toolchain/avr8/avr8-gnu-toolchain/bin/../lib/gcc/avr/5.4.0/../../../../avr/lib/avr5\libc.a
LOAD C:/Program Files (x86)/Atmel/Studio/7.0/Packs/atmel/ATmega_DFP/1.2.150/gcc/dev/atmega32/avr5\libatmega32.a
END GROUP
                0x00020000                __TEXT_REGION_LENGTH__ = DEFINED (__TEXT_REGION_LENGTH__)?__TEXT_REGION_LENGTH__:0x20000
                0x0000ffa0                __DATA_REGION_LENGTH__ = DEFINED (__DATA_REGION_LENGTH__)?__DATA_REGION_LENGTH__:0xffa0
                0x00010000                __EEPROM_REGION_LENGTH__ = DEFINED (__EEPROM_REGION_LENGTH__)?__EEPROM_REGION_LENGTH__:0x10000
                [0x00000002]                __FUSE_REGION_LENGTH__ = DEFINED (__FUSE_REGION_LENGTH__)?__FUSE_REGION_LENGTH__:0x400
                0x00000400                __LOCK_REGION_LENGTH__ = DEFINED (__LOCK_REGION_LENGTH__)?__LOCK_REGION_LENGTH__:0x400
                0x00000400                __SIGNATURE_REGION_LENGTH__ = DEFINED (__SIGNATURE_REGION_LENGTH__)?__SIGNATURE_REGION_LENGTH__:0x400
                0x00000400                __USER_SIGNATURE_REGION_LENGTH__ = DEFINED (__USER_SIGNATURE_REGION_LENGTH__)?__USER_SIGNATURE_REGION_LENGTH__:0x400

.hash
 *(.hash)

.dynsym
 *(.dynsym)

.dynstr
 *(.dynstr)

.gnu.version
 *(.gnu.version)

.gnu.version_d
 *(.gnu.version_d)

.gnu.version_r
 *(.gnu.version_r)

.rel.init
 *(.rel.init)

.rela.init
 *(.rela.init)

.rel.text
 *(.rel.text)
 *(.rel.text.*)
 *(.rel.gnu.linkonce.t*)

.rela.text
 *(.rela.text)
 *(.rela.text.*)
 *(.rela.gnu.linkonce.t*)

.rel.fini
 *(.rel.fini)

.rela.fini
 *(.rela.fini)

.rel.rodata
 *(.rel.rodata)
 *(.rel.rodata.*)
 *(.rel.gnu.linkonce.r*)

.rela.rodata
 *(.rela.rodata)
 *(.rela.rodata.*)
 *(.rela.gnu.linkonce.r*)

.rel.data
 *(.rel.data)
 *(.rel.data.*)
 *(.rel.gnu.linkonce.d*)

.rela.data
 *(.rela.data)
 *(.rela.data.*)
 *(.rela.gnu.linkonce.d*)

.rel.ctors
 *(.rel.ctors)

.rela.ctors
 *(.rela.ctors)

.rel.dtors
 *(.rel.dtors)

.rela.dtors
 *(.rela.dtors)

.rel.got
 *(.rel.got)

.rela.got
 *(.rela.got)

.rel.bss
 *(.rel.bss)

.rela.bss
 *(.rela.bss)

.rel.plt
 *(.rel.plt)

.rela.plt
 *(.rela.plt)

.text           0x00000000      0x40c
 *(.vectors)
 .vectors       0x00000000       0x54 C:/Program Files (x86)/Atmel/Studio/7.0/Packs/atmel/ATmega_DFP/1.2.150/gcc/dev/atmega32/avr5/crtatmega32.o
                0x00000000                __vector_default
                0x00000000                __vectors
 *(.vectors)
 *(.progmem.gcc*)
                0x00000054                . = ALIGN (0x2)
                0x00000054                __trampolines_start = .
 *(.trampolines)
 .trampolines   0x00000054        0x0 linker stubs
 *(.trampolines*)
                0x00000054                __trampolines_end = .
 *libprintf_flt.a:*(.progmem.data)
 *libc.a:*(.progmem.data)
 *(.progmem*)
                0x00000054                . = ALIGN (0x2)
 *(.jumptables)
 *(.jumptables*)
 *(.lowtext)
 *(.lowtext*)
                0x00000054                __ctors_start = .
 *(.ctors)
                0x00000054                __ctors_end = .
                0x00000054                __dtors_start = .
 *(.dtors)
                0x00000054                __dtors_end = .
 SORT(*)(.ctors)
 SORT(*)(.dtors)
 *(.init0)
 .init0         0x00000054        0x0 C:/Program Files (x86)/Atmel/Studio/7.0/Packs/atmel/ATmega_DFP/1.2.150/gcc/dev/atmega32/avr5/crtatmega32.o
                0x00000054                __init
 *(.init0)
 *(.init1)
 *(.init1)
 *(.init2)
 .init2         0x00000054        0xc C:/Program Files (x86)/Atmel/Studio/7.0/Packs/atmel/ATmega_DFP/1.2.150/gcc/dev/atmega32/avr5/crtatmega32.o
 *(.init2)
 *(.init3)
 *(.init3)
 *(.init4)
 .init4         0x00000060       0x16 c:/program files (x86)/atmel/studio/7.0/toolchain/avr8/avr8-gnu-toolchain/bin/../lib/gcc/avr/5.4.0/avr5\libgcc.a(_copy_data.o)
                0x00000060                __do_copy_data
 .init4         0x00000076       0x10 c:/program files (x86)/atmel/studio/7.0/toolchain/avr8/avr8-gnu-toolchain/bin/../lib/gcc/avr/5.4.0/avr5\libgcc.a(_clear_bss.o)
                0x00000076                __do_clear_bss
 *(.init4)
 *(.init5)
 *(.init5)
 *(.init6)
 *(.init6)
 *(.init7)
 *(.init7)
 *(.init8)
 *(.init8)
 *(.init9)
 .init9         0x00000086        0x4 C:/Program Files (x86)/Atmel/Studio/7.0/Packs/atmel/ATmega_DFP/1.2.150/gcc/dev/atmega32/avr5/crtatmega32.o
 *(.init9)
 *(.text)
 .text          0x0000008a        0x2 C:/Program Files (x86)/Atmel/Studio/7.0/Packs/atmel/ATmega_DFP/1.2.150/gcc/dev/atmega32/avr5/crtatmega32.o
                0x0000008a                __vector_1
                0x0000008a                __vector_12
                0x0000008a                __bad_interrupt
                0x0000008a                __vector_6
                0x0000008a                __vector_3
                0x0000008a                __vector_13
                0x0000008a                __vector_17
                0x0000008a                __vector_19
                0x0000008a                __vector_7
                0x0000008a                __vector_5
                0x0000008a                __vector_4
                0x0000008a                __vector_9
                0x0000008a                __vector_2
                0x0000008a                __vector_15
                0x0000008a                __vector_8
                0x0000008a                __vector_14
                0x0000008a                __vector_10
                0x0000008a                __vector_16
                0x0000008a                __vector_18
                0x0000008a                __vector_20
                0x0000008c                . = ALIGN (0x2)
 *(.text.*)
 .text.softwareDelayMs
                0x0000008c       0x34 common/softwaredelay.o
                0x0000008c                softwareDelayMs
 .text.LCD_send_nibble
                0x000000c0       0x64 ECUAL/LCD.o
 .text.LCD_EN_pulse
                0x00000124       0x1e ECUAL/LCD.o
 .text.LCD_sendCommand
                0x00000142       0x38 ECUAL/LCD.o
                0x00000142                LCD_sendCommand
 .text.LCD_init
                0x0000017a       0x50 ECUAL/LCD.o
                0x0000017a                LCD_init
 .text.LCD_displayChar
                0x000001ca       0x24 ECUAL/LCD.o
                0x000001ca                LCD_displayChar
 .text.LCD_displayString
                0x000001ee       0x34 ECUAL/LCD.o
                0x000001ee                LCD_displayString
 .text.DIO_init
                0x00000222       0xc2 mcal/DIO.o
                0x00000222                DIO_init
 .text.DIO_Write
                0x000002e4       0x9c mcal/DIO.o
                0x000002e4                DIO_Write
 .text.__vector_11
                0x00000380       0x4e mcal/Timer.o
                0x00000380                __vector_11
 .text.main     0x000003ce       0x3a src/main.o
                0x000003ce                main
                0x00000408                . = ALIGN (0x2)
 *(.fini9)
 .fini9         0x00000408        0x0 c:/program files (x86)/atmel/studio/7.0/toolchain/avr8/avr8-gnu-toolchain/bin/../lib/gcc/avr/5.4.0/avr5\libgcc.a(_exit.o)
                0x00000408                _exit
                0x00000408                exit
 *(.fini9)
 *(.fini8)
 *(.fini8)
 *(.fini7)
 *(.fini7)
 *(.fini6)
 *(.fini6)
 *(.fini5)
 *(.fini5)
 *(.fini4)
 *(.fini4)
 *(.fini3)
 *(.fini3)
 *(.fini2)
 *(.fini2)
 *(.fini1)
 *(.fini1)
 *(.fini0)
 .fini0         0x00000408        0x4 c:/program files (x86)/atmel/studio/7.0/toolchain/avr8/avr8-gnu-toolchain/bin/../lib/gcc/avr/5.4.0/avr5\libgcc.a(_exit.o)
 *(.fini0)
                0x0000040c                _etext = .

.data           0x00800060       0x1a load address 0x0000040c
                0x00800060                PROVIDE (__data_start, .)
 *(.data)
 *(.data*)
 .data.gu8_lcdmode
                0x00800060        0x1 ECUAL/LCDpb.o
                0x00800060                gu8_lcdmode
 .data.str_lcdEnconfig
                0x00800061        0x3 ECUAL/LCDpb.o
                0x00800061                str_lcdEnconfig
 .data.str_lcdRWconfig
                0x00800064        0x3 ECUAL/LCDpb.o
                0x00800064                str_lcdRWconfig
 .data.str_lcdRSconfig
                0x00800067        0x3 ECUAL/LCDpb.o
                0x00800067                str_lcdRSconfig
 .data.str_lcddataconfig
                0x0080006a        0x3 ECUAL/LCDpb.o
                0x0080006a                str_lcddataconfig
 *(.gnu.linkonce.d*)
 *(.rodata)
 .rodata        0x0080006d        0xd src/main.o
 *(.rodata*)
 *(.gnu.linkonce.r*)
                0x0080007a                . = ALIGN (0x2)
                0x0080007a                _edata = .
                0x0080007a                PROVIDE (__data_end, .)

.bss            0x0080007a        0x2
                0x0080007a                PROVIDE (__bss_start, .)
 *(.bss)
 *(.bss*)
 .bss.gpf_timercbk
                0x0080007a        0x2 mcal/Timer.o
 *(COMMON)
                0x0080007c                PROVIDE (__bss_end, .)
                0x0000040c                __data_load_start = LOADADDR (.data)
                0x00000426                __data_load_end = (__data_load_start + SIZEOF (.data))

.noinit         0x0080007c        0x0
                [!provide]                PROVIDE (__noinit_start, .)
 *(.noinit*)
                [!provide]                PROVIDE (__noinit_end, .)
                0x0080007c                _end = .
                [!provide]                PROVIDE (__heap_start, .)

.eeprom         0x00810000        0x0
 *(.eeprom*)
                0x00810000                __eeprom_end = .

.fuse
 *(.fuse)
 *(.lfuse)
 *(.hfuse)
 *(.efuse)

.lock
 *(.lock*)

.signature
 *(.signature*)

.user_signatures
 *(.user_signatures*)

.stab
 *(.stab)

.stabstr
 *(.stabstr)

.stab.excl
 *(.stab.excl)

.stab.exclstr
 *(.stab.exclstr)

.stab.index
 *(.stab.index)

.stab.indexstr
 *(.stab.indexstr)

.comment        0x00000000       0x30
 *(.comment)
 .comment       0x00000000       0x30 common/softwaredelay.o
                                 0x31 (size before relaxing)
 .comment       0x00000030       0x31 ECUAL/LCD.o
 .comment       0x00000030       0x31 ECUAL/LCDpb.o
 .comment       0x00000030       0x31 mcal/DIO.o
 .comment       0x00000030       0x31 mcal/Timer.o
 .comment       0x00000030       0x31 src/main.o

.note.gnu.avr.deviceinfo
                0x00000000       0x3c
 .note.gnu.avr.deviceinfo
                0x00000000       0x3c C:/Program Files (x86)/Atmel/Studio/7.0/Packs/atmel/ATmega_DFP/1.2.150/gcc/dev/atmega32/avr5/crtatmega32.o

.note.gnu.build-id
 *(.note.gnu.build-id)

.debug
 *(.debug)

.line
 *(.line)

.debug_srcinfo
 *(.debug_srcinfo)

.debug_sfnames
 *(.debug_sfnames)

.debug_aranges  0x00000000      0x150
 *(.debug_aranges)
 .debug_aranges
                0x00000000       0x28 common/softwaredelay.o
 .debug_aranges
                0x00000028       0x48 ECUAL/LCD.o
 .debug_aranges
                0x00000070       0x18 ECUAL/LCDpb.o
 .debug_aranges
                0x00000088       0x38 mcal/DIO.o
 .debug_aranges
                0x000000c0       0x58 mcal/Timer.o
 .debug_aranges
                0x00000118       0x38 src/main.o

.debug_pubnames
 *(.debug_pubnames)

.debug_info     0x00000000     0x142d
 *(.debug_info .gnu.linkonce.wi.*)
 .debug_info    0x00000000      0x4e6 C:/Program Files (x86)/Atmel/Studio/7.0/Packs/atmel/ATmega_DFP/1.2.150/gcc/dev/atmega32/avr5/crtatmega32.o
 .debug_info    0x000004e6      0x142 common/softwaredelay.o
 .debug_info    0x00000628      0x50e ECUAL/LCD.o
 .debug_info    0x00000b36      0x101 ECUAL/LCDpb.o
 .debug_info    0x00000c37      0x214 mcal/DIO.o
 .debug_info    0x00000e4b      0x3c3 mcal/Timer.o
 .debug_info    0x0000120e      0x21f src/main.o

.debug_abbrev   0x00000000      0x9df
 *(.debug_abbrev)
 .debug_abbrev  0x00000000      0x4a3 C:/Program Files (x86)/Atmel/Studio/7.0/Packs/atmel/ATmega_DFP/1.2.150/gcc/dev/atmega32/avr5/crtatmega32.o
 .debug_abbrev  0x000004a3       0x95 common/softwaredelay.o
 .debug_abbrev  0x00000538      0x132 ECUAL/LCD.o
 .debug_abbrev  0x0000066a       0x74 ECUAL/LCDpb.o
 .debug_abbrev  0x000006de       0xe3 mcal/DIO.o
 .debug_abbrev  0x000007c1      0x154 mcal/Timer.o
 .debug_abbrev  0x00000915       0xca src/main.o

.debug_line     0x00000000     0x11a5
 *(.debug_line .debug_line.* .debug_line_end)
 .debug_line    0x00000000      0x115 C:/Program Files (x86)/Atmel/Studio/7.0/Packs/atmel/ATmega_DFP/1.2.150/gcc/dev/atmega32/avr5/crtatmega32.o
 .debug_line    0x00000115       0xd1 common/softwaredelay.o
 .debug_line    0x000001e6      0x267 ECUAL/LCD.o
 .debug_line    0x0000044d       0xd8 ECUAL/LCDpb.o
 .debug_line    0x00000525      0x31e mcal/DIO.o
 .debug_line    0x00000843      0x6c9 mcal/Timer.o
 .debug_line    0x00000f0c      0x299 src/main.o

.debug_frame    0x00000000      0x270
 *(.debug_frame)
 .debug_frame   0x00000000       0x34 common/softwaredelay.o
 .debug_frame   0x00000034       0xa8 ECUAL/LCD.o
 .debug_frame   0x000000dc       0x54 mcal/DIO.o
 .debug_frame   0x00000130       0xdc mcal/Timer.o
 .debug_frame   0x0000020c       0x64 src/main.o

.debug_str      0x00000000     0x41c1
 *(.debug_str)
 .debug_str     0x00000000      0x196 C:/Program Files (x86)/Atmel/Studio/7.0/Packs/atmel/ATmega_DFP/1.2.150/gcc/dev/atmega32/avr5/crtatmega32.o
 .debug_str     0x00000196     0x2bdd common/softwaredelay.o
                               0x2c52 (size before relaxing)
 .debug_str     0x00002d73      0xc57 ECUAL/LCD.o
                               0x3845 (size before relaxing)
 .debug_str     0x000039ca       0x11 ECUAL/LCDpb.o
                               0x377b (size before relaxing)
 .debug_str     0x000039db       0x42 mcal/DIO.o
                               0x351f (size before relaxing)
 .debug_str     0x00003a1d      0x5a5 mcal/Timer.o
                               0x3974 (size before relaxing)
 .debug_str     0x00003fc2      0x1ff src/main.o
                               0x3d73 (size before relaxing)

.debug_loc      0x00000000      0xd24
 *(.debug_loc)
 .debug_loc     0x00000000       0xea common/softwaredelay.o
 .debug_loc     0x000000ea      0x206 ECUAL/LCD.o
 .debug_loc     0x000002f0      0x4a5 mcal/DIO.o
 .debug_loc     0x00000795      0x548 mcal/Timer.o
 .debug_loc     0x00000cdd       0x47 src/main.o

.debug_macinfo
 *(.debug_macinfo)

.debug_weaknames
 *(.debug_weaknames)

.debug_funcnames
 *(.debug_funcnames)

.debug_typenames
 *(.debug_typenames)

.debug_varnames
 *(.debug_varnames)

.debug_pubtypes
 *(.debug_pubtypes)

.debug_ranges   0x00000000       0xe8
 *(.debug_ranges)
 .debug_ranges  0x00000000       0x18 common/softwaredelay.o
 .debug_ranges  0x00000018       0x38 ECUAL/LCD.o
 .debug_ranges  0x00000050       0x28 mcal/DIO.o
 .debug_ranges  0x00000078       0x48 mcal/Timer.o
 .debug_ranges  0x000000c0       0x28 src/main.o

.debug_macro    0x00000000     0x11b4
 *(.debug_macro)
 .debug_macro   0x00000000       0x24 common/softwaredelay.o
 .debug_macro   0x00000024      0xa4e common/softwaredelay.o
 .debug_macro   0x00000a72       0x3a common/softwaredelay.o
 .debug_macro   0x00000aac       0x76 ECUAL/LCD.o
 .debug_macro   0x00000b22      0x220 ECUAL/LCD.o
 .debug_macro   0x00000d42       0x2e ECUAL/LCD.o
 .debug_macro   0x00000d70       0x9a ECUAL/LCD.o
 .debug_macro   0x00000e0a       0xb2 ECUAL/LCD.o
 .debug_macro   0x00000ebc       0x6c ECUAL/LCDpb.o
 .debug_macro   0x00000f28       0x4f mcal/DIO.o
 .debug_macro   0x00000f77       0x74 mcal/Timer.o
 .debug_macro   0x00000feb       0x8e mcal/Timer.o
 .debug_macro   0x00001079       0x70 mcal/Timer.o
 .debug_macro   0x000010e9       0xcb src/main.o
OUTPUT(LCDOS.elf elf32-avr)
LOAD linker stubs
