Archive member included because of file (symbol)

c:/program files (x86)/atmel/atmel studio 6.0/extensions/atmel/avrgcc/3.4.1.95/avrtoolchain/bin/../lib/gcc/avr/4.6.2/../../../../avr/lib/avr5\libm.a(divsf3.o)
                              MCAL/PWM/PWM.o (__divsf3)
c:/program files (x86)/atmel/atmel studio 6.0/extensions/atmel/avrgcc/3.4.1.95/avrtoolchain/bin/../lib/gcc/avr/4.6.2/../../../../avr/lib/avr5\libm.a(divsf3x.o)
                              c:/program files (x86)/atmel/atmel studio 6.0/extensions/atmel/avrgcc/3.4.1.95/avrtoolchain/bin/../lib/gcc/avr/4.6.2/../../../../avr/lib/avr5\libm.a(divsf3.o) (__divsf3x)
c:/program files (x86)/atmel/atmel studio 6.0/extensions/atmel/avrgcc/3.4.1.95/avrtoolchain/bin/../lib/gcc/avr/4.6.2/../../../../avr/lib/avr5\libm.a(fixunssfsi.o)
                              MCAL/PWM/PWM.o (__fixunssfsi)
c:/program files (x86)/atmel/atmel studio 6.0/extensions/atmel/avrgcc/3.4.1.95/avrtoolchain/bin/../lib/gcc/avr/4.6.2/../../../../avr/lib/avr5\libm.a(floatsisf.o)
                              MCAL/PWM/PWM.o (__floatunsisf)
c:/program files (x86)/atmel/atmel studio 6.0/extensions/atmel/avrgcc/3.4.1.95/avrtoolchain/bin/../lib/gcc/avr/4.6.2/../../../../avr/lib/avr5\libm.a(fp_inf.o)
                              c:/program files (x86)/atmel/atmel studio 6.0/extensions/atmel/avrgcc/3.4.1.95/avrtoolchain/bin/../lib/gcc/avr/4.6.2/../../../../avr/lib/avr5\libm.a(divsf3x.o) (__fp_inf)
c:/program files (x86)/atmel/atmel studio 6.0/extensions/atmel/avrgcc/3.4.1.95/avrtoolchain/bin/../lib/gcc/avr/4.6.2/../../../../avr/lib/avr5\libm.a(fp_nan.o)
                              c:/program files (x86)/atmel/atmel studio 6.0/extensions/atmel/avrgcc/3.4.1.95/avrtoolchain/bin/../lib/gcc/avr/4.6.2/../../../../avr/lib/avr5\libm.a(divsf3x.o) (__fp_nan)
c:/program files (x86)/atmel/atmel studio 6.0/extensions/atmel/avrgcc/3.4.1.95/avrtoolchain/bin/../lib/gcc/avr/4.6.2/../../../../avr/lib/avr5\libm.a(fp_pscA.o)
                              c:/program files (x86)/atmel/atmel studio 6.0/extensions/atmel/avrgcc/3.4.1.95/avrtoolchain/bin/../lib/gcc/avr/4.6.2/../../../../avr/lib/avr5\libm.a(divsf3x.o) (__fp_pscA)
c:/program files (x86)/atmel/atmel studio 6.0/extensions/atmel/avrgcc/3.4.1.95/avrtoolchain/bin/../lib/gcc/avr/4.6.2/../../../../avr/lib/avr5\libm.a(fp_pscB.o)
                              c:/program files (x86)/atmel/atmel studio 6.0/extensions/atmel/avrgcc/3.4.1.95/avrtoolchain/bin/../lib/gcc/avr/4.6.2/../../../../avr/lib/avr5\libm.a(divsf3x.o) (__fp_pscB)
c:/program files (x86)/atmel/atmel studio 6.0/extensions/atmel/avrgcc/3.4.1.95/avrtoolchain/bin/../lib/gcc/avr/4.6.2/../../../../avr/lib/avr5\libm.a(fp_round.o)
                              c:/program files (x86)/atmel/atmel studio 6.0/extensions/atmel/avrgcc/3.4.1.95/avrtoolchain/bin/../lib/gcc/avr/4.6.2/../../../../avr/lib/avr5\libm.a(divsf3.o) (__fp_round)
c:/program files (x86)/atmel/atmel studio 6.0/extensions/atmel/avrgcc/3.4.1.95/avrtoolchain/bin/../lib/gcc/avr/4.6.2/../../../../avr/lib/avr5\libm.a(fp_split3.o)
                              c:/program files (x86)/atmel/atmel studio 6.0/extensions/atmel/avrgcc/3.4.1.95/avrtoolchain/bin/../lib/gcc/avr/4.6.2/../../../../avr/lib/avr5\libm.a(divsf3x.o) (__fp_split3)
c:/program files (x86)/atmel/atmel studio 6.0/extensions/atmel/avrgcc/3.4.1.95/avrtoolchain/bin/../lib/gcc/avr/4.6.2/../../../../avr/lib/avr5\libm.a(fp_zero.o)
                              c:/program files (x86)/atmel/atmel studio 6.0/extensions/atmel/avrgcc/3.4.1.95/avrtoolchain/bin/../lib/gcc/avr/4.6.2/../../../../avr/lib/avr5\libm.a(fixunssfsi.o) (__fp_zero)
c:/program files (x86)/atmel/atmel studio 6.0/extensions/atmel/avrgcc/3.4.1.95/avrtoolchain/bin/../lib/gcc/avr/4.6.2/../../../../avr/lib/avr5\libm.a(mulsf3.o)
                              MCAL/PWM/PWM.o (__mulsf3)
c:/program files (x86)/atmel/atmel studio 6.0/extensions/atmel/avrgcc/3.4.1.95/avrtoolchain/bin/../lib/gcc/avr/4.6.2/../../../../avr/lib/avr5\libm.a(mulsf3x.o)
                              c:/program files (x86)/atmel/atmel studio 6.0/extensions/atmel/avrgcc/3.4.1.95/avrtoolchain/bin/../lib/gcc/avr/4.6.2/../../../../avr/lib/avr5\libm.a(mulsf3.o) (__mulsf3x)
c:/program files (x86)/atmel/atmel studio 6.0/extensions/atmel/avrgcc/3.4.1.95/avrtoolchain/bin/../lib/gcc/avr/4.6.2/avr5\libgcc.a(_mulsi3.o)
                              MCAL/ICU/ICU.o (__mulsi3)
c:/program files (x86)/atmel/atmel studio 6.0/extensions/atmel/avrgcc/3.4.1.95/avrtoolchain/bin/../lib/gcc/avr/4.6.2/avr5\libgcc.a(_udivmodsi4.o)
                              ECUAL/LCD/LCD.o (__udivmodsi4)
c:/program files (x86)/atmel/atmel studio 6.0/extensions/atmel/avrgcc/3.4.1.95/avrtoolchain/bin/../lib/gcc/avr/4.6.2/avr5\libgcc.a(_exit.o)
                              c:/program files (x86)/atmel/atmel studio 6.0/extensions/atmel/avrgcc/3.4.1.95/avrtoolchain/bin/../lib/gcc/avr/4.6.2/../../../../avr/lib/avr5/crtm32a.o (exit)
c:/program files (x86)/atmel/atmel studio 6.0/extensions/atmel/avrgcc/3.4.1.95/avrtoolchain/bin/../lib/gcc/avr/4.6.2/avr5\libgcc.a(_copy_data.o)
                              AAL/car_sm/car_sm.o (__do_copy_data)
c:/program files (x86)/atmel/atmel studio 6.0/extensions/atmel/avrgcc/3.4.1.95/avrtoolchain/bin/../lib/gcc/avr/4.6.2/avr5\libgcc.a(_clear_bss.o)
                              AAL/car_sm/car_sm.o (__do_clear_bss)

Allocating common symbols
Common symbol       size              file

TWI_I2C             0x2               Infrastructure/Intturpts Manger/Interrupts.o
Start_status        0x4               SL/SOS/SOS.o
USART_RXC           0x2               Infrastructure/Intturpts Manger/Interrupts.o
TIMER2OVF           0x2               Infrastructure/Intturpts Manger/Interrupts.o
SPM_RDY             0x2               Infrastructure/Intturpts Manger/Interrupts.o
TIMER1COMPB         0x2               Infrastructure/Intturpts Manger/Interrupts.o
Buffer_Array        0x20              SL/SOS/SOS.o
TIMER1COMPA         0x2               Infrastructure/Intturpts Manger/Interrupts.o
SPI_STC             0x2               Infrastructure/Intturpts Manger/Interrupts.o
INT2_external_interrupt
                    0x2               Infrastructure/Intturpts Manger/Interrupts.o
ANA_COMP            0x2               Infrastructure/Intturpts Manger/Interrupts.o
ADC_INT             0x2               Infrastructure/Intturpts Manger/Interrupts.o
EE_RDY              0x2               Infrastructure/Intturpts Manger/Interrupts.o
INT0_external_interrupt
                    0x2               Infrastructure/Intturpts Manger/Interrupts.o
USART_TXC           0x2               Infrastructure/Intturpts Manger/Interrupts.o
TIMER0COMP          0x2               Infrastructure/Intturpts Manger/Interrupts.o
USART_UDRE          0x2               Infrastructure/Intturpts Manger/Interrupts.o
INT1_external_interrupt
                    0x2               Infrastructure/Intturpts Manger/Interrupts.o
start               0x8               SL/SOS/SOS.o
TIMER1CAPT          0x2               Infrastructure/Intturpts Manger/Interrupts.o
TIMER1OVF           0x2               Infrastructure/Intturpts Manger/Interrupts.o
TIMER2COMP          0x2               Infrastructure/Intturpts Manger/Interrupts.o

Memory Configuration

Name             Origin             Length             Attributes
text             0x00000000         0x00020000         xr
data             0x00800060         0x0000ffa0         rw !x
eeprom           0x00810000         0x00010000         rw !x
fuse             0x00820000         0x00000400         rw !x
lock             0x00830000         0x00000400         rw !x
signature        0x00840000         0x00000400         rw !x
*default*        0x00000000         0xffffffff

Linker script and memory map

LOAD c:/program files (x86)/atmel/atmel studio 6.0/extensions/atmel/avrgcc/3.4.1.95/avrtoolchain/bin/../lib/gcc/avr/4.6.2/../../../../avr/lib/avr5/crtm32a.o
LOAD AAL/car_sm/car_sm.o
LOAD AAL/Steering/Steering.o
LOAD ECUAL/LCD/LCD.o
LOAD ECUAL/Motor/Motor.o
LOAD ECUAL/Motor/Motor_Config.o
LOAD ECUAL/SWdelay/softwareDelay.o
LOAD ECUAL/US/US.o
LOAD ECUAL/US/UsConfig.o
LOAD Infrastructure/Intturpts Manger/Interrupts.o
LOAD MCAL/DIO/DIO.o
LOAD MCAL/DIO/DIO_config.o
LOAD MCAL/ICU/ICU.o
LOAD MCAL/ICU/ICU_Config.o
LOAD MCAL/PushButtons/pushButton.o
LOAD MCAL/PWM/PWM.o
LOAD MCAL/PWM/PWM_Config.o
LOAD MCAL/Timer/timer.o
LOAD MCAL/Timer/Timer_Config.o
LOAD SL/SOS/SOS.o
LOAD SL/SOS/SOS_Config.o
LOAD main.o
START GROUP
LOAD c:/program files (x86)/atmel/atmel studio 6.0/extensions/atmel/avrgcc/3.4.1.95/avrtoolchain/bin/../lib/gcc/avr/4.6.2/../../../../avr/lib/avr5\libm.a
END GROUP
LOAD c:/program files (x86)/atmel/atmel studio 6.0/extensions/atmel/avrgcc/3.4.1.95/avrtoolchain/bin/../lib/gcc/avr/4.6.2/avr5\libgcc.a
LOAD c:/program files (x86)/atmel/atmel studio 6.0/extensions/atmel/avrgcc/3.4.1.95/avrtoolchain/bin/../lib/gcc/avr/4.6.2/../../../../avr/lib/avr5\libc.a
LOAD c:/program files (x86)/atmel/atmel studio 6.0/extensions/atmel/avrgcc/3.4.1.95/avrtoolchain/bin/../lib/gcc/avr/4.6.2/avr5\libgcc.a

.hash
 *(.hash)

.dynsym
 *(.dynsym)

.dynstr
 *(.dynstr)

.gnu.version
 *(.gnu.version)

.gnu.version_d
 *(.gnu.version_d)

.gnu.version_r
 *(.gnu.version_r)

.rel.init
 *(.rel.init)

.rela.init
 *(.rela.init)

.rel.text
 *(.rel.text)
 *(.rel.text.*)
 *(.rel.gnu.linkonce.t*)

.rela.text
 *(.rela.text)
 *(.rela.text.*)
 *(.rela.gnu.linkonce.t*)

.rel.fini
 *(.rel.fini)

.rela.fini
 *(.rela.fini)

.rel.rodata
 *(.rel.rodata)
 *(.rel.rodata.*)
 *(.rel.gnu.linkonce.r*)

.rela.rodata
 *(.rela.rodata)
 *(.rela.rodata.*)
 *(.rela.gnu.linkonce.r*)

.rel.data
 *(.rel.data)
 *(.rel.data.*)
 *(.rel.gnu.linkonce.d*)

.rela.data
 *(.rela.data)
 *(.rela.data.*)
 *(.rela.gnu.linkonce.d*)

.rel.ctors
 *(.rel.ctors)

.rela.ctors
 *(.rela.ctors)

.rel.dtors
 *(.rel.dtors)

.rela.dtors
 *(.rela.dtors)

.rel.got
 *(.rel.got)

.rela.got
 *(.rela.got)

.rel.bss
 *(.rel.bss)

.rela.bss
 *(.rela.bss)

.rel.plt
 *(.rel.plt)

.rela.plt
 *(.rela.plt)

.text           0x00000000     0x22b0
 *(.vectors)
 .vectors       0x00000000       0x54 c:/program files (x86)/atmel/atmel studio 6.0/extensions/atmel/avrgcc/3.4.1.95/avrtoolchain/bin/../lib/gcc/avr/4.6.2/../../../../avr/lib/avr5/crtm32a.o
                0x00000000                __vector_default
                0x00000000                __vectors
 *(.vectors)
 *(.progmem.gcc*)
 *(.progmem*)
                0x00000054                . = ALIGN (0x2)
                0x00000054                __trampolines_start = .
 *(.trampolines)
 .trampolines   0x00000054        0x0 linker stubs
 *(.trampolines*)
                0x00000054                __trampolines_end = .
 *(.jumptables)
 *(.jumptables*)
 *(.lowtext)
 *(.lowtext*)
                0x00000054                __ctors_start = .
 *(.ctors)
                0x00000054                __ctors_end = .
                0x00000054                __dtors_start = .
 *(.dtors)
                0x00000054                __dtors_end = .
 SORT(*)(.ctors)
 SORT(*)(.dtors)
 *(.init0)
 .init0         0x00000054        0x0 c:/program files (x86)/atmel/atmel studio 6.0/extensions/atmel/avrgcc/3.4.1.95/avrtoolchain/bin/../lib/gcc/avr/4.6.2/../../../../avr/lib/avr5/crtm32a.o
                0x00000054                __init
 *(.init0)
 *(.init1)
 *(.init1)
 *(.init2)
 .init2         0x00000054        0xc c:/program files (x86)/atmel/atmel studio 6.0/extensions/atmel/avrgcc/3.4.1.95/avrtoolchain/bin/../lib/gcc/avr/4.6.2/../../../../avr/lib/avr5/crtm32a.o
 *(.init2)
 *(.init3)
 *(.init3)
 *(.init4)
 .init4         0x00000060       0x16 c:/program files (x86)/atmel/atmel studio 6.0/extensions/atmel/avrgcc/3.4.1.95/avrtoolchain/bin/../lib/gcc/avr/4.6.2/avr5\libgcc.a(_copy_data.o)
                0x00000060                __do_copy_data
 .init4         0x00000076       0x10 c:/program files (x86)/atmel/atmel studio 6.0/extensions/atmel/avrgcc/3.4.1.95/avrtoolchain/bin/../lib/gcc/avr/4.6.2/avr5\libgcc.a(_clear_bss.o)
                0x00000076                __do_clear_bss
 *(.init4)
 *(.init5)
 *(.init5)
 *(.init6)
 *(.init6)
 *(.init7)
 *(.init7)
 *(.init8)
 *(.init8)
 *(.init9)
 .init9         0x00000086        0x8 c:/program files (x86)/atmel/atmel studio 6.0/extensions/atmel/avrgcc/3.4.1.95/avrtoolchain/bin/../lib/gcc/avr/4.6.2/../../../../avr/lib/avr5/crtm32a.o
 *(.init9)
 *(.text)
 .text          0x0000008e        0x4 c:/program files (x86)/atmel/atmel studio 6.0/extensions/atmel/avrgcc/3.4.1.95/avrtoolchain/bin/../lib/gcc/avr/4.6.2/../../../../avr/lib/avr5/crtm32a.o
                0x0000008e                __bad_interrupt
 .text          0x00000092       0x3c AAL/car_sm/car_sm.o
                0x00000092                Car_SM_Init
                0x0000009e                Car_SM_Update
 .text          0x000000ce       0xa4 AAL/Steering/Steering.o
                0x000000ce                Steering_Init
                0x000000d6                Steering_SteerCar
 .text          0x00000172      0x328 ECUAL/LCD/LCD.o
                0x00000172                LCD_EN_pulse
                0x000001a0                LCD_config_pins
                0x000001aa                LCD_send_nibble
                0x0000021e                LCD_send_char
                0x00000254                LCD_send_command
                0x0000028a                LCD_init
                0x00000312                LCD_clear
                0x0000031a                LCD_send_string
                0x00000338                LCD_goto_xy
                0x00000356                reverse
                0x000003a2                itoa_
 .text          0x0000049a      0x290 ECUAL/Motor/Motor.o
                0x0000049a                Motor_Init
                0x000004f8                Motor_Direction
                0x0000064a                Motor_Start
                0x00000696                Motor_SpeedUpdate
                0x000006f6                Motor_Stop
                0x00000714                Motor_GetStatus
 .text          0x0000072a        0x0 ECUAL/Motor/Motor_Config.o
 .text          0x0000072a       0x42 ECUAL/SWdelay/softwareDelay.o
                0x0000072a                SwDelay_ms
                0x00000756                SwDelay_us
 .text          0x0000076c       0x7a ECUAL/US/US.o
                0x0000076c                Us_Init
                0x0000077e                Us_Trigger
                0x000007aa                Us_GetDistance
 .text          0x000007e6        0x0 ECUAL/US/UsConfig.o
 .text          0x000007e6      0x66a Infrastructure/Intturpts Manger/Interrupts.o
                0x000007e6                G_interrupt_Enable
                0x000007ee                EX_interrupt_enable2
                0x00000800                EX_interrupt_enable1
                0x00000818                EX_interrupt_enable0
                0x00000830                G_interrupt_Disable
                0x00000838                __vector_1
                0x00000886                __vector_2
                0x000008d4                __vector_3
                0x00000922                __vector_4
                0x00000970                __vector_5
                0x000009be                __vector_6
                0x00000a0c                __vector_7
                0x00000a5a                __vector_8
                0x00000aa8                __vector_9
                0x00000af6                __vector_10
                0x00000b44                __vector_11
                0x00000b92                __vector_12
                0x00000be0                __vector_13
                0x00000c2e                __vector_14
                0x00000c7c                __vector_15
                0x00000cca                __vector_16
                0x00000d18                __vector_17
                0x00000d66                __vector_18
                0x00000db4                __vector_19
                0x00000e02                __vector_20
 .text          0x00000e50      0x1c8 MCAL/DIO/DIO.o
                0x00000e50                DIO_init
                0x00000f08                DIO_Write
                0x00000f9c                DIO_Read
                0x00000fda                DIO_Toggle
 .text          0x00001018        0x0 MCAL/DIO/DIO_config.o
 .text          0x00001018      0x220 MCAL/ICU/ICU.o
                0x00001018                Icu_Init
                0x0000107a                Icu_ReadTime
                0x0000112e                EXTI
 .text          0x00001238        0x0 MCAL/ICU/ICU_Config.o
 .text          0x00001238       0x8e MCAL/PushButtons/pushButton.o
                0x00001238                pushButtonGetStatus
 .text          0x000012c6      0x428 MCAL/PWM/PWM.o
                0x000012c6                Pwm_Init
                0x0000131a                Pwm_Start
                0x000016a8                Pwm_Update
                0x000016bc                Pwm_Stop
 .text          0x000016ee        0x0 MCAL/PWM/PWM_Config.o
 .text          0x000016ee      0x4c0 MCAL/Timer/timer.o
                0x000016ee                Timer_Init
                0x000018d2                Timer_Start
                0x00001b04                Timer_Stop
                0x00001b38                Timer_GetStatus
                0x00001b7a                Timer_GetValue
 .text          0x00001bae        0x0 MCAL/Timer/Timer_Config.o
 .text          0x00001bae      0x318 SL/SOS/SOS.o
                0x00001bae                SOS_Init
                0x00001c30                TMU_DeInit
                0x00001c54                SOS_Create_Task
                0x00001c8e                SOS_Run
                0x00001d6e                TMU_Stop_Timer
                0x00001d86                Task1
                0x00001e66                Task2
                0x00001ebc                Tmu_excute
                0x00001ebe                timer_interrupt
 .text          0x00001ec6        0x0 SL/SOS/SOS_Config.o
 .text          0x00001ec6       0x5a main.o
                0x00001ec6                main
 .text          0x00001f20        0x0 c:/program files (x86)/atmel/atmel studio 6.0/extensions/atmel/avrgcc/3.4.1.95/avrtoolchain/bin/../lib/gcc/avr/4.6.2/../../../../avr/lib/avr5\libm.a(divsf3.o)
 .text          0x00001f20        0x0 c:/program files (x86)/atmel/atmel studio 6.0/extensions/atmel/avrgcc/3.4.1.95/avrtoolchain/bin/../lib/gcc/avr/4.6.2/../../../../avr/lib/avr5\libm.a(divsf3x.o)
 .text          0x00001f20        0x0 c:/program files (x86)/atmel/atmel studio 6.0/extensions/atmel/avrgcc/3.4.1.95/avrtoolchain/bin/../lib/gcc/avr/4.6.2/../../../../avr/lib/avr5\libm.a(fixunssfsi.o)
 .text          0x00001f20        0x0 c:/program files (x86)/atmel/atmel studio 6.0/extensions/atmel/avrgcc/3.4.1.95/avrtoolchain/bin/../lib/gcc/avr/4.6.2/../../../../avr/lib/avr5\libm.a(floatsisf.o)
 .text          0x00001f20        0x0 c:/program files (x86)/atmel/atmel studio 6.0/extensions/atmel/avrgcc/3.4.1.95/avrtoolchain/bin/../lib/gcc/avr/4.6.2/../../../../avr/lib/avr5\libm.a(fp_inf.o)
 .text          0x00001f20        0x0 c:/program files (x86)/atmel/atmel studio 6.0/extensions/atmel/avrgcc/3.4.1.95/avrtoolchain/bin/../lib/gcc/avr/4.6.2/../../../../avr/lib/avr5\libm.a(fp_nan.o)
 .text          0x00001f20        0x0 c:/program files (x86)/atmel/atmel studio 6.0/extensions/atmel/avrgcc/3.4.1.95/avrtoolchain/bin/../lib/gcc/avr/4.6.2/../../../../avr/lib/avr5\libm.a(fp_pscA.o)
 .text          0x00001f20        0x0 c:/program files (x86)/atmel/atmel studio 6.0/extensions/atmel/avrgcc/3.4.1.95/avrtoolchain/bin/../lib/gcc/avr/4.6.2/../../../../avr/lib/avr5\libm.a(fp_pscB.o)
 .text          0x00001f20        0x0 c:/program files (x86)/atmel/atmel studio 6.0/extensions/atmel/avrgcc/3.4.1.95/avrtoolchain/bin/../lib/gcc/avr/4.6.2/../../../../avr/lib/avr5\libm.a(fp_round.o)
 .text          0x00001f20        0x0 c:/program files (x86)/atmel/atmel studio 6.0/extensions/atmel/avrgcc/3.4.1.95/avrtoolchain/bin/../lib/gcc/avr/4.6.2/../../../../avr/lib/avr5\libm.a(fp_split3.o)
 .text          0x00001f20        0x0 c:/program files (x86)/atmel/atmel studio 6.0/extensions/atmel/avrgcc/3.4.1.95/avrtoolchain/bin/../lib/gcc/avr/4.6.2/../../../../avr/lib/avr5\libm.a(fp_zero.o)
 .text          0x00001f20        0x0 c:/program files (x86)/atmel/atmel studio 6.0/extensions/atmel/avrgcc/3.4.1.95/avrtoolchain/bin/../lib/gcc/avr/4.6.2/../../../../avr/lib/avr5\libm.a(mulsf3.o)
 .text          0x00001f20        0x0 c:/program files (x86)/atmel/atmel studio 6.0/extensions/atmel/avrgcc/3.4.1.95/avrtoolchain/bin/../lib/gcc/avr/4.6.2/../../../../avr/lib/avr5\libm.a(mulsf3x.o)
 .text          0x00001f20        0x0 c:/program files (x86)/atmel/atmel studio 6.0/extensions/atmel/avrgcc/3.4.1.95/avrtoolchain/bin/../lib/gcc/avr/4.6.2/avr5\libgcc.a(_mulsi3.o)
 .text          0x00001f20        0x0 c:/program files (x86)/atmel/atmel studio 6.0/extensions/atmel/avrgcc/3.4.1.95/avrtoolchain/bin/../lib/gcc/avr/4.6.2/avr5\libgcc.a(_udivmodsi4.o)
 .text          0x00001f20        0x0 c:/program files (x86)/atmel/atmel studio 6.0/extensions/atmel/avrgcc/3.4.1.95/avrtoolchain/bin/../lib/gcc/avr/4.6.2/avr5\libgcc.a(_exit.o)
 .text          0x00001f20        0x0 c:/program files (x86)/atmel/atmel studio 6.0/extensions/atmel/avrgcc/3.4.1.95/avrtoolchain/bin/../lib/gcc/avr/4.6.2/avr5\libgcc.a(_copy_data.o)
 .text          0x00001f20        0x0 c:/program files (x86)/atmel/atmel studio 6.0/extensions/atmel/avrgcc/3.4.1.95/avrtoolchain/bin/../lib/gcc/avr/4.6.2/avr5\libgcc.a(_clear_bss.o)
                0x00001f20                . = ALIGN (0x2)
 *(.text.*)
 .text.avr-libc.fplib
                0x00001f20        0x4 c:/program files (x86)/atmel/atmel studio 6.0/extensions/atmel/avrgcc/3.4.1.95/avrtoolchain/bin/../lib/gcc/avr/4.6.2/../../../../avr/lib/avr5\libm.a(divsf3.o)
                0x00001f20                __divsf3
 .text.avr-libc.fplib
                0x00001f24       0xcc c:/program files (x86)/atmel/atmel studio 6.0/extensions/atmel/avrgcc/3.4.1.95/avrtoolchain/bin/../lib/gcc/avr/4.6.2/../../../../avr/lib/avr5\libm.a(divsf3x.o)
                0x00001f3a                __divsf3x
                0x00001f3e                __divsf3_pse
 .text.avr-libc.fplib
                0x00001ff0       0x58 c:/program files (x86)/atmel/atmel studio 6.0/extensions/atmel/avrgcc/3.4.1.95/avrtoolchain/bin/../lib/gcc/avr/4.6.2/../../../../avr/lib/avr5\libm.a(fixunssfsi.o)
                0x00001ff0                __fixunssfsi
 .text.avr-libc.fplib
                0x00002048       0x7a c:/program files (x86)/atmel/atmel studio 6.0/extensions/atmel/avrgcc/3.4.1.95/avrtoolchain/bin/../lib/gcc/avr/4.6.2/../../../../avr/lib/avr5\libm.a(floatsisf.o)
                0x00002048                __floatunsisf
                0x0000204c                __floatsisf
 .text.avr-libc.fplib
                0x000020c2        0xc c:/program files (x86)/atmel/atmel studio 6.0/extensions/atmel/avrgcc/3.4.1.95/avrtoolchain/bin/../lib/gcc/avr/4.6.2/../../../../avr/lib/avr5\libm.a(fp_inf.o)
                0x000020c2                __fp_inf
 .text.avr-libc.fplib
                0x000020ce        0x6 c:/program files (x86)/atmel/atmel studio 6.0/extensions/atmel/avrgcc/3.4.1.95/avrtoolchain/bin/../lib/gcc/avr/4.6.2/../../../../avr/lib/avr5\libm.a(fp_nan.o)
                0x000020ce                __fp_nan
 .text.avr-libc.fplib
                0x000020d4        0xe c:/program files (x86)/atmel/atmel studio 6.0/extensions/atmel/avrgcc/3.4.1.95/avrtoolchain/bin/../lib/gcc/avr/4.6.2/../../../../avr/lib/avr5\libm.a(fp_pscA.o)
                0x000020d4                __fp_pscA
 .text.avr-libc.fplib
                0x000020e2        0xe c:/program files (x86)/atmel/atmel studio 6.0/extensions/atmel/avrgcc/3.4.1.95/avrtoolchain/bin/../lib/gcc/avr/4.6.2/../../../../avr/lib/avr5\libm.a(fp_pscB.o)
                0x000020e2                __fp_pscB
 .text.avr-libc.fplib
                0x000020f0       0x22 c:/program files (x86)/atmel/atmel studio 6.0/extensions/atmel/avrgcc/3.4.1.95/avrtoolchain/bin/../lib/gcc/avr/4.6.2/../../../../avr/lib/avr5\libm.a(fp_round.o)
                0x000020f0                __fp_round
 .text.avr-libc.fplib
                0x00002112       0x44 c:/program files (x86)/atmel/atmel studio 6.0/extensions/atmel/avrgcc/3.4.1.95/avrtoolchain/bin/../lib/gcc/avr/4.6.2/../../../../avr/lib/avr5\libm.a(fp_split3.o)
                0x00002112                __fp_split3
                0x00002122                __fp_splitA
 .text.avr-libc.fplib
                0x00002156        0xe c:/program files (x86)/atmel/atmel studio 6.0/extensions/atmel/avrgcc/3.4.1.95/avrtoolchain/bin/../lib/gcc/avr/4.6.2/../../../../avr/lib/avr5\libm.a(fp_zero.o)
                0x00002156                __fp_zero
                0x00002158                __fp_szero
 .text.avr-libc.fplib
                0x00002164        0x4 c:/program files (x86)/atmel/atmel studio 6.0/extensions/atmel/avrgcc/3.4.1.95/avrtoolchain/bin/../lib/gcc/avr/4.6.2/../../../../avr/lib/avr5\libm.a(mulsf3.o)
                0x00002164                __mulsf3
 .text.avr-libc.fplib
                0x00002168       0xc2 c:/program files (x86)/atmel/atmel studio 6.0/extensions/atmel/avrgcc/3.4.1.95/avrtoolchain/bin/../lib/gcc/avr/4.6.2/../../../../avr/lib/avr5\libm.a(mulsf3x.o)
                0x0000217c                __mulsf3x
                0x00002180                __mulsf3_pse
 .text.libgcc   0x0000222a       0x3e c:/program files (x86)/atmel/atmel studio 6.0/extensions/atmel/avrgcc/3.4.1.95/avrtoolchain/bin/../lib/gcc/avr/4.6.2/avr5\libgcc.a(_mulsi3.o)
                0x0000222a                __mulsi3
 .text.libgcc   0x00002268       0x44 c:/program files (x86)/atmel/atmel studio 6.0/extensions/atmel/avrgcc/3.4.1.95/avrtoolchain/bin/../lib/gcc/avr/4.6.2/avr5\libgcc.a(_udivmodsi4.o)
                0x00002268                __udivmodsi4
 .text.libgcc   0x000022ac        0x0 c:/program files (x86)/atmel/atmel studio 6.0/extensions/atmel/avrgcc/3.4.1.95/avrtoolchain/bin/../lib/gcc/avr/4.6.2/avr5\libgcc.a(_exit.o)
 .text.libgcc   0x000022ac        0x0 c:/program files (x86)/atmel/atmel studio 6.0/extensions/atmel/avrgcc/3.4.1.95/avrtoolchain/bin/../lib/gcc/avr/4.6.2/avr5\libgcc.a(_copy_data.o)
 .text.libgcc   0x000022ac        0x0 c:/program files (x86)/atmel/atmel studio 6.0/extensions/atmel/avrgcc/3.4.1.95/avrtoolchain/bin/../lib/gcc/avr/4.6.2/avr5\libgcc.a(_clear_bss.o)
                0x000022ac                . = ALIGN (0x2)
 *(.fini9)
 .fini9         0x000022ac        0x0 c:/program files (x86)/atmel/atmel studio 6.0/extensions/atmel/avrgcc/3.4.1.95/avrtoolchain/bin/../lib/gcc/avr/4.6.2/avr5\libgcc.a(_exit.o)
                0x000022ac                _exit
                0x000022ac                exit
 *(.fini9)
 *(.fini8)
 *(.fini8)
 *(.fini7)
 *(.fini7)
 *(.fini6)
 *(.fini6)
 *(.fini5)
 *(.fini5)
 *(.fini4)
 *(.fini4)
 *(.fini3)
 *(.fini3)
 *(.fini2)
 *(.fini2)
 *(.fini1)
 *(.fini1)
 *(.fini0)
 .fini0         0x000022ac        0x4 c:/program files (x86)/atmel/atmel studio 6.0/extensions/atmel/avrgcc/3.4.1.95/avrtoolchain/bin/../lib/gcc/avr/4.6.2/avr5\libgcc.a(_exit.o)
 *(.fini0)
                0x000022b0                _etext = .

.data           0x00800060      0x178 load address 0x000022b0
                0x00800060                PROVIDE (__data_start, .)
 *(.data)
 .data          0x00800060        0x0 c:/program files (x86)/atmel/atmel studio 6.0/extensions/atmel/avrgcc/3.4.1.95/avrtoolchain/bin/../lib/gcc/avr/4.6.2/../../../../avr/lib/avr5/crtm32a.o
 .data          0x00800060        0x0 AAL/car_sm/car_sm.o
 .data          0x00800060        0x0 AAL/Steering/Steering.o
 .data          0x00800060        0x0 ECUAL/LCD/LCD.o
 .data          0x00800060        0x0 ECUAL/Motor/Motor.o
 .data          0x00800060        0x9 ECUAL/Motor/Motor_Config.o
                0x00800060                ALL_Motor
                0x00800063                Motortwo
                0x00800066                Motorone
 .data          0x00800069        0x0 ECUAL/SWdelay/softwareDelay.o
 .data          0x00800069        0x0 ECUAL/US/US.o
 .data          0x00800069        0x3 ECUAL/US/UsConfig.o
                0x00800069                US_Configuration
 .data          0x0080006c        0x2 Infrastructure/Intturpts Manger/Interrupts.o
                0x0080006c                TIMER0OVF_INT
 .data          0x0080006e        0x0 MCAL/DIO/DIO.o
 .data          0x0080006e        0xc MCAL/DIO/DIO_config.o
                0x0080006e                Dio_configurationD
                0x00800071                Dio_configurationC
                0x00800074                Dio_configurationB
                0x00800077                Dio_configurationA
 .data          0x0080007a        0x0 MCAL/ICU/ICU.o
 .data          0x0080007a        0x2 MCAL/ICU/ICU_Config.o
                0x0080007a                ICU_Configuration
 .data          0x0080007c        0x0 MCAL/PushButtons/pushButton.o
 .data          0x0080007c        0x0 MCAL/PWM/PWM.o
 .data          0x0080007c        0x8 MCAL/PWM/PWM_Config.o
                0x0080007c                PWM_Configuration_2
                0x0080007e                PWM_Configuration_0
                0x00800080                PWM_Configuration_1B
                0x00800082                PWM_Configuration_1A
 .data          0x00800084        0x0 MCAL/Timer/timer.o
 .data          0x00800084       0x12 MCAL/Timer/Timer_Config.o
                0x00800084                Timer_Deinit_Configuration0
                0x0080008a                Timer_Configuration0
                0x00800090                Timer_Configuration2
 .data          0x00800096      0x140 SL/SOS/SOS.o
 .data          0x008001d6        0x2 SL/SOS/SOS_Config.o
                0x008001d6                TMU_Configuration
 .data          0x008001d8        0x0 main.o
 .data          0x008001d8        0x0 c:/program files (x86)/atmel/atmel studio 6.0/extensions/atmel/avrgcc/3.4.1.95/avrtoolchain/bin/../lib/gcc/avr/4.6.2/../../../../avr/lib/avr5\libm.a(divsf3.o)
 .data          0x008001d8        0x0 c:/program files (x86)/atmel/atmel studio 6.0/extensions/atmel/avrgcc/3.4.1.95/avrtoolchain/bin/../lib/gcc/avr/4.6.2/../../../../avr/lib/avr5\libm.a(divsf3x.o)
 .data          0x008001d8        0x0 c:/program files (x86)/atmel/atmel studio 6.0/extensions/atmel/avrgcc/3.4.1.95/avrtoolchain/bin/../lib/gcc/avr/4.6.2/../../../../avr/lib/avr5\libm.a(fixunssfsi.o)
 .data          0x008001d8        0x0 c:/program files (x86)/atmel/atmel studio 6.0/extensions/atmel/avrgcc/3.4.1.95/avrtoolchain/bin/../lib/gcc/avr/4.6.2/../../../../avr/lib/avr5\libm.a(floatsisf.o)
 .data          0x008001d8        0x0 c:/program files (x86)/atmel/atmel studio 6.0/extensions/atmel/avrgcc/3.4.1.95/avrtoolchain/bin/../lib/gcc/avr/4.6.2/../../../../avr/lib/avr5\libm.a(fp_inf.o)
 .data          0x008001d8        0x0 c:/program files (x86)/atmel/atmel studio 6.0/extensions/atmel/avrgcc/3.4.1.95/avrtoolchain/bin/../lib/gcc/avr/4.6.2/../../../../avr/lib/avr5\libm.a(fp_nan.o)
 .data          0x008001d8        0x0 c:/program files (x86)/atmel/atmel studio 6.0/extensions/atmel/avrgcc/3.4.1.95/avrtoolchain/bin/../lib/gcc/avr/4.6.2/../../../../avr/lib/avr5\libm.a(fp_pscA.o)
 .data          0x008001d8        0x0 c:/program files (x86)/atmel/atmel studio 6.0/extensions/atmel/avrgcc/3.4.1.95/avrtoolchain/bin/../lib/gcc/avr/4.6.2/../../../../avr/lib/avr5\libm.a(fp_pscB.o)
 .data          0x008001d8        0x0 c:/program files (x86)/atmel/atmel studio 6.0/extensions/atmel/avrgcc/3.4.1.95/avrtoolchain/bin/../lib/gcc/avr/4.6.2/../../../../avr/lib/avr5\libm.a(fp_round.o)
 .data          0x008001d8        0x0 c:/program files (x86)/atmel/atmel studio 6.0/extensions/atmel/avrgcc/3.4.1.95/avrtoolchain/bin/../lib/gcc/avr/4.6.2/../../../../avr/lib/avr5\libm.a(fp_split3.o)
 .data          0x008001d8        0x0 c:/program files (x86)/atmel/atmel studio 6.0/extensions/atmel/avrgcc/3.4.1.95/avrtoolchain/bin/../lib/gcc/avr/4.6.2/../../../../avr/lib/avr5\libm.a(fp_zero.o)
 .data          0x008001d8        0x0 c:/program files (x86)/atmel/atmel studio 6.0/extensions/atmel/avrgcc/3.4.1.95/avrtoolchain/bin/../lib/gcc/avr/4.6.2/../../../../avr/lib/avr5\libm.a(mulsf3.o)
 .data          0x008001d8        0x0 c:/program files (x86)/atmel/atmel studio 6.0/extensions/atmel/avrgcc/3.4.1.95/avrtoolchain/bin/../lib/gcc/avr/4.6.2/../../../../avr/lib/avr5\libm.a(mulsf3x.o)
 .data          0x008001d8        0x0 c:/program files (x86)/atmel/atmel studio 6.0/extensions/atmel/avrgcc/3.4.1.95/avrtoolchain/bin/../lib/gcc/avr/4.6.2/avr5\libgcc.a(_mulsi3.o)
 .data          0x008001d8        0x0 c:/program files (x86)/atmel/atmel studio 6.0/extensions/atmel/avrgcc/3.4.1.95/avrtoolchain/bin/../lib/gcc/avr/4.6.2/avr5\libgcc.a(_udivmodsi4.o)
 .data          0x008001d8        0x0 c:/program files (x86)/atmel/atmel studio 6.0/extensions/atmel/avrgcc/3.4.1.95/avrtoolchain/bin/../lib/gcc/avr/4.6.2/avr5\libgcc.a(_exit.o)
 .data          0x008001d8        0x0 c:/program files (x86)/atmel/atmel studio 6.0/extensions/atmel/avrgcc/3.4.1.95/avrtoolchain/bin/../lib/gcc/avr/4.6.2/avr5\libgcc.a(_copy_data.o)
 .data          0x008001d8        0x0 c:/program files (x86)/atmel/atmel studio 6.0/extensions/atmel/avrgcc/3.4.1.95/avrtoolchain/bin/../lib/gcc/avr/4.6.2/avr5\libgcc.a(_clear_bss.o)
 *(.data*)
 *(.rodata)
 *(.rodata*)
 *(.gnu.linkonce.d*)
                0x008001d8                . = ALIGN (0x2)
                0x008001d8                _edata = .
                0x008001d8                PROVIDE (__data_end, .)

.bss            0x008001d8       0x7f
                0x008001d8                PROVIDE (__bss_start, .)
 *(.bss)
 .bss           0x008001d8        0x0 c:/program files (x86)/atmel/atmel studio 6.0/extensions/atmel/avrgcc/3.4.1.95/avrtoolchain/bin/../lib/gcc/avr/4.6.2/../../../../avr/lib/avr5/crtm32a.o
 .bss           0x008001d8        0x2 AAL/car_sm/car_sm.o
 .bss           0x008001da        0x0 AAL/Steering/Steering.o
 .bss           0x008001da        0x1 ECUAL/LCD/LCD.o
                0x008001da                U8_index
 .bss           0x008001db        0x2 ECUAL/Motor/Motor.o
 .bss           0x008001dd        0x0 ECUAL/Motor/Motor_Config.o
 .bss           0x008001dd        0x0 ECUAL/SWdelay/softwareDelay.o
 .bss           0x008001dd        0x0 ECUAL/US/US.o
 .bss           0x008001dd        0x0 ECUAL/US/UsConfig.o
 .bss           0x008001dd        0x0 Infrastructure/Intturpts Manger/Interrupts.o
 .bss           0x008001dd        0x0 MCAL/DIO/DIO.o
 .bss           0x008001dd        0x0 MCAL/DIO/DIO_config.o
 .bss           0x008001dd       0x15 MCAL/ICU/ICU.o
 .bss           0x008001f2        0x0 MCAL/ICU/ICU_Config.o
 .bss           0x008001f2        0x6 MCAL/PushButtons/pushButton.o
 .bss           0x008001f8        0x2 MCAL/PWM/PWM.o
 .bss           0x008001fa        0x0 MCAL/PWM/PWM_Config.o
 .bss           0x008001fa        0x1 MCAL/Timer/timer.o
 .bss           0x008001fb        0x0 MCAL/Timer/Timer_Config.o
 .bss           0x008001fb        0xa SL/SOS/SOS.o
                0x008001fb                u8Excution_to_be_done
                0x008001fc                u8_FUN_index
                0x008001fd                u8_Is_Intialized
                0x008001fe                u8_Init_finished
 .bss           0x00800205        0x0 SL/SOS/SOS_Config.o
 .bss           0x00800205        0x0 main.o
 .bss           0x00800205        0x0 c:/program files (x86)/atmel/atmel studio 6.0/extensions/atmel/avrgcc/3.4.1.95/avrtoolchain/bin/../lib/gcc/avr/4.6.2/../../../../avr/lib/avr5\libm.a(divsf3.o)
 .bss           0x00800205        0x0 c:/program files (x86)/atmel/atmel studio 6.0/extensions/atmel/avrgcc/3.4.1.95/avrtoolchain/bin/../lib/gcc/avr/4.6.2/../../../../avr/lib/avr5\libm.a(divsf3x.o)
 .bss           0x00800205        0x0 c:/program files (x86)/atmel/atmel studio 6.0/extensions/atmel/avrgcc/3.4.1.95/avrtoolchain/bin/../lib/gcc/avr/4.6.2/../../../../avr/lib/avr5\libm.a(fixunssfsi.o)
 .bss           0x00800205        0x0 c:/program files (x86)/atmel/atmel studio 6.0/extensions/atmel/avrgcc/3.4.1.95/avrtoolchain/bin/../lib/gcc/avr/4.6.2/../../../../avr/lib/avr5\libm.a(floatsisf.o)
 .bss           0x00800205        0x0 c:/program files (x86)/atmel/atmel studio 6.0/extensions/atmel/avrgcc/3.4.1.95/avrtoolchain/bin/../lib/gcc/avr/4.6.2/../../../../avr/lib/avr5\libm.a(fp_inf.o)
 .bss           0x00800205        0x0 c:/program files (x86)/atmel/atmel studio 6.0/extensions/atmel/avrgcc/3.4.1.95/avrtoolchain/bin/../lib/gcc/avr/4.6.2/../../../../avr/lib/avr5\libm.a(fp_nan.o)
 .bss           0x00800205        0x0 c:/program files (x86)/atmel/atmel studio 6.0/extensions/atmel/avrgcc/3.4.1.95/avrtoolchain/bin/../lib/gcc/avr/4.6.2/../../../../avr/lib/avr5\libm.a(fp_pscA.o)
 .bss           0x00800205        0x0 c:/program files (x86)/atmel/atmel studio 6.0/extensions/atmel/avrgcc/3.4.1.95/avrtoolchain/bin/../lib/gcc/avr/4.6.2/../../../../avr/lib/avr5\libm.a(fp_pscB.o)
 .bss           0x00800205        0x0 c:/program files (x86)/atmel/atmel studio 6.0/extensions/atmel/avrgcc/3.4.1.95/avrtoolchain/bin/../lib/gcc/avr/4.6.2/../../../../avr/lib/avr5\libm.a(fp_round.o)
 .bss           0x00800205        0x0 c:/program files (x86)/atmel/atmel studio 6.0/extensions/atmel/avrgcc/3.4.1.95/avrtoolchain/bin/../lib/gcc/avr/4.6.2/../../../../avr/lib/avr5\libm.a(fp_split3.o)
 .bss           0x00800205        0x0 c:/program files (x86)/atmel/atmel studio 6.0/extensions/atmel/avrgcc/3.4.1.95/avrtoolchain/bin/../lib/gcc/avr/4.6.2/../../../../avr/lib/avr5\libm.a(fp_zero.o)
 .bss           0x00800205        0x0 c:/program files (x86)/atmel/atmel studio 6.0/extensions/atmel/avrgcc/3.4.1.95/avrtoolchain/bin/../lib/gcc/avr/4.6.2/../../../../avr/lib/avr5\libm.a(mulsf3.o)
 .bss           0x00800205        0x0 c:/program files (x86)/atmel/atmel studio 6.0/extensions/atmel/avrgcc/3.4.1.95/avrtoolchain/bin/../lib/gcc/avr/4.6.2/../../../../avr/lib/avr5\libm.a(mulsf3x.o)
 .bss           0x00800205        0x0 c:/program files (x86)/atmel/atmel studio 6.0/extensions/atmel/avrgcc/3.4.1.95/avrtoolchain/bin/../lib/gcc/avr/4.6.2/avr5\libgcc.a(_mulsi3.o)
 .bss           0x00800205        0x0 c:/program files (x86)/atmel/atmel studio 6.0/extensions/atmel/avrgcc/3.4.1.95/avrtoolchain/bin/../lib/gcc/avr/4.6.2/avr5\libgcc.a(_udivmodsi4.o)
 .bss           0x00800205        0x0 c:/program files (x86)/atmel/atmel studio 6.0/extensions/atmel/avrgcc/3.4.1.95/avrtoolchain/bin/../lib/gcc/avr/4.6.2/avr5\libgcc.a(_exit.o)
 .bss           0x00800205        0x0 c:/program files (x86)/atmel/atmel studio 6.0/extensions/atmel/avrgcc/3.4.1.95/avrtoolchain/bin/../lib/gcc/avr/4.6.2/avr5\libgcc.a(_copy_data.o)
 .bss           0x00800205        0x0 c:/program files (x86)/atmel/atmel studio 6.0/extensions/atmel/avrgcc/3.4.1.95/avrtoolchain/bin/../lib/gcc/avr/4.6.2/avr5\libgcc.a(_clear_bss.o)
 *(.bss*)
 *(COMMON)
 COMMON         0x00800205       0x26 Infrastructure/Intturpts Manger/Interrupts.o
                0x00800205                TWI_I2C
                0x00800207                USART_RXC
                0x00800209                TIMER2OVF
                0x0080020b                SPM_RDY
                0x0080020d                TIMER1COMPB
                0x0080020f                TIMER1COMPA
                0x00800211                SPI_STC
                0x00800213                INT2_external_interrupt
                0x00800215                ANA_COMP
                0x00800217                ADC_INT
                0x00800219                EE_RDY
                0x0080021b                INT0_external_interrupt
                0x0080021d                USART_TXC
                0x0080021f                TIMER0COMP
                0x00800221                USART_UDRE
                0x00800223                INT1_external_interrupt
                0x00800225                TIMER1CAPT
                0x00800227                TIMER1OVF
                0x00800229                TIMER2COMP
 COMMON         0x0080022b       0x2c SL/SOS/SOS.o
                0x0080022b                Start_status
                0x0080022f                Buffer_Array
                0x0080024f                start
                0x00800257                PROVIDE (__bss_end, .)
                0x000022b0                __data_load_start = LOADADDR (.data)
                0x00002428                __data_load_end = (__data_load_start + SIZEOF (.data))

.noinit         0x00800257        0x0
                0x00800257                PROVIDE (__noinit_start, .)
 *(.noinit*)
                0x00800257                PROVIDE (__noinit_end, .)
                0x00800257                _end = .
                0x00800257                PROVIDE (__heap_start, .)

.eeprom         0x00810000        0x0
 *(.eeprom*)
                0x00810000                __eeprom_end = .

.fuse
 *(.fuse)
 *(.lfuse)
 *(.hfuse)
 *(.efuse)

.lock
 *(.lock*)

.signature
 *(.signature*)

.stab           0x00000000     0x1bcc
 *(.stab)
 .stab          0x00000000      0x6cc c:/program files (x86)/atmel/atmel studio 6.0/extensions/atmel/avrgcc/3.4.1.95/avrtoolchain/bin/../lib/gcc/avr/4.6.2/../../../../avr/lib/avr5/crtm32a.o
 .stab          0x000006cc       0x48 c:/program files (x86)/atmel/atmel studio 6.0/extensions/atmel/avrgcc/3.4.1.95/avrtoolchain/bin/../lib/gcc/avr/4.6.2/../../../../avr/lib/avr5\libm.a(divsf3.o)
                                 0x54 (size before relaxing)
 .stab          0x00000714      0x510 c:/program files (x86)/atmel/atmel studio 6.0/extensions/atmel/avrgcc/3.4.1.95/avrtoolchain/bin/../lib/gcc/avr/4.6.2/../../../../avr/lib/avr5\libm.a(divsf3x.o)
                                0x51c (size before relaxing)
 .stab          0x00000c24      0x240 c:/program files (x86)/atmel/atmel studio 6.0/extensions/atmel/avrgcc/3.4.1.95/avrtoolchain/bin/../lib/gcc/avr/4.6.2/../../../../avr/lib/avr5\libm.a(fixunssfsi.o)
                                0x24c (size before relaxing)
 .stab          0x00000e64      0x318 c:/program files (x86)/atmel/atmel studio 6.0/extensions/atmel/avrgcc/3.4.1.95/avrtoolchain/bin/../lib/gcc/avr/4.6.2/../../../../avr/lib/avr5\libm.a(floatsisf.o)
                                0x324 (size before relaxing)
 .stab          0x0000117c       0x78 c:/program files (x86)/atmel/atmel studio 6.0/extensions/atmel/avrgcc/3.4.1.95/avrtoolchain/bin/../lib/gcc/avr/4.6.2/../../../../avr/lib/avr5\libm.a(fp_inf.o)
                                 0x84 (size before relaxing)
 .stab          0x000011f4       0x54 c:/program files (x86)/atmel/atmel studio 6.0/extensions/atmel/avrgcc/3.4.1.95/avrtoolchain/bin/../lib/gcc/avr/4.6.2/../../../../avr/lib/avr5\libm.a(fp_nan.o)
                                 0x60 (size before relaxing)
 .stab          0x00001248       0x84 c:/program files (x86)/atmel/atmel studio 6.0/extensions/atmel/avrgcc/3.4.1.95/avrtoolchain/bin/../lib/gcc/avr/4.6.2/../../../../avr/lib/avr5\libm.a(fp_pscA.o)
                                 0x90 (size before relaxing)
 .stab          0x000012cc       0x84 c:/program files (x86)/atmel/atmel studio 6.0/extensions/atmel/avrgcc/3.4.1.95/avrtoolchain/bin/../lib/gcc/avr/4.6.2/../../../../avr/lib/avr5\libm.a(fp_pscB.o)
                                 0x90 (size before relaxing)
 .stab          0x00001350       0xfc c:/program files (x86)/atmel/atmel studio 6.0/extensions/atmel/avrgcc/3.4.1.95/avrtoolchain/bin/../lib/gcc/avr/4.6.2/../../../../avr/lib/avr5\libm.a(fp_round.o)
                                0x108 (size before relaxing)
 .stab          0x0000144c      0x1d4 c:/program files (x86)/atmel/atmel studio 6.0/extensions/atmel/avrgcc/3.4.1.95/avrtoolchain/bin/../lib/gcc/avr/4.6.2/../../../../avr/lib/avr5\libm.a(fp_split3.o)
                                0x1e0 (size before relaxing)
 .stab          0x00001620       0x90 c:/program files (x86)/atmel/atmel studio 6.0/extensions/atmel/avrgcc/3.4.1.95/avrtoolchain/bin/../lib/gcc/avr/4.6.2/../../../../avr/lib/avr5\libm.a(fp_zero.o)
                                 0x9c (size before relaxing)
 .stab          0x000016b0       0x48 c:/program files (x86)/atmel/atmel studio 6.0/extensions/atmel/avrgcc/3.4.1.95/avrtoolchain/bin/../lib/gcc/avr/4.6.2/../../../../avr/lib/avr5\libm.a(mulsf3.o)
                                 0x54 (size before relaxing)
 .stab          0x000016f8      0x4d4 c:/program files (x86)/atmel/atmel studio 6.0/extensions/atmel/avrgcc/3.4.1.95/avrtoolchain/bin/../lib/gcc/avr/4.6.2/../../../../avr/lib/avr5\libm.a(mulsf3x.o)
                                0x4e0 (size before relaxing)

.stabstr        0x00000000      0x583
 *(.stabstr)
 .stabstr       0x00000000      0x583 c:/program files (x86)/atmel/atmel studio 6.0/extensions/atmel/avrgcc/3.4.1.95/avrtoolchain/bin/../lib/gcc/avr/4.6.2/../../../../avr/lib/avr5/crtm32a.o

.stab.excl
 *(.stab.excl)

.stab.exclstr
 *(.stab.exclstr)

.stab.index
 *(.stab.index)

.stab.indexstr
 *(.stab.indexstr)

.comment
 *(.comment)

.debug
 *(.debug)

.line
 *(.line)

.debug_srcinfo
 *(.debug_srcinfo)

.debug_sfnames
 *(.debug_sfnames)

.debug_aranges  0x00000000      0x260
 *(.debug_aranges)
 .debug_aranges
                0x00000000       0x20 AAL/car_sm/car_sm.o
 .debug_aranges
                0x00000020       0x20 AAL/Steering/Steering.o
 .debug_aranges
                0x00000040       0x20 ECUAL/LCD/LCD.o
 .debug_aranges
                0x00000060       0x20 ECUAL/Motor/Motor.o
 .debug_aranges
                0x00000080       0x20 ECUAL/SWdelay/softwareDelay.o
 .debug_aranges
                0x000000a0       0x20 ECUAL/US/US.o
 .debug_aranges
                0x000000c0       0x20 Infrastructure/Intturpts Manger/Interrupts.o
 .debug_aranges
                0x000000e0       0x20 MCAL/DIO/DIO.o
 .debug_aranges
                0x00000100       0x20 MCAL/ICU/ICU.o
 .debug_aranges
                0x00000120       0x20 MCAL/PushButtons/pushButton.o
 .debug_aranges
                0x00000140       0x20 MCAL/PWM/PWM.o
 .debug_aranges
                0x00000160       0x20 MCAL/Timer/timer.o
 .debug_aranges
                0x00000180       0x20 SL/SOS/SOS.o
 .debug_aranges
                0x000001a0       0x20 main.o
 .debug_aranges
                0x000001c0       0x20 c:/program files (x86)/atmel/atmel studio 6.0/extensions/atmel/avrgcc/3.4.1.95/avrtoolchain/bin/../lib/gcc/avr/4.6.2/avr5\libgcc.a(_mulsi3.o)
 .debug_aranges
                0x000001e0       0x20 c:/program files (x86)/atmel/atmel studio 6.0/extensions/atmel/avrgcc/3.4.1.95/avrtoolchain/bin/../lib/gcc/avr/4.6.2/avr5\libgcc.a(_udivmodsi4.o)
 .debug_aranges
                0x00000200       0x20 c:/program files (x86)/atmel/atmel studio 6.0/extensions/atmel/avrgcc/3.4.1.95/avrtoolchain/bin/../lib/gcc/avr/4.6.2/avr5\libgcc.a(_exit.o)
 .debug_aranges
                0x00000220       0x20 c:/program files (x86)/atmel/atmel studio 6.0/extensions/atmel/avrgcc/3.4.1.95/avrtoolchain/bin/../lib/gcc/avr/4.6.2/avr5\libgcc.a(_copy_data.o)
 .debug_aranges
                0x00000240       0x20 c:/program files (x86)/atmel/atmel studio 6.0/extensions/atmel/avrgcc/3.4.1.95/avrtoolchain/bin/../lib/gcc/avr/4.6.2/avr5\libgcc.a(_clear_bss.o)

.debug_pubnames
 *(.debug_pubnames)

.debug_info     0x00000000     0x2ca6
 *(.debug_info)
 .debug_info    0x00000000       0xd9 AAL/car_sm/car_sm.o
 .debug_info    0x000000d9       0xdd AAL/Steering/Steering.o
 .debug_info    0x000001b6      0x3b1 ECUAL/LCD/LCD.o
 .debug_info    0x00000567      0x321 ECUAL/Motor/Motor.o
 .debug_info    0x00000888       0xe1 ECUAL/Motor/Motor_Config.o
 .debug_info    0x00000969       0xdc ECUAL/SWdelay/softwareDelay.o
 .debug_info    0x00000a45      0x1ec ECUAL/US/US.o
 .debug_info    0x00000c31       0xbd ECUAL/US/UsConfig.o
 .debug_info    0x00000cee      0x510 Infrastructure/Intturpts Manger/Interrupts.o
 .debug_info    0x000011fe      0x206 MCAL/DIO/DIO.o
 .debug_info    0x00001404       0xf3 MCAL/DIO/DIO_config.o
 .debug_info    0x000014f7      0x235 MCAL/ICU/ICU.o
 .debug_info    0x0000172c       0xaf MCAL/ICU/ICU_Config.o
 .debug_info    0x000017db      0x118 MCAL/PushButtons/pushButton.o
 .debug_info    0x000018f3      0x271 MCAL/PWM/PWM.o
 .debug_info    0x00001b64       0xe5 MCAL/PWM/PWM_Config.o
 .debug_info    0x00001c49      0x39b MCAL/Timer/timer.o
 .debug_info    0x00001fe4      0x105 MCAL/Timer/Timer_Config.o
 .debug_info    0x000020e9      0x553 SL/SOS/SOS.o
 .debug_info    0x0000263c       0xb4 SL/SOS/SOS_Config.o
 .debug_info    0x000026f0      0x165 main.o
 .debug_info    0x00002855       0xdd c:/program files (x86)/atmel/atmel studio 6.0/extensions/atmel/avrgcc/3.4.1.95/avrtoolchain/bin/../lib/gcc/avr/4.6.2/avr5\libgcc.a(_mulsi3.o)
 .debug_info    0x00002932       0xdd c:/program files (x86)/atmel/atmel studio 6.0/extensions/atmel/avrgcc/3.4.1.95/avrtoolchain/bin/../lib/gcc/avr/4.6.2/avr5\libgcc.a(_udivmodsi4.o)
 .debug_info    0x00002a0f       0xdd c:/program files (x86)/atmel/atmel studio 6.0/extensions/atmel/avrgcc/3.4.1.95/avrtoolchain/bin/../lib/gcc/avr/4.6.2/avr5\libgcc.a(_exit.o)
 .debug_info    0x00002aec       0xdd c:/program files (x86)/atmel/atmel studio 6.0/extensions/atmel/avrgcc/3.4.1.95/avrtoolchain/bin/../lib/gcc/avr/4.6.2/avr5\libgcc.a(_copy_data.o)
 .debug_info    0x00002bc9       0xdd c:/program files (x86)/atmel/atmel studio 6.0/extensions/atmel/avrgcc/3.4.1.95/avrtoolchain/bin/../lib/gcc/avr/4.6.2/avr5\libgcc.a(_clear_bss.o)
 *(.gnu.linkonce.wi.*)

.debug_abbrev   0x00000000     0x100b
 *(.debug_abbrev)
 .debug_abbrev  0x00000000       0x6e AAL/car_sm/car_sm.o
 .debug_abbrev  0x0000006e       0x85 AAL/Steering/Steering.o
 .debug_abbrev  0x000000f3      0x1bd ECUAL/LCD/LCD.o
 .debug_abbrev  0x000002b0       0xd3 ECUAL/Motor/Motor.o
 .debug_abbrev  0x00000383       0x75 ECUAL/Motor/Motor_Config.o
 .debug_abbrev  0x000003f8       0x81 ECUAL/SWdelay/softwareDelay.o
 .debug_abbrev  0x00000479      0x100 ECUAL/US/US.o
 .debug_abbrev  0x00000579       0x75 ECUAL/US/UsConfig.o
 .debug_abbrev  0x000005ee       0xa1 Infrastructure/Intturpts Manger/Interrupts.o
 .debug_abbrev  0x0000068f       0xd8 MCAL/DIO/DIO.o
 .debug_abbrev  0x00000767       0x75 MCAL/DIO/DIO_config.o
 .debug_abbrev  0x000007dc      0x117 MCAL/ICU/ICU.o
 .debug_abbrev  0x000008f3       0x66 MCAL/ICU/ICU_Config.o
 .debug_abbrev  0x00000959       0x96 MCAL/PushButtons/pushButton.o
 .debug_abbrev  0x000009ef      0x11e MCAL/PWM/PWM.o
 .debug_abbrev  0x00000b0d       0x66 MCAL/PWM/PWM_Config.o
 .debug_abbrev  0x00000b73      0x138 MCAL/Timer/timer.o
 .debug_abbrev  0x00000cab       0x76 MCAL/Timer/Timer_Config.o
 .debug_abbrev  0x00000d21      0x186 SL/SOS/SOS.o
 .debug_abbrev  0x00000ea7       0x6d SL/SOS/SOS_Config.o
 .debug_abbrev  0x00000f14       0x93 main.o
 .debug_abbrev  0x00000fa7       0x14 c:/program files (x86)/atmel/atmel studio 6.0/extensions/atmel/avrgcc/3.4.1.95/avrtoolchain/bin/../lib/gcc/avr/4.6.2/avr5\libgcc.a(_mulsi3.o)
 .debug_abbrev  0x00000fbb       0x14 c:/program files (x86)/atmel/atmel studio 6.0/extensions/atmel/avrgcc/3.4.1.95/avrtoolchain/bin/../lib/gcc/avr/4.6.2/avr5\libgcc.a(_udivmodsi4.o)
 .debug_abbrev  0x00000fcf       0x14 c:/program files (x86)/atmel/atmel studio 6.0/extensions/atmel/avrgcc/3.4.1.95/avrtoolchain/bin/../lib/gcc/avr/4.6.2/avr5\libgcc.a(_exit.o)
 .debug_abbrev  0x00000fe3       0x14 c:/program files (x86)/atmel/atmel studio 6.0/extensions/atmel/avrgcc/3.4.1.95/avrtoolchain/bin/../lib/gcc/avr/4.6.2/avr5\libgcc.a(_copy_data.o)
 .debug_abbrev  0x00000ff7       0x14 c:/program files (x86)/atmel/atmel studio 6.0/extensions/atmel/avrgcc/3.4.1.95/avrtoolchain/bin/../lib/gcc/avr/4.6.2/avr5\libgcc.a(_clear_bss.o)

.debug_line     0x00000000     0x149d
 *(.debug_line)
 .debug_line    0x00000000       0x9d AAL/car_sm/car_sm.o
 .debug_line    0x0000009d       0xb8 AAL/Steering/Steering.o
 .debug_line    0x00000155       0xfe ECUAL/LCD/LCD.o
 .debug_line    0x00000253      0x163 ECUAL/Motor/Motor.o
 .debug_line    0x000003b6       0xab ECUAL/Motor/Motor_Config.o
 .debug_line    0x00000461       0x9d ECUAL/SWdelay/softwareDelay.o
 .debug_line    0x000004fe       0xf5 ECUAL/US/US.o
 .debug_line    0x000005f3       0x9e ECUAL/US/UsConfig.o
 .debug_line    0x00000691      0x108 Infrastructure/Intturpts Manger/Interrupts.o
 .debug_line    0x00000799      0x119 MCAL/DIO/DIO.o
 .debug_line    0x000008b2       0x76 MCAL/DIO/DIO_config.o
 .debug_line    0x00000928       0xb5 MCAL/ICU/ICU.o
 .debug_line    0x000009dd       0x76 MCAL/ICU/ICU_Config.o
 .debug_line    0x00000a53       0xb2 MCAL/PushButtons/pushButton.o
 .debug_line    0x00000b05      0x115 MCAL/PWM/PWM.o
 .debug_line    0x00000c1a       0x76 MCAL/PWM/PWM_Config.o
 .debug_line    0x00000c90      0x1b7 MCAL/Timer/timer.o
 .debug_line    0x00000e47       0x7e MCAL/Timer/Timer_Config.o
 .debug_line    0x00000ec5      0x1b2 SL/SOS/SOS.o
 .debug_line    0x00001077       0x72 SL/SOS/SOS_Config.o
 .debug_line    0x000010e9       0xc0 main.o
 .debug_line    0x000011a9       0xa5 c:/program files (x86)/atmel/atmel studio 6.0/extensions/atmel/avrgcc/3.4.1.95/avrtoolchain/bin/../lib/gcc/avr/4.6.2/avr5\libgcc.a(_mulsi3.o)
 .debug_line    0x0000124e       0xa8 c:/program files (x86)/atmel/atmel studio 6.0/extensions/atmel/avrgcc/3.4.1.95/avrtoolchain/bin/../lib/gcc/avr/4.6.2/avr5\libgcc.a(_udivmodsi4.o)
 .debug_line    0x000012f6       0x88 c:/program files (x86)/atmel/atmel studio 6.0/extensions/atmel/avrgcc/3.4.1.95/avrtoolchain/bin/../lib/gcc/avr/4.6.2/avr5\libgcc.a(_exit.o)
 .debug_line    0x0000137e       0x91 c:/program files (x86)/atmel/atmel studio 6.0/extensions/atmel/avrgcc/3.4.1.95/avrtoolchain/bin/../lib/gcc/avr/4.6.2/avr5\libgcc.a(_copy_data.o)
 .debug_line    0x0000140f       0x8e c:/program files (x86)/atmel/atmel studio 6.0/extensions/atmel/avrgcc/3.4.1.95/avrtoolchain/bin/../lib/gcc/avr/4.6.2/avr5\libgcc.a(_clear_bss.o)

.debug_frame    0x00000000      0xccc
 *(.debug_frame)
 .debug_frame   0x00000000       0x34 AAL/car_sm/car_sm.o
 .debug_frame   0x00000034       0x3c AAL/Steering/Steering.o
 .debug_frame   0x00000070      0x164 ECUAL/LCD/LCD.o
 .debug_frame   0x000001d4       0x74 ECUAL/Motor/Motor.o
 .debug_frame   0x00000248       0x34 ECUAL/SWdelay/softwareDelay.o
 .debug_frame   0x0000027c       0x60 ECUAL/US/US.o
 .debug_frame   0x000002dc      0x744 Infrastructure/Intturpts Manger/Interrupts.o
 .debug_frame   0x00000a20       0x54 MCAL/DIO/DIO.o
 .debug_frame   0x00000a74       0x64 MCAL/ICU/ICU.o
 .debug_frame   0x00000ad8       0x24 MCAL/PushButtons/pushButton.o
 .debug_frame   0x00000afc       0x74 MCAL/PWM/PWM.o
 .debug_frame   0x00000b70       0x74 MCAL/Timer/timer.o
 .debug_frame   0x00000be4       0xc4 SL/SOS/SOS.o
 .debug_frame   0x00000ca8       0x24 main.o

.debug_str      0x00000000      0xd5e
 *(.debug_str)
 .debug_str     0x00000000       0xe5 AAL/car_sm/car_sm.o
                                0x122 (size before relaxing)
 .debug_str     0x000000e5       0x51 AAL/Steering/Steering.o
                                0x130 (size before relaxing)
 .debug_str     0x00000136      0x10f ECUAL/LCD/LCD.o
                                0x1fe (size before relaxing)
 .debug_str     0x00000245       0xfe ECUAL/Motor/Motor.o
                                0x209 (size before relaxing)
 .debug_str     0x00000343       0x1e ECUAL/Motor/Motor_Config.o
                                0x12d (size before relaxing)
 .debug_str     0x00000361       0x4e ECUAL/SWdelay/softwareDelay.o
                                0x136 (size before relaxing)
 .debug_str     0x000003af       0x94 ECUAL/US/US.o
                                0x1a2 (size before relaxing)
 .debug_str     0x00000443       0x17 ECUAL/US/UsConfig.o
                                0x11b (size before relaxing)
 .debug_str     0x0000045a      0x286 Infrastructure/Intturpts Manger/Interrupts.o
                                0x365 (size before relaxing)
 .debug_str     0x000006e0       0x3c MCAL/DIO/DIO.o
                                0x159 (size before relaxing)
 .debug_str     0x0000071c       0x52 MCAL/DIO/DIO_config.o
                                0x158 (size before relaxing)
 .debug_str     0x0000076e       0xc5 MCAL/ICU/ICU.o
                                0x20d (size before relaxing)
 .debug_str     0x00000833       0x19 MCAL/ICU/ICU_Config.o
                                0x12b (size before relaxing)
 .debug_str     0x0000084c       0xae MCAL/PushButtons/pushButton.o
                                0x18d (size before relaxing)
 .debug_str     0x000008fa       0x87 MCAL/PWM/PWM.o
                                0x1ba (size before relaxing)
 .debug_str     0x00000981       0x41 MCAL/PWM/PWM_Config.o
                                0x166 (size before relaxing)
 .debug_str     0x000009c2       0xde MCAL/Timer/timer.o
                                0x1ff (size before relaxing)
 .debug_str     0x00000aa0       0x63 MCAL/Timer/Timer_Config.o
                                0x19e (size before relaxing)
 .debug_str     0x00000b03      0x221 SL/SOS/SOS.o
                                0x3ed (size before relaxing)
 .debug_str     0x00000d24       0x29 SL/SOS/SOS_Config.o
                                0x136 (size before relaxing)
 .debug_str     0x00000d4d       0x11 main.o
                                0x17d (size before relaxing)

.debug_loc      0x00000000     0x2806
 *(.debug_loc)
 .debug_loc     0x00000000      0x119 AAL/Steering/Steering.o
 .debug_loc     0x00000119      0x4fc ECUAL/LCD/LCD.o
 .debug_loc     0x00000615      0x4ce ECUAL/Motor/Motor.o
 .debug_loc     0x00000ae3       0xbd ECUAL/SWdelay/softwareDelay.o
 .debug_loc     0x00000ba0       0xd8 ECUAL/US/US.o
 .debug_loc     0x00000c78      0xfdc Infrastructure/Intturpts Manger/Interrupts.o
 .debug_loc     0x00001c54      0x28f MCAL/DIO/DIO.o
 .debug_loc     0x00001ee3       0xf0 MCAL/ICU/ICU.o
 .debug_loc     0x00001fd3       0x34 MCAL/PushButtons/pushButton.o
 .debug_loc     0x00002007      0x366 MCAL/PWM/PWM.o
 .debug_loc     0x0000236d      0x322 MCAL/Timer/timer.o
 .debug_loc     0x0000268f      0x177 SL/SOS/SOS.o

.debug_macinfo
 *(.debug_macinfo)
OUTPUT(Static design Rebuild.elf elf32-avr)
LOAD linker stubs
