Archive member included to satisfy reference by file (symbol)

c:/program files/atmel/studio/7.0/toolchain/avr8/avr8-gnu-toolchain/bin/../lib/gcc/avr/5.4.0/avr5\libgcc.a(_exit.o)
                              C:/Program Files/Atmel/Studio/7.0/Packs/atmel/ATmega_DFP/1.3.300/gcc/dev/atmega32/avr5/crtatmega32.o (exit)
c:/program files/atmel/studio/7.0/toolchain/avr8/avr8-gnu-toolchain/bin/../lib/gcc/avr/5.4.0/avr5\libgcc.a(_tablejump2.o)
                              MCAL/Timer/timer.o (__tablejump2__)
c:/program files/atmel/studio/7.0/toolchain/avr8/avr8-gnu-toolchain/bin/../lib/gcc/avr/5.4.0/avr5\libgcc.a(_copy_data.o)
                              HAL/ICU/ICU.o (__do_copy_data)
c:/program files/atmel/studio/7.0/toolchain/avr8/avr8-gnu-toolchain/bin/../lib/gcc/avr/5.4.0/avr5\libgcc.a(_clear_bss.o)
                              HAL/ICU/ICU.o (__do_clear_bss)

Allocating common symbols
Common symbol       size              file

UCSRA               0x1               HAL/ICU/ICU.o
ICR1H               0x1               HAL/ICU/ICU.o
PORTA_DIR           0x1               HAL/ICU/ICU.o
ASSR                0x1               HAL/ICU/ICU.o
OCR0                0x1               HAL/ICU/ICU.o
TIMSK               0x1               HAL/ICU/ICU.o
UBRRH               0x1               HAL/ICU/ICU.o
TCNT1L              0x1               HAL/ICU/ICU.o
TCNT2               0x1               HAL/ICU/ICU.o
PORTC_PIN           0x1               HAL/ICU/ICU.o
OCR1A               0x2               HAL/ICU/ICU.o
SPDR                0x1               HAL/ICU/ICU.o
UDR                 0x1               HAL/ICU/ICU.o
OCR1BH              0x1               HAL/ICU/ICU.o
MCUCSR              0x1               HAL/ICU/ICU.o
PORTB_PIN           0x1               HAL/ICU/ICU.o
OCR1BL              0x1               HAL/ICU/ICU.o
OCR1AL              0x1               HAL/ICU/ICU.o
PORTD_DATA          0x1               HAL/ICU/ICU.o
UCSRB               0x1               HAL/ICU/ICU.o
MCUCR               0x1               HAL/ICU/ICU.o
SPSR                0x1               HAL/ICU/ICU.o
TCCR1A              0x1               HAL/ICU/ICU.o
PORTB_DIR           0x1               HAL/ICU/ICU.o
PORTC_DIR           0x1               HAL/ICU/ICU.o
PORTB_DATA          0x1               HAL/ICU/ICU.o
TCNT1H              0x1               HAL/ICU/ICU.o
OCR1AH              0x1               HAL/ICU/ICU.o
TCCR2               0x1               HAL/ICU/ICU.o
PORTA_PIN           0x1               HAL/ICU/ICU.o
SREG                0x1               HAL/ICU/ICU.o
TCNT0               0x1               HAL/ICU/ICU.o
UCSRC               0x1               HAL/ICU/ICU.o
SPCR                0x1               HAL/ICU/ICU.o
PORTD_DIR           0x1               HAL/ICU/ICU.o
GICR                0x1               HAL/ICU/ICU.o
ICR1L               0x1               HAL/ICU/ICU.o
GIFR                0x1               HAL/ICU/ICU.o
UBRRL               0x1               HAL/ICU/ICU.o
UBRR                0x2               HAL/ICU/ICU.o
TIFR                0x1               HAL/ICU/ICU.o
TCCR0               0x1               HAL/ICU/ICU.o
OCR2                0x1               HAL/ICU/ICU.o
TCNT1               0x2               HAL/ICU/ICU.o
TCCR1B              0x1               HAL/ICU/ICU.o
PORTD_PIN           0x1               HAL/ICU/ICU.o
ICR1                0x2               HAL/ICU/ICU.o
OCR1B               0x2               HAL/ICU/ICU.o
PORTA_DATA          0x1               HAL/ICU/ICU.o
PORTC_DATA          0x1               HAL/ICU/ICU.o
TCCR1               0x2               HAL/ICU/ICU.o

Discarded input sections

 .data          0x00000000        0x0 C:/Program Files/Atmel/Studio/7.0/Packs/atmel/ATmega_DFP/1.3.300/gcc/dev/atmega32/avr5/crtatmega32.o
 .bss           0x00000000        0x0 C:/Program Files/Atmel/Studio/7.0/Packs/atmel/ATmega_DFP/1.3.300/gcc/dev/atmega32/avr5/crtatmega32.o
 .text          0x00000000        0x0 HAL/ICU/ICU.o
 .data          0x00000000        0x0 HAL/ICU/ICU.o
 .bss           0x00000000        0x0 HAL/ICU/ICU.o
 .text.Icu_Init
                0x00000000       0x64 HAL/ICU/ICU.o
 .text.Icu_ReadTime
                0x00000000       0x2a HAL/ICU/ICU.o
 .data.str_ICU_TIMER_CH2
                0x00000000        0x6 HAL/ICU/ICU.o
 .data.str_ICU_CH2
                0x00000000        0x3 HAL/ICU/ICU.o
 .text          0x00000000        0x0 HAL/LCD/LCD.o
 .data          0x00000000        0x0 HAL/LCD/LCD.o
 .bss           0x00000000        0x0 HAL/LCD/LCD.o
 .text.LCD_WriteCommand
                0x00000000       0x84 HAL/LCD/LCD.o
 .text.LCD_init
                0x00000000       0xcc HAL/LCD/LCD.o
 .text.LCD_clear
                0x00000000       0x14 HAL/LCD/LCD.o
 .text.LCD_WriteChar
                0x00000000       0x8e HAL/LCD/LCD.o
 .text.LCD_WriteString
                0x00000000       0x7e HAL/LCD/LCD.o
 .bss.u8_LCD_WriteCharDelayCounter.1865
                0x00000000        0x1 HAL/LCD/LCD.o
 .data.u8_LCD_WriteStatus.1864
                0x00000000        0x1 HAL/LCD/LCD.o
 .bss.u8_LCD_WriteCharFlag.1850
                0x00000000        0x1 HAL/LCD/LCD.o
 .bss.u8_count.1851
                0x00000000        0x1 HAL/LCD/LCD.o
 .bss.u8_LCD_WriteCommandDelayCounter.1840
                0x00000000        0x1 HAL/LCD/LCD.o
 .data.u8_LCD_WriteCommandStatus.1841
                0x00000000        0x1 HAL/LCD/LCD.o
 .rodata.au8_LCD_Command.1826
                0x00000000        0x5 HAL/LCD/LCD.o
 .bss.u8_LCD_InitCounter.1825
                0x00000000        0x1 HAL/LCD/LCD.o
 .data.u8_LCD_WriteStringStatus
                0x00000000        0x1 HAL/LCD/LCD.o
 .bss.u8_LCD_CommandCounter
                0x00000000        0x1 HAL/LCD/LCD.o
 .bss.u8_LCD_InitState
                0x00000000        0x1 HAL/LCD/LCD.o
 .bss.u8_LCD_INIT
                0x00000000        0x1 HAL/LCD/LCD.o
 .debug_info    0x00000000      0x8c3 HAL/LCD/LCD.o
 .debug_abbrev  0x00000000      0x146 HAL/LCD/LCD.o
 .debug_loc     0x00000000      0x309 HAL/LCD/LCD.o
 .debug_aranges
                0x00000000       0x40 HAL/LCD/LCD.o
 .debug_ranges  0x00000000       0x90 HAL/LCD/LCD.o
 .debug_line    0x00000000      0x2fa HAL/LCD/LCD.o
 .debug_str     0x00000000      0x4e3 HAL/LCD/LCD.o
 .comment       0x00000000       0x31 HAL/LCD/LCD.o
 .debug_frame   0x00000000       0x84 HAL/LCD/LCD.o
 .text          0x00000000        0x0 HAL/Motor/motor.o
 .data          0x00000000        0x0 HAL/Motor/motor.o
 .bss           0x00000000        0x0 HAL/Motor/motor.o
 .text.Motor_Init
                0x00000000       0x6c HAL/Motor/motor.o
 .text.Motor_Direction
                0x00000000       0xd8 HAL/Motor/motor.o
 .text.Motor_Start
                0x00000000       0xa2 HAL/Motor/motor.o
 .text.Motor_SpeedUpdate
                0x00000000       0x6a HAL/Motor/motor.o
 .text.Motor_Stop
                0x00000000       0x7a HAL/Motor/motor.o
 .text.Motor_GetStatus
                0x00000000       0x34 HAL/Motor/motor.o
 .data.str_Motor2_EN.1720
                0x00000000        0x2 HAL/Motor/motor.o
 .data.str_Motor2Info.1690
                0x00000000        0x3 HAL/Motor/motor.o
 .bss.Motor2_InitFlag
                0x00000000        0x1 HAL/Motor/motor.o
 .bss.Motor1_InitFlag
                0x00000000        0x1 HAL/Motor/motor.o
 .debug_info    0x00000000      0x9e0 HAL/Motor/motor.o
 .debug_abbrev  0x00000000      0x178 HAL/Motor/motor.o
 .debug_loc     0x00000000      0x47c HAL/Motor/motor.o
 .debug_aranges
                0x00000000       0x48 HAL/Motor/motor.o
 .debug_ranges  0x00000000       0x38 HAL/Motor/motor.o
 .debug_line    0x00000000      0x3f4 HAL/Motor/motor.o
 .debug_str     0x00000000      0x478 HAL/Motor/motor.o
 .comment       0x00000000       0x31 HAL/Motor/motor.o
 .debug_frame   0x00000000       0x9c HAL/Motor/motor.o
 .text          0x00000000        0x0 HAL/pushButton/pushButton.o
 .data          0x00000000        0x0 HAL/pushButton/pushButton.o
 .bss           0x00000000        0x0 HAL/pushButton/pushButton.o
 .text.pushButtonInit
                0x00000000       0x7e HAL/pushButton/pushButton.o
 .text.pushButtonGetStatus
                0x00000000      0x148 HAL/pushButton/pushButton.o
 .bss.u8_BTN_GetStatusState.1678
                0x00000000        0x1 HAL/pushButton/pushButton.o
 .bss.u8_BTN_CfgInitFlag
                0x00000000        0x1 HAL/pushButton/pushButton.o
 .bss.astr_BTN_Cfg
                0x00000000        0x8 HAL/pushButton/pushButton.o
 .debug_info    0x00000000      0x639 HAL/pushButton/pushButton.o
 .debug_abbrev  0x00000000      0x134 HAL/pushButton/pushButton.o
 .debug_loc     0x00000000      0x276 HAL/pushButton/pushButton.o
 .debug_aranges
                0x00000000       0x28 HAL/pushButton/pushButton.o
 .debug_ranges  0x00000000       0x18 HAL/pushButton/pushButton.o
 .debug_line    0x00000000      0x1df HAL/pushButton/pushButton.o
 .debug_str     0x00000000      0x452 HAL/pushButton/pushButton.o
 .comment       0x00000000       0x31 HAL/pushButton/pushButton.o
 .debug_frame   0x00000000       0x7c HAL/pushButton/pushButton.o
 .text          0x00000000        0x0 HAL/US/US.o
 .data          0x00000000        0x0 HAL/US/US.o
 .bss           0x00000000        0x0 HAL/US/US.o
 .text.Us_Init  0x00000000       0x16 HAL/US/US.o
 .text.Us_Trigger
                0x00000000       0x24 HAL/US/US.o
 .text.Us_GetDistance
                0x00000000       0x3e HAL/US/US.o
 .data.str_ICU_Cfg
                0x00000000        0x2 HAL/US/US.o
 .data.str_US_pinConf
                0x00000000        0x3 HAL/US/US.o
 .debug_info    0x00000000      0x60b HAL/US/US.o
 .debug_abbrev  0x00000000      0x10c HAL/US/US.o
 .debug_loc     0x00000000       0x9a HAL/US/US.o
 .debug_aranges
                0x00000000       0x30 HAL/US/US.o
 .debug_ranges  0x00000000       0x20 HAL/US/US.o
 .debug_line    0x00000000      0x124 HAL/US/US.o
 .debug_str     0x00000000      0x3cf HAL/US/US.o
 .comment       0x00000000       0x31 HAL/US/US.o
 .debug_frame   0x00000000       0x60 HAL/US/US.o
 .text          0x00000000        0x0 Infrastructure/softwareDelay.o
 .data          0x00000000        0x0 Infrastructure/softwareDelay.o
 .bss           0x00000000        0x0 Infrastructure/softwareDelay.o
 .text.softwareDelayMs
                0x00000000       0x2c Infrastructure/softwareDelay.o
 .debug_info    0x00000000       0xb5 Infrastructure/softwareDelay.o
 .debug_abbrev  0x00000000       0x6f Infrastructure/softwareDelay.o
 .debug_loc     0x00000000       0x54 Infrastructure/softwareDelay.o
 .debug_aranges
                0x00000000       0x20 Infrastructure/softwareDelay.o
 .debug_ranges  0x00000000       0x10 Infrastructure/softwareDelay.o
 .debug_line    0x00000000       0x74 Infrastructure/softwareDelay.o
 .debug_str     0x00000000      0x1b1 Infrastructure/softwareDelay.o
 .comment       0x00000000       0x31 Infrastructure/softwareDelay.o
 .debug_frame   0x00000000       0x24 Infrastructure/softwareDelay.o
 .text          0x00000000        0x0 main.o
 .data          0x00000000        0x0 main.o
 .bss           0x00000000        0x0 main.o
 .text          0x00000000        0x0 MCAL/Communication/SPI/spi.o
 .data          0x00000000        0x0 MCAL/Communication/SPI/spi.o
 .bss           0x00000000        0x0 MCAL/Communication/SPI/spi.o
 .text.SPI_init
                0x00000000       0x6c MCAL/Communication/SPI/spi.o
 .text.SPI_sendData
                0x00000000        0x8 MCAL/Communication/SPI/spi.o
 .text.SPI_getData
                0x00000000        0xc MCAL/Communication/SPI/spi.o
 .text.spi_enable
                0x00000000        0xc MCAL/Communication/SPI/spi.o
 .text.spi_disable
                0x00000000        0xc MCAL/Communication/SPI/spi.o
 .text          0x00000000        0x0 MCAL/Communication/UART/uart.o
 .data          0x00000000        0x0 MCAL/Communication/UART/uart.o
 .bss           0x00000000        0x0 MCAL/Communication/UART/uart.o
 .text.Uart_Init
                0x00000000       0x2e MCAL/Communication/UART/uart.o
 .text.UartTX_Enable
                0x00000000       0x10 MCAL/Communication/UART/uart.o
 .text.UDR_ReadyStatus
                0x00000000        0x6 MCAL/Communication/UART/uart.o
 .text          0x00000000        0x0 MCAL/DIO/DIO.o
 .data          0x00000000        0x0 MCAL/DIO/DIO.o
 .bss           0x00000000        0x0 MCAL/DIO/DIO.o
 .text.DIO_init
                0x00000000      0x166 MCAL/DIO/DIO.o
 .text.DIO_Write
                0x00000000      0x12c MCAL/DIO/DIO.o
 .text.DIO_Read
                0x00000000       0xb8 MCAL/DIO/DIO.o
 .text.DIO_Toggle
                0x00000000       0xb4 MCAL/DIO/DIO.o
 .bss.u8_DIO_PortInitFLag
                0x00000000        0x1 MCAL/DIO/DIO.o
 .debug_info    0x00000000      0x5d2 MCAL/DIO/DIO.o
 .debug_abbrev  0x00000000      0x121 MCAL/DIO/DIO.o
 .debug_loc     0x00000000      0x66b MCAL/DIO/DIO.o
 .debug_aranges
                0x00000000       0x38 MCAL/DIO/DIO.o
 .debug_ranges  0x00000000       0x28 MCAL/DIO/DIO.o
 .debug_line    0x00000000      0x491 MCAL/DIO/DIO.o
 .debug_str     0x00000000      0x38a MCAL/DIO/DIO.o
 .comment       0x00000000       0x31 MCAL/DIO/DIO.o
 .debug_frame   0x00000000       0x54 MCAL/DIO/DIO.o
 .text          0x00000000        0x0 MCAL/Interrupt/interrupt.o
 .data          0x00000000        0x0 MCAL/Interrupt/interrupt.o
 .bss           0x00000000        0x0 MCAL/Interrupt/interrupt.o
 .text.DIS_EN_G_INT
                0x00000000        0xc MCAL/Interrupt/interrupt.o
 .text.EN_G_INT
                0x00000000        0xc MCAL/Interrupt/interrupt.o
 .debug_info    0x00000000      0x44f MCAL/Interrupt/interrupt.o
 .debug_abbrev  0x00000000       0x73 MCAL/Interrupt/interrupt.o
 .debug_aranges
                0x00000000       0x28 MCAL/Interrupt/interrupt.o
 .debug_ranges  0x00000000       0x18 MCAL/Interrupt/interrupt.o
 .debug_line    0x00000000       0xac MCAL/Interrupt/interrupt.o
 .debug_str     0x00000000      0x308 MCAL/Interrupt/interrupt.o
 .comment       0x00000000       0x31 MCAL/Interrupt/interrupt.o
 .debug_frame   0x00000000       0x34 MCAL/Interrupt/interrupt.o
 .text          0x00000000        0x0 MCAL/Sleep_Mood/sleep.o
 .data          0x00000000        0x0 MCAL/Sleep_Mood/sleep.o
 .bss           0x00000000        0x0 MCAL/Sleep_Mood/sleep.o
 .text.Sleep_Mode
                0x00000000       0x18 MCAL/Sleep_Mood/sleep.o
 .text.EN_Sleep
                0x00000000       0x1c MCAL/Sleep_Mood/sleep.o
 .text.DIS_EN_Sleep
                0x00000000       0x1a MCAL/Sleep_Mood/sleep.o
 .bss.u8_SleepModeInit
                0x00000000        0x1 MCAL/Sleep_Mood/sleep.o
 .debug_info    0x00000000      0x4d8 MCAL/Sleep_Mood/sleep.o
 .debug_abbrev  0x00000000       0xa4 MCAL/Sleep_Mood/sleep.o
 .debug_loc     0x00000000       0xae MCAL/Sleep_Mood/sleep.o
 .debug_aranges
                0x00000000       0x30 MCAL/Sleep_Mood/sleep.o
 .debug_ranges  0x00000000       0x20 MCAL/Sleep_Mood/sleep.o
 .debug_line    0x00000000      0x115 MCAL/Sleep_Mood/sleep.o
 .debug_str     0x00000000      0x34f MCAL/Sleep_Mood/sleep.o
 .comment       0x00000000       0x31 MCAL/Sleep_Mood/sleep.o
 .debug_frame   0x00000000       0x44 MCAL/Sleep_Mood/sleep.o
 .text          0x00000000        0x0 MCAL/PWM/PWM.o
 .data          0x00000000        0x0 MCAL/PWM/PWM.o
 .bss           0x00000000        0x0 MCAL/PWM/PWM.o
 .text.Pwm_Init
                0x00000000       0xd2 MCAL/PWM/PWM.o
 .text.Pwm_Start
                0x00000000       0x2e MCAL/PWM/PWM.o
 .text.Pwm_Update
                0x00000000       0x2e MCAL/PWM/PWM.o
 .text.Pwm_Stop
                0x00000000       0x42 MCAL/PWM/PWM.o
 .bss.u8_PWM_CH_InitStatus
                0x00000000        0x1 MCAL/PWM/PWM.o
 .debug_info    0x00000000      0x5d7 MCAL/PWM/PWM.o
 .debug_abbrev  0x00000000      0x11f MCAL/PWM/PWM.o
 .debug_loc     0x00000000      0x269 MCAL/PWM/PWM.o
 .debug_aranges
                0x00000000       0x38 MCAL/PWM/PWM.o
 .debug_ranges  0x00000000       0x28 MCAL/PWM/PWM.o
 .debug_line    0x00000000      0x205 MCAL/PWM/PWM.o
 .debug_str     0x00000000      0x3c5 MCAL/PWM/PWM.o
 .comment       0x00000000       0x31 MCAL/PWM/PWM.o
 .debug_frame   0x00000000       0x54 MCAL/PWM/PWM.o
 .text          0x00000000        0x0 MCAL/Timer/timer.o
 .data          0x00000000        0x0 MCAL/Timer/timer.o
 .bss           0x00000000        0x0 MCAL/Timer/timer.o
 .text.Timer_Init
                0x00000000      0x32a MCAL/Timer/timer.o
 .progmem.gcc_sw_table.Timer_Init
                0x00000000       0x10 MCAL/Timer/timer.o
 .text.Timer_GetValue
                0x00000000       0x78 MCAL/Timer/timer.o
 .text.Timer_SetValue
                0x00000000       0x68 MCAL/Timer/timer.o
 .text.Timer_GetStatus
                0x00000000       0x86 MCAL/Timer/timer.o
 .text          0x00000000        0x0 c:/program files/atmel/studio/7.0/toolchain/avr8/avr8-gnu-toolchain/bin/../lib/gcc/avr/5.4.0/avr5\libgcc.a(_exit.o)
 .data          0x00000000        0x0 c:/program files/atmel/studio/7.0/toolchain/avr8/avr8-gnu-toolchain/bin/../lib/gcc/avr/5.4.0/avr5\libgcc.a(_exit.o)
 .bss           0x00000000        0x0 c:/program files/atmel/studio/7.0/toolchain/avr8/avr8-gnu-toolchain/bin/../lib/gcc/avr/5.4.0/avr5\libgcc.a(_exit.o)
 .text.libgcc.mul
                0x00000000        0x0 c:/program files/atmel/studio/7.0/toolchain/avr8/avr8-gnu-toolchain/bin/../lib/gcc/avr/5.4.0/avr5\libgcc.a(_exit.o)
 .text.libgcc.div
                0x00000000        0x0 c:/program files/atmel/studio/7.0/toolchain/avr8/avr8-gnu-toolchain/bin/../lib/gcc/avr/5.4.0/avr5\libgcc.a(_exit.o)
 .text.libgcc   0x00000000        0x0 c:/program files/atmel/studio/7.0/toolchain/avr8/avr8-gnu-toolchain/bin/../lib/gcc/avr/5.4.0/avr5\libgcc.a(_exit.o)
 .text.libgcc.prologue
                0x00000000        0x0 c:/program files/atmel/studio/7.0/toolchain/avr8/avr8-gnu-toolchain/bin/../lib/gcc/avr/5.4.0/avr5\libgcc.a(_exit.o)
 .text.libgcc.builtins
                0x00000000        0x0 c:/program files/atmel/studio/7.0/toolchain/avr8/avr8-gnu-toolchain/bin/../lib/gcc/avr/5.4.0/avr5\libgcc.a(_exit.o)
 .text.libgcc.fmul
                0x00000000        0x0 c:/program files/atmel/studio/7.0/toolchain/avr8/avr8-gnu-toolchain/bin/../lib/gcc/avr/5.4.0/avr5\libgcc.a(_exit.o)
 .text.libgcc.fixed
                0x00000000        0x0 c:/program files/atmel/studio/7.0/toolchain/avr8/avr8-gnu-toolchain/bin/../lib/gcc/avr/5.4.0/avr5\libgcc.a(_exit.o)
 .text          0x00000000        0x0 c:/program files/atmel/studio/7.0/toolchain/avr8/avr8-gnu-toolchain/bin/../lib/gcc/avr/5.4.0/avr5\libgcc.a(_tablejump2.o)
 .data          0x00000000        0x0 c:/program files/atmel/studio/7.0/toolchain/avr8/avr8-gnu-toolchain/bin/../lib/gcc/avr/5.4.0/avr5\libgcc.a(_tablejump2.o)
 .bss           0x00000000        0x0 c:/program files/atmel/studio/7.0/toolchain/avr8/avr8-gnu-toolchain/bin/../lib/gcc/avr/5.4.0/avr5\libgcc.a(_tablejump2.o)
 .text.libgcc.mul
                0x00000000        0x0 c:/program files/atmel/studio/7.0/toolchain/avr8/avr8-gnu-toolchain/bin/../lib/gcc/avr/5.4.0/avr5\libgcc.a(_tablejump2.o)
 .text.libgcc.div
                0x00000000        0x0 c:/program files/atmel/studio/7.0/toolchain/avr8/avr8-gnu-toolchain/bin/../lib/gcc/avr/5.4.0/avr5\libgcc.a(_tablejump2.o)
 .text.libgcc   0x00000000        0xc c:/program files/atmel/studio/7.0/toolchain/avr8/avr8-gnu-toolchain/bin/../lib/gcc/avr/5.4.0/avr5\libgcc.a(_tablejump2.o)
 .text.libgcc.prologue
                0x00000000        0x0 c:/program files/atmel/studio/7.0/toolchain/avr8/avr8-gnu-toolchain/bin/../lib/gcc/avr/5.4.0/avr5\libgcc.a(_tablejump2.o)
 .text.libgcc.builtins
                0x00000000        0x0 c:/program files/atmel/studio/7.0/toolchain/avr8/avr8-gnu-toolchain/bin/../lib/gcc/avr/5.4.0/avr5\libgcc.a(_tablejump2.o)
 .text.libgcc.fmul
                0x00000000        0x0 c:/program files/atmel/studio/7.0/toolchain/avr8/avr8-gnu-toolchain/bin/../lib/gcc/avr/5.4.0/avr5\libgcc.a(_tablejump2.o)
 .text.libgcc.fixed
                0x00000000        0x0 c:/program files/atmel/studio/7.0/toolchain/avr8/avr8-gnu-toolchain/bin/../lib/gcc/avr/5.4.0/avr5\libgcc.a(_tablejump2.o)
 .text          0x00000000        0x0 c:/program files/atmel/studio/7.0/toolchain/avr8/avr8-gnu-toolchain/bin/../lib/gcc/avr/5.4.0/avr5\libgcc.a(_copy_data.o)
 .data          0x00000000        0x0 c:/program files/atmel/studio/7.0/toolchain/avr8/avr8-gnu-toolchain/bin/../lib/gcc/avr/5.4.0/avr5\libgcc.a(_copy_data.o)
 .bss           0x00000000        0x0 c:/program files/atmel/studio/7.0/toolchain/avr8/avr8-gnu-toolchain/bin/../lib/gcc/avr/5.4.0/avr5\libgcc.a(_copy_data.o)
 .text.libgcc.mul
                0x00000000        0x0 c:/program files/atmel/studio/7.0/toolchain/avr8/avr8-gnu-toolchain/bin/../lib/gcc/avr/5.4.0/avr5\libgcc.a(_copy_data.o)
 .text.libgcc.div
                0x00000000        0x0 c:/program files/atmel/studio/7.0/toolchain/avr8/avr8-gnu-toolchain/bin/../lib/gcc/avr/5.4.0/avr5\libgcc.a(_copy_data.o)
 .text.libgcc   0x00000000        0x0 c:/program files/atmel/studio/7.0/toolchain/avr8/avr8-gnu-toolchain/bin/../lib/gcc/avr/5.4.0/avr5\libgcc.a(_copy_data.o)
 .text.libgcc.prologue
                0x00000000        0x0 c:/program files/atmel/studio/7.0/toolchain/avr8/avr8-gnu-toolchain/bin/../lib/gcc/avr/5.4.0/avr5\libgcc.a(_copy_data.o)
 .text.libgcc.builtins
                0x00000000        0x0 c:/program files/atmel/studio/7.0/toolchain/avr8/avr8-gnu-toolchain/bin/../lib/gcc/avr/5.4.0/avr5\libgcc.a(_copy_data.o)
 .text.libgcc.fmul
                0x00000000        0x0 c:/program files/atmel/studio/7.0/toolchain/avr8/avr8-gnu-toolchain/bin/../lib/gcc/avr/5.4.0/avr5\libgcc.a(_copy_data.o)
 .text.libgcc.fixed
                0x00000000        0x0 c:/program files/atmel/studio/7.0/toolchain/avr8/avr8-gnu-toolchain/bin/../lib/gcc/avr/5.4.0/avr5\libgcc.a(_copy_data.o)
 .text          0x00000000        0x0 c:/program files/atmel/studio/7.0/toolchain/avr8/avr8-gnu-toolchain/bin/../lib/gcc/avr/5.4.0/avr5\libgcc.a(_clear_bss.o)
 .data          0x00000000        0x0 c:/program files/atmel/studio/7.0/toolchain/avr8/avr8-gnu-toolchain/bin/../lib/gcc/avr/5.4.0/avr5\libgcc.a(_clear_bss.o)
 .bss           0x00000000        0x0 c:/program files/atmel/studio/7.0/toolchain/avr8/avr8-gnu-toolchain/bin/../lib/gcc/avr/5.4.0/avr5\libgcc.a(_clear_bss.o)
 .text.libgcc.mul
                0x00000000        0x0 c:/program files/atmel/studio/7.0/toolchain/avr8/avr8-gnu-toolchain/bin/../lib/gcc/avr/5.4.0/avr5\libgcc.a(_clear_bss.o)
 .text.libgcc.div
                0x00000000        0x0 c:/program files/atmel/studio/7.0/toolchain/avr8/avr8-gnu-toolchain/bin/../lib/gcc/avr/5.4.0/avr5\libgcc.a(_clear_bss.o)
 .text.libgcc   0x00000000        0x0 c:/program files/atmel/studio/7.0/toolchain/avr8/avr8-gnu-toolchain/bin/../lib/gcc/avr/5.4.0/avr5\libgcc.a(_clear_bss.o)
 .text.libgcc.prologue
                0x00000000        0x0 c:/program files/atmel/studio/7.0/toolchain/avr8/avr8-gnu-toolchain/bin/../lib/gcc/avr/5.4.0/avr5\libgcc.a(_clear_bss.o)
 .text.libgcc.builtins
                0x00000000        0x0 c:/program files/atmel/studio/7.0/toolchain/avr8/avr8-gnu-toolchain/bin/../lib/gcc/avr/5.4.0/avr5\libgcc.a(_clear_bss.o)
 .text.libgcc.fmul
                0x00000000        0x0 c:/program files/atmel/studio/7.0/toolchain/avr8/avr8-gnu-toolchain/bin/../lib/gcc/avr/5.4.0/avr5\libgcc.a(_clear_bss.o)
 .text.libgcc.fixed
                0x00000000        0x0 c:/program files/atmel/studio/7.0/toolchain/avr8/avr8-gnu-toolchain/bin/../lib/gcc/avr/5.4.0/avr5\libgcc.a(_clear_bss.o)

Memory Configuration

Name             Origin             Length             Attributes
text             0x00000000         0x00020000         xr
data             0x00800060         0x0000ffa0         rw !x
eeprom           0x00810000         0x00010000         rw !x
fuse             0x00820000         0x00000002         rw !x
lock             0x00830000         0x00000400         rw !x
signature        0x00840000         0x00000400         rw !x
user_signatures  0x00850000         0x00000400         rw !x
*default*        0x00000000         0xffffffff

Linker script and memory map

LOAD C:/Program Files/Atmel/Studio/7.0/Packs/atmel/ATmega_DFP/1.3.300/gcc/dev/atmega32/avr5/crtatmega32.o
LOAD HAL/ICU/ICU.o
LOAD HAL/LCD/LCD.o
LOAD HAL/Motor/motor.o
LOAD HAL/pushButton/pushButton.o
LOAD HAL/US/US.o
LOAD Infrastructure/softwareDelay.o
LOAD main.o
LOAD MCAL/Communication/SPI/spi.o
LOAD MCAL/Communication/UART/uart.o
LOAD MCAL/DIO/DIO.o
LOAD MCAL/Interrupt/interrupt.o
LOAD MCAL/Sleep_Mood/sleep.o
LOAD MCAL/PWM/PWM.o
LOAD MCAL/Timer/timer.o
START GROUP
LOAD c:/program files/atmel/studio/7.0/toolchain/avr8/avr8-gnu-toolchain/bin/../lib/gcc/avr/5.4.0/../../../../avr/lib/avr5\libm.a
END GROUP
START GROUP
LOAD c:/program files/atmel/studio/7.0/toolchain/avr8/avr8-gnu-toolchain/bin/../lib/gcc/avr/5.4.0/avr5\libgcc.a
LOAD c:/program files/atmel/studio/7.0/toolchain/avr8/avr8-gnu-toolchain/bin/../lib/gcc/avr/5.4.0/../../../../avr/lib/avr5\libm.a
LOAD c:/program files/atmel/studio/7.0/toolchain/avr8/avr8-gnu-toolchain/bin/../lib/gcc/avr/5.4.0/../../../../avr/lib/avr5\libc.a
LOAD C:/Program Files/Atmel/Studio/7.0/Packs/atmel/ATmega_DFP/1.3.300/gcc/dev/atmega32/avr5\libatmega32.a
END GROUP
                0x00000000                __TEXT_REGION_ORIGIN__ = DEFINED (__TEXT_REGION_ORIGIN__)?__TEXT_REGION_ORIGIN__:0x0
                0x00800060                __DATA_REGION_ORIGIN__ = DEFINED (__DATA_REGION_ORIGIN__)?__DATA_REGION_ORIGIN__:0x800060
                0x00020000                __TEXT_REGION_LENGTH__ = DEFINED (__TEXT_REGION_LENGTH__)?__TEXT_REGION_LENGTH__:0x20000
                0x0000ffa0                __DATA_REGION_LENGTH__ = DEFINED (__DATA_REGION_LENGTH__)?__DATA_REGION_LENGTH__:0xffa0
                0x00010000                __EEPROM_REGION_LENGTH__ = DEFINED (__EEPROM_REGION_LENGTH__)?__EEPROM_REGION_LENGTH__:0x10000
                [0x00000002]                __FUSE_REGION_LENGTH__ = DEFINED (__FUSE_REGION_LENGTH__)?__FUSE_REGION_LENGTH__:0x400
                0x00000400                __LOCK_REGION_LENGTH__ = DEFINED (__LOCK_REGION_LENGTH__)?__LOCK_REGION_LENGTH__:0x400
                0x00000400                __SIGNATURE_REGION_LENGTH__ = DEFINED (__SIGNATURE_REGION_LENGTH__)?__SIGNATURE_REGION_LENGTH__:0x400
                0x00000400                __USER_SIGNATURE_REGION_LENGTH__ = DEFINED (__USER_SIGNATURE_REGION_LENGTH__)?__USER_SIGNATURE_REGION_LENGTH__:0x400

.hash
 *(.hash)

.dynsym
 *(.dynsym)

.dynstr
 *(.dynstr)

.gnu.version
 *(.gnu.version)

.gnu.version_d
 *(.gnu.version_d)

.gnu.version_r
 *(.gnu.version_r)

.rel.init
 *(.rel.init)

.rela.init
 *(.rela.init)

.rel.text
 *(.rel.text)
 *(.rel.text.*)
 *(.rel.gnu.linkonce.t*)

.rela.text
 *(.rela.text)
 *(.rela.text.*)
 *(.rela.gnu.linkonce.t*)

.rel.fini
 *(.rel.fini)

.rela.fini
 *(.rela.fini)

.rel.rodata
 *(.rel.rodata)
 *(.rel.rodata.*)
 *(.rel.gnu.linkonce.r*)

.rela.rodata
 *(.rela.rodata)
 *(.rela.rodata.*)
 *(.rela.gnu.linkonce.r*)

.rel.data
 *(.rel.data)
 *(.rel.data.*)
 *(.rel.gnu.linkonce.d*)

.rela.data
 *(.rela.data)
 *(.rela.data.*)
 *(.rela.gnu.linkonce.d*)

.rel.ctors
 *(.rel.ctors)

.rela.ctors
 *(.rela.ctors)

.rel.dtors
 *(.rel.dtors)

.rela.dtors
 *(.rela.dtors)

.rel.got
 *(.rel.got)

.rela.got
 *(.rela.got)

.rel.bss
 *(.rel.bss)

.rela.bss
 *(.rela.bss)

.rel.plt
 *(.rel.plt)

.rela.plt
 *(.rela.plt)

.text           0x00000000      0x42e
 *(.vectors)
 .vectors       0x00000000       0x54 C:/Program Files/Atmel/Studio/7.0/Packs/atmel/ATmega_DFP/1.3.300/gcc/dev/atmega32/avr5/crtatmega32.o
                0x00000000                __vector_default
                0x00000000                __vectors
 *(.vectors)
 *(.progmem.gcc*)
                0x00000054                . = ALIGN (0x2)
                0x00000054                __trampolines_start = .
 *(.trampolines)
 .trampolines   0x00000054        0x0 linker stubs
 *(.trampolines*)
                0x00000054                __trampolines_end = .
 *libprintf_flt.a:*(.progmem.data)
 *libc.a:*(.progmem.data)
 *(.progmem*)
                0x00000054                . = ALIGN (0x2)
 *(.jumptables)
 *(.jumptables*)
 *(.lowtext)
 *(.lowtext*)
                0x00000054                __ctors_start = .
 *(.ctors)
                0x00000054                __ctors_end = .
                0x00000054                __dtors_start = .
 *(.dtors)
                0x00000054                __dtors_end = .
 SORT(*)(.ctors)
 SORT(*)(.dtors)
 *(.init0)
 .init0         0x00000054        0x0 C:/Program Files/Atmel/Studio/7.0/Packs/atmel/ATmega_DFP/1.3.300/gcc/dev/atmega32/avr5/crtatmega32.o
                0x00000054                __init
 *(.init0)
 *(.init1)
 *(.init1)
 *(.init2)
 .init2         0x00000054        0xc C:/Program Files/Atmel/Studio/7.0/Packs/atmel/ATmega_DFP/1.3.300/gcc/dev/atmega32/avr5/crtatmega32.o
 *(.init2)
 *(.init3)
 *(.init3)
 *(.init4)
 .init4         0x00000060       0x16 c:/program files/atmel/studio/7.0/toolchain/avr8/avr8-gnu-toolchain/bin/../lib/gcc/avr/5.4.0/avr5\libgcc.a(_copy_data.o)
                0x00000060                __do_copy_data
 .init4         0x00000076       0x10 c:/program files/atmel/studio/7.0/toolchain/avr8/avr8-gnu-toolchain/bin/../lib/gcc/avr/5.4.0/avr5\libgcc.a(_clear_bss.o)
                0x00000076                __do_clear_bss
 *(.init4)
 *(.init5)
 *(.init5)
 *(.init6)
 *(.init6)
 *(.init7)
 *(.init7)
 *(.init8)
 *(.init8)
 *(.init9)
 .init9         0x00000086        0x8 C:/Program Files/Atmel/Studio/7.0/Packs/atmel/ATmega_DFP/1.3.300/gcc/dev/atmega32/avr5/crtatmega32.o
 *(.init9)
 *(.text)
 .text          0x0000008e        0x4 C:/Program Files/Atmel/Studio/7.0/Packs/atmel/ATmega_DFP/1.3.300/gcc/dev/atmega32/avr5/crtatmega32.o
                0x0000008e                __vector_1
                0x0000008e                __bad_interrupt
                0x0000008e                __vector_6
                0x0000008e                __vector_17
                0x0000008e                __vector_19
                0x0000008e                __vector_7
                0x0000008e                __vector_4
                0x0000008e                __vector_2
                0x0000008e                __vector_15
                0x0000008e                __vector_8
                0x0000008e                __vector_10
                0x0000008e                __vector_16
                0x0000008e                __vector_18
                0x0000008e                __vector_20
                0x00000092                . = ALIGN (0x2)
 *(.text.*)
 .text.__vector_3
                0x00000092       0x9c HAL/ICU/ICU.o
                0x00000092                __vector_3
 .text.main     0x0000012e        0x2 main.o
                0x0000012e                main
 .text.__vector_12
                0x00000130       0x4e MCAL/Communication/SPI/spi.o
                0x00000130                __vector_12
 .text.__vector_14
                0x0000017e       0x62 MCAL/Communication/UART/uart.o
                0x0000017e                __vector_14
 .text.__vector_13
                0x000001e0       0x52 MCAL/Communication/UART/uart.o
                0x000001e0                __vector_13
 .text.Timer_Start
                0x00000232       0xa4 MCAL/Timer/timer.o
                0x00000232                Timer_Start
 .text.Timer_Stop
                0x000002d6       0x5e MCAL/Timer/timer.o
                0x000002d6                Timer_Stop
 .text.__vector_11
                0x00000334       0x52 MCAL/Timer/timer.o
                0x00000334                __vector_11
 .text.__vector_9
                0x00000386       0x52 MCAL/Timer/timer.o
                0x00000386                __vector_9
 .text.__vector_5
                0x000003d8       0x52 MCAL/Timer/timer.o
                0x000003d8                __vector_5
                0x0000042a                . = ALIGN (0x2)
 *(.fini9)
 .fini9         0x0000042a        0x0 c:/program files/atmel/studio/7.0/toolchain/avr8/avr8-gnu-toolchain/bin/../lib/gcc/avr/5.4.0/avr5\libgcc.a(_exit.o)
                0x0000042a                _exit
                0x0000042a                exit
 *(.fini9)
 *(.fini8)
 *(.fini8)
 *(.fini7)
 *(.fini7)
 *(.fini6)
 *(.fini6)
 *(.fini5)
 *(.fini5)
 *(.fini4)
 *(.fini4)
 *(.fini3)
 *(.fini3)
 *(.fini2)
 *(.fini2)
 *(.fini1)
 *(.fini1)
 *(.fini0)
 .fini0         0x0000042a        0x4 c:/program files/atmel/studio/7.0/toolchain/avr8/avr8-gnu-toolchain/bin/../lib/gcc/avr/5.4.0/avr5\libgcc.a(_exit.o)
 *(.fini0)
                0x0000042e                _etext = .

.data           0x00800060        0x2 load address 0x0000042e
                0x00800060                PROVIDE (__data_start, .)
 *(.data)
 *(.data*)
 .data.interrupt_phase
                0x00800060        0x1 HAL/ICU/ICU.o
                0x00800060                interrupt_phase
 .data.u8_UDREmptyFlag
                0x00800061        0x1 MCAL/Communication/UART/uart.o
 *(.gnu.linkonce.d*)
 *(.rodata)
 *(.rodata*)
 *(.gnu.linkonce.r*)
                0x00800062                . = ALIGN (0x2)
                0x00800062                _edata = .
                0x00800062                PROVIDE (__data_end, .)

.bss            0x00800062       0x4a
                0x00800062                PROVIDE (__bss_start, .)
 *(.bss)
 *(.bss*)
 .bss.TimerCH   0x00800062        0x1 HAL/ICU/ICU.o
 .bss.spi_cbf   0x00800063        0x2 MCAL/Communication/SPI/spi.o
 .bss.RX_CBF    0x00800065        0x2 MCAL/Communication/UART/uart.o
 .bss.TX_CBF    0x00800067        0x2 MCAL/Communication/UART/uart.o
 .bss.p_TOV_2_INT
                0x00800069        0x2 MCAL/Timer/timer.o
 .bss.p_TOV_1_INT
                0x0080006b        0x2 MCAL/Timer/timer.o
 .bss.p_TOV_0_INT
                0x0080006d        0x2 MCAL/Timer/timer.o
 .bss.u8_TimerInitFLag
                0x0080006f        0x1 MCAL/Timer/timer.o
                0x0080006f                u8_TimerInitFLag
 .bss.gu8_PrescalerTimer2
                0x00800070        0x1 MCAL/Timer/timer.o
                0x00800070                gu8_PrescalerTimer2
 .bss.gu8_PrescalerTimer1
                0x00800071        0x1 MCAL/Timer/timer.o
                0x00800071                gu8_PrescalerTimer1
 .bss.gu8_PrescalerTimer0
                0x00800072        0x1 MCAL/Timer/timer.o
                0x00800072                gu8_PrescalerTimer0
 *(COMMON)
 COMMON         0x00800073       0x39 HAL/ICU/ICU.o
                0x00800073                UCSRA
                0x00800074                ICR1H
                0x00800075                PORTA_DIR
                0x00800076                ASSR
                0x00800077                OCR0
                0x00800078                TIMSK
                0x00800079                UBRRH
                0x0080007a                TCNT1L
                0x0080007b                TCNT2
                0x0080007c                PORTC_PIN
                0x0080007d                OCR1A
                0x0080007f                SPDR
                0x00800080                UDR
                0x00800081                OCR1BH
                0x00800082                MCUCSR
                0x00800083                PORTB_PIN
                0x00800084                OCR1BL
                0x00800085                OCR1AL
                0x00800086                PORTD_DATA
                0x00800087                UCSRB
                0x00800088                MCUCR
                0x00800089                SPSR
                0x0080008a                TCCR1A
                0x0080008b                PORTB_DIR
                0x0080008c                PORTC_DIR
                0x0080008d                PORTB_DATA
                0x0080008e                TCNT1H
                0x0080008f                OCR1AH
                0x00800090                TCCR2
                0x00800091                PORTA_PIN
                0x00800092                SREG
                0x00800093                TCNT0
                0x00800094                UCSRC
                0x00800095                SPCR
                0x00800096                PORTD_DIR
                0x00800097                GICR
                0x00800098                ICR1L
                0x00800099                GIFR
                0x0080009a                UBRRL
                0x0080009b                UBRR
                0x0080009d                TIFR
                0x0080009e                TCCR0
                0x0080009f                OCR2
                0x008000a0                TCNT1
                0x008000a2                TCCR1B
                0x008000a3                PORTD_PIN
                0x008000a4                ICR1
                0x008000a6                OCR1B
                0x008000a8                PORTA_DATA
                0x008000a9                PORTC_DATA
                0x008000aa                TCCR1
                0x008000ac                PROVIDE (__bss_end, .)
                0x0000042e                __data_load_start = LOADADDR (.data)
                0x00000430                __data_load_end = (__data_load_start + SIZEOF (.data))

.noinit         0x008000ac        0x0
                [!provide]                PROVIDE (__noinit_start, .)
 *(.noinit*)
                [!provide]                PROVIDE (__noinit_end, .)
                0x008000ac                _end = .
                [!provide]                PROVIDE (__heap_start, .)

.eeprom         0x00810000        0x0
 *(.eeprom*)
                0x00810000                __eeprom_end = .

.fuse
 *(.fuse)
 *(.lfuse)
 *(.hfuse)
 *(.efuse)

.lock
 *(.lock*)

.signature
 *(.signature*)

.user_signatures
 *(.user_signatures*)

.stab
 *(.stab)

.stabstr
 *(.stabstr)

.stab.excl
 *(.stab.excl)

.stab.exclstr
 *(.stab.exclstr)

.stab.index
 *(.stab.index)

.stab.indexstr
 *(.stab.indexstr)

.comment        0x00000000       0x30
 *(.comment)
 .comment       0x00000000       0x30 HAL/ICU/ICU.o
                                 0x31 (size before relaxing)
 .comment       0x00000030       0x31 main.o
 .comment       0x00000030       0x31 MCAL/Communication/SPI/spi.o
 .comment       0x00000030       0x31 MCAL/Communication/UART/uart.o
 .comment       0x00000030       0x31 MCAL/Timer/timer.o

.note.gnu.avr.deviceinfo
                0x00000000       0x3c
 .note.gnu.avr.deviceinfo
                0x00000000       0x3c C:/Program Files/Atmel/Studio/7.0/Packs/atmel/ATmega_DFP/1.3.300/gcc/dev/atmega32/avr5/crtatmega32.o

.note.gnu.build-id
 *(.note.gnu.build-id)

.debug
 *(.debug)

.line
 *(.line)

.debug_srcinfo
 *(.debug_srcinfo)

.debug_sfnames
 *(.debug_sfnames)

.debug_aranges  0x00000000      0x138
 *(.debug_aranges)
 .debug_aranges
                0x00000000       0x30 HAL/ICU/ICU.o
 .debug_aranges
                0x00000030       0x20 main.o
 .debug_aranges
                0x00000050       0x48 MCAL/Communication/SPI/spi.o
 .debug_aranges
                0x00000098       0x40 MCAL/Communication/UART/uart.o
 .debug_aranges
                0x000000d8       0x60 MCAL/Timer/timer.o

.debug_pubnames
 *(.debug_pubnames)

.debug_info     0x00000000     0x203e
 *(.debug_info .gnu.linkonce.wi.*)
 .debug_info    0x00000000      0x4e6 C:/Program Files/Atmel/Studio/7.0/Packs/atmel/ATmega_DFP/1.3.300/gcc/dev/atmega32/avr5/crtatmega32.o
 .debug_info    0x000004e6      0x6be HAL/ICU/ICU.o
 .debug_info    0x00000ba4       0x7d main.o
 .debug_info    0x00000c21      0x6db MCAL/Communication/SPI/spi.o
 .debug_info    0x000012fc      0x5e4 MCAL/Communication/UART/uart.o
 .debug_info    0x000018e0      0x75e MCAL/Timer/timer.o

.debug_abbrev   0x00000000      0x9e0
 *(.debug_abbrev)
 .debug_abbrev  0x00000000      0x4a3 C:/Program Files/Atmel/Studio/7.0/Packs/atmel/ATmega_DFP/1.3.300/gcc/dev/atmega32/avr5/crtatmega32.o
 .debug_abbrev  0x000004a3      0x15d HAL/ICU/ICU.o
 .debug_abbrev  0x00000600       0x49 main.o
 .debug_abbrev  0x00000649      0x123 MCAL/Communication/SPI/spi.o
 .debug_abbrev  0x0000076c      0x13c MCAL/Communication/UART/uart.o
 .debug_abbrev  0x000008a8      0x138 MCAL/Timer/timer.o

.debug_line     0x00000000      0xc98
 *(.debug_line .debug_line.* .debug_line_end)
 .debug_line    0x00000000      0x115 C:/Program Files/Atmel/Studio/7.0/Packs/atmel/ATmega_DFP/1.3.300/gcc/dev/atmega32/avr5/crtatmega32.o
 .debug_line    0x00000115      0x1c7 HAL/ICU/ICU.o
 .debug_line    0x000002dc       0x39 main.o
 .debug_line    0x00000315      0x172 MCAL/Communication/SPI/spi.o
 .debug_line    0x00000487      0x163 MCAL/Communication/UART/uart.o
 .debug_line    0x000005ea      0x6ae MCAL/Timer/timer.o

.debug_frame    0x00000000      0x3e8
 *(.debug_frame)
 .debug_frame   0x00000000       0x98 HAL/ICU/ICU.o
 .debug_frame   0x00000098       0x24 main.o
 .debug_frame   0x000000bc       0xbc MCAL/Communication/SPI/spi.o
 .debug_frame   0x00000178       0xf4 MCAL/Communication/UART/uart.o
 .debug_frame   0x0000026c      0x17c MCAL/Timer/timer.o

.debug_str      0x00000000      0xb70
 *(.debug_str)
 .debug_str     0x00000000      0x196 C:/Program Files/Atmel/Studio/7.0/Packs/atmel/ATmega_DFP/1.3.300/gcc/dev/atmega32/avr5/crtatmega32.o
 .debug_str     0x00000196      0x44b HAL/ICU/ICU.o
                                0x484 (size before relaxing)
 .debug_str     0x000005e1       0x11 main.o
                                0x165 (size before relaxing)
 .debug_str     0x000005f2      0x2b7 MCAL/Communication/SPI/spi.o
                                0x5e1 (size before relaxing)
 .debug_str     0x000008a9      0x189 MCAL/Communication/UART/uart.o
                                0x474 (size before relaxing)
 .debug_str     0x00000a32      0x13e MCAL/Timer/timer.o
                                0x4c4 (size before relaxing)

.debug_loc      0x00000000      0xc5a
 *(.debug_loc)
 .debug_loc     0x00000000      0x1d2 HAL/ICU/ICU.o
 .debug_loc     0x000001d2      0x13d MCAL/Communication/SPI/spi.o
 .debug_loc     0x0000030f      0x1be MCAL/Communication/UART/uart.o
 .debug_loc     0x000004cd      0x78d MCAL/Timer/timer.o

.debug_macinfo
 *(.debug_macinfo)

.debug_weaknames
 *(.debug_weaknames)

.debug_funcnames
 *(.debug_funcnames)

.debug_typenames
 *(.debug_typenames)

.debug_varnames
 *(.debug_varnames)

.debug_pubtypes
 *(.debug_pubtypes)

.debug_ranges   0x00000000      0x118
 *(.debug_ranges)
 .debug_ranges  0x00000000       0x20 HAL/ICU/ICU.o
 .debug_ranges  0x00000020       0x10 main.o
 .debug_ranges  0x00000030       0x38 MCAL/Communication/SPI/spi.o
 .debug_ranges  0x00000068       0x30 MCAL/Communication/UART/uart.o
 .debug_ranges  0x00000098       0x80 MCAL/Timer/timer.o

.debug_macro
 *(.debug_macro)
OUTPUT(Tester_.elf elf32-avr)
LOAD linker stubs
